[    0.000000] microcode: microcode updated early to revision 0x42e, date = 2019-03-14
[    0.000000] Linux version 5.4.0 (root@cpu-server.memliner-c6220.cloudprof-pg0.apt.emulab.net) (gcc version 5.5.0 20171010 (Ubuntu 5.5.0-12ubuntu1)) #1 SMP Thu Feb 16 21:27:24 MST 2023
[    0.000000] Command line: BOOT_IMAGE=/boot/vmlinuz-5.4.0 root=UUID=5fac4c69-51f6-47af-9773-a0d722426942 ro console=ttyS1,115200
[    0.000000] KERNEL supported cpus:
[    0.000000]   Intel GenuineIntel
[    0.000000]   AMD AuthenticAMD
[    0.000000]   Hygon HygonGenuine
[    0.000000]   Centaur CentaurHauls
[    0.000000]   zhaoxin   Shanghai  
[    0.000000] x86/fpu: Supporting XSAVE feature 0x001: 'x87 floating point registers'
[    0.000000] x86/fpu: Supporting XSAVE feature 0x002: 'SSE registers'
[    0.000000] x86/fpu: Supporting XSAVE feature 0x004: 'AVX registers'
[    0.000000] x86/fpu: xstate_offset[2]:  576, xstate_sizes[2]:  256
[    0.000000] x86/fpu: Enabled xstate features 0x7, context size is 832 bytes, using 'standard' format.
[    0.000000] BIOS-provided physical RAM map:
[    0.000000] BIOS-e820: [mem 0x0000000000000000-0x000000000009dfff] usable
[    0.000000] BIOS-e820: [mem 0x000000000009e000-0x000000000009ffff] reserved
[    0.000000] BIOS-e820: [mem 0x00000000000e0000-0x00000000000fffff] reserved
[    0.000000] BIOS-e820: [mem 0x0000000000100000-0x00000000783d5fff] usable
[    0.000000] BIOS-e820: [mem 0x00000000783d6000-0x00000000797d5fff] reserved
[    0.000000] BIOS-e820: [mem 0x00000000797d6000-0x000000007e2fefff] usable
[    0.000000] BIOS-e820: [mem 0x000000007e2ff000-0x000000007eafefff] reserved
[    0.000000] BIOS-e820: [mem 0x000000007eaff000-0x000000007eefefff] ACPI NVS
[    0.000000] BIOS-e820: [mem 0x000000007eeff000-0x000000007effefff] ACPI data
[    0.000000] BIOS-e820: [mem 0x000000007efff000-0x000000007effffff] usable
[    0.000000] BIOS-e820: [mem 0x000000007f000000-0x000000008fffffff] reserved
[    0.000000] BIOS-e820: [mem 0x00000000feb00000-0x00000000feb03fff] reserved
[    0.000000] BIOS-e820: [mem 0x00000000fec00000-0x00000000fec00fff] reserved
[    0.000000] BIOS-e820: [mem 0x00000000fed18000-0x00000000fed18fff] reserved
[    0.000000] BIOS-e820: [mem 0x00000000fed1c000-0x00000000fed8ffff] reserved
[    0.000000] BIOS-e820: [mem 0x00000000fee00000-0x00000000fee00fff] reserved
[    0.000000] BIOS-e820: [mem 0x00000000ffc00000-0x00000000ffffffff] reserved
[    0.000000] BIOS-e820: [mem 0x0000000100000000-0x000000107fffffff] usable
[    0.000000] NX (Execute Disable) protection: active
[    0.000000] SMBIOS 2.7 present.
[    0.000000] DMI: Dell Inc. PowerEdge C6220 II/09N44V, BIOS 2.3.1 01/02/2014
[    0.000000] tsc: Fast TSC calibration using PIT
[    0.000000] tsc: Detected 2600.065 MHz processor
[    0.001870] e820: update [mem 0x00000000-0x00000fff] usable ==> reserved
[    0.001871] e820: remove [mem 0x000a0000-0x000fffff] usable
[    0.001878] last_pfn = 0x1080000 max_arch_pfn = 0x400000000
[    0.001885] MTRR default type: uncachable
[    0.001886] MTRR fixed ranges enabled:
[    0.001887]   00000-9FFFF write-back
[    0.001888]   A0000-BFFFF uncachable
[    0.001889]   C0000-EFFFF write-protect
[    0.001890]   F0000-FFFFF write-combining
[    0.001890] MTRR variable ranges enabled:
[    0.001892]   0 base 000000000000 mask 3FFFC0000000 write-back
[    0.001893]   1 base 0000FFC00000 mask 3FFFFFC00000 write-protect
[    0.001893]   2 base 000040000000 mask 3FFFC0000000 write-back
[    0.001894]   3 disabled
[    0.001895]   4 base 000100000000 mask 3FFF00000000 write-back
[    0.001896]   5 base 000200000000 mask 3FFE00000000 write-back
[    0.001896]   6 base 000400000000 mask 3FFC00000000 write-back
[    0.001897]   7 base 000800000000 mask 3FF800000000 write-back
[    0.001898]   8 base 001000000000 mask 3FFF80000000 write-back
[    0.001898]   9 disabled
[    0.002424] x86/PAT: Configuration [0-7]: WB  WC  UC- UC  WB  WP  UC- WT  
[    0.003154] last_pfn = 0x7f000 max_arch_pfn = 0x400000000
[    0.013762] found SMP MP-table at [mem 0x000fe1b0-0x000fe1bf]
[    0.014681] check: Scanning 1 areas for low memory corruption
[    0.014687] Using GB pages for direct mapping
[    0.014691] BRK [0xf86401000, 0xf86401fff] PGTABLE
[    0.014695] BRK [0xf86402000, 0xf86402fff] PGTABLE
[    0.014696] BRK [0xf86403000, 0xf86403fff] PGTABLE
[    0.014752] BRK [0xf86404000, 0xf86404fff] PGTABLE
[    0.014856] BRK [0xf86405000, 0xf86405fff] PGTABLE
[    0.014895] BRK [0xf86406000, 0xf86406fff] PGTABLE
[    0.014936] BRK [0xf86407000, 0xf86407fff] PGTABLE
[    0.014992] BRK [0xf86408000, 0xf86408fff] PGTABLE
[    0.015045] BRK [0xf86409000, 0xf86409fff] PGTABLE
[    0.015106] RAMDISK: [mem 0x30677000-0x34332fff]
[    0.015115] ACPI: Early table checksum verification disabled
[    0.015123] ACPI: RSDP 0x00000000000FE020 000024 (v02 DELL  )
[    0.015127] ACPI: XSDT 0x000000007EFFE170 0000AC (v01 DELL   DCSRADON 00000001      01000013)
[    0.015135] ACPI: FACP 0x000000007EFFA000 00010C (v05 DELL   DCSRADON 00000001 DELL 00040000)
[    0.015142] ACPI: DSDT 0x000000007EFEA000 00BDBD (v01 DELL   DCSRADON 00000000 DELL 00040000)
[    0.015145] ACPI: FACS 0x000000007EDA0000 000040
[    0.015148] ACPI: UEFI 0x000000007EFFD000 000236 (v01 DELL   DCSRADON 00000001 DELL 00040000)
[    0.015151] ACPI: SPMI 0x000000007EFFC000 000040 (v05 DELL   DCSRADON 00000001 DELL 00040000)
[    0.015154] ACPI: BOOT 0x000000007EFFB000 000028 (v01 DELL   DCSRADON 00000001 DELL 00040000)
[    0.015157] ACPI: APIC 0x000000007EFF8000 000436 (v03 DELL   DCSRADON 00000001 DELL 00040000)
[    0.015160] ACPI: MCFG 0x000000007EFF7000 00003C (v01 DELL   DCSRADON 00000001 DELL 00040000)
[    0.015164] ACPI: SLIC 0x000000007EFF6000 000176 (v01 DELL   DCSRADON 00000001 DELL 00040000)
[    0.015167] ACPI: SRAT 0x000000007EFE8000 0002A8 (v02 DELL   DCSRADON 00000001 DELL 00040000)
[    0.015170] ACPI: SLIT 0x000000007EFE7000 00003C (v01 DELL   DCSRADON 00000001 DELL 00040000)
[    0.015173] ACPI: BDAT 0x000000007EFE6000 000030 (v01 DELL   DCSRADON 00000001 DELL 00040000)
[    0.015176] ACPI: PRAD 0x000000007EFE5000 0000BC (v02 PRADID PRADTID  00000001 ACPI 00040000)
[    0.015179] ACPI: FPDT 0x000000007EFE3000 000044 (v01 DELL   DCSRADON 00000001 DELL 00040000)
[    0.015182] ACPI: SSDT 0x000000007EF0F000 0D3668 (v02 DELL   DCSRADON 00004000 DELL 00040000)
[    0.015185] ACPI: HPET 0x000000007EFF9000 000038 (v01 DELL   DCSRADON 00000001 DELL 00040000)
[    0.015188] ACPI: WDAT 0x000000007EF0E000 000194 (v01 DELL   DCSRADON 00000001 DELL 00040000)
[    0.015191] ACPI: DMAR 0x000000007EF0D000 0000E0 (v01 INSYDE Romley   00000001 ACPI 00000001)
[    0.015194] ACPI: SPCR 0x000000007EFE9000 000050 (v01 DELL   DCSRADON 00000001 DELL 00040000)
[    0.015206] ACPI: Local APIC address 0xfee00000
[    0.015250] SRAT: PXM 0 -> APIC 0x00 -> Node 0
[    0.015251] SRAT: PXM 0 -> APIC 0x01 -> Node 0
[    0.015252] SRAT: PXM 0 -> APIC 0x02 -> Node 0
[    0.015253] SRAT: PXM 0 -> APIC 0x03 -> Node 0
[    0.015254] SRAT: PXM 0 -> APIC 0x04 -> Node 0
[    0.015255] SRAT: PXM 0 -> APIC 0x05 -> Node 0
[    0.015256] SRAT: PXM 0 -> APIC 0x06 -> Node 0
[    0.015256] SRAT: PXM 0 -> APIC 0x07 -> Node 0
[    0.015257] SRAT: PXM 0 -> APIC 0x08 -> Node 0
[    0.015258] SRAT: PXM 0 -> APIC 0x09 -> Node 0
[    0.015259] SRAT: PXM 0 -> APIC 0x0a -> Node 0
[    0.015260] SRAT: PXM 0 -> APIC 0x0b -> Node 0
[    0.015261] SRAT: PXM 0 -> APIC 0x0c -> Node 0
[    0.015261] SRAT: PXM 0 -> APIC 0x0d -> Node 0
[    0.015262] SRAT: PXM 0 -> APIC 0x0e -> Node 0
[    0.015263] SRAT: PXM 0 -> APIC 0x0f -> Node 0
[    0.015264] SRAT: PXM 1 -> APIC 0x20 -> Node 1
[    0.015265] SRAT: PXM 1 -> APIC 0x21 -> Node 1
[    0.015266] SRAT: PXM 1 -> APIC 0x22 -> Node 1
[    0.015267] SRAT: PXM 1 -> APIC 0x23 -> Node 1
[    0.015267] SRAT: PXM 1 -> APIC 0x24 -> Node 1
[    0.015268] SRAT: PXM 1 -> APIC 0x25 -> Node 1
[    0.015269] SRAT: PXM 1 -> APIC 0x26 -> Node 1
[    0.015270] SRAT: PXM 1 -> APIC 0x27 -> Node 1
[    0.015271] SRAT: PXM 1 -> APIC 0x28 -> Node 1
[    0.015272] SRAT: PXM 1 -> APIC 0x29 -> Node 1
[    0.015272] SRAT: PXM 1 -> APIC 0x2a -> Node 1
[    0.015273] SRAT: PXM 1 -> APIC 0x2b -> Node 1
[    0.015274] SRAT: PXM 1 -> APIC 0x2c -> Node 1
[    0.015275] SRAT: PXM 1 -> APIC 0x2d -> Node 1
[    0.015276] SRAT: PXM 1 -> APIC 0x2e -> Node 1
[    0.015277] SRAT: PXM 1 -> APIC 0x2f -> Node 1
[    0.015280] ACPI: SRAT: Node 0 PXM 0 [mem 0x00000000-0x7fffffff]
[    0.015281] ACPI: SRAT: Node 0 PXM 0 [mem 0x100000000-0x87fffffff]
[    0.015282] ACPI: SRAT: Node 1 PXM 1 [mem 0x880000000-0x107fffffff]
[    0.015289] NUMA: Initialized distance table, cnt=2
[    0.015292] NUMA: Node 0 [mem 0x00000000-0x7fffffff] + [mem 0x100000000-0x87fffffff] -> [mem 0x00000000-0x87fffffff]
[    0.015303] NODE_DATA(0) allocated [mem 0x87ffd5000-0x87fffffff]
[    0.015337] NODE_DATA(1) allocated [mem 0x107ffd4000-0x107fffefff]
[    0.015644] Zone ranges:
[    0.015645]   DMA      [mem 0x0000000000001000-0x0000000000ffffff]
[    0.015647]   DMA32    [mem 0x0000000001000000-0x00000000ffffffff]
[    0.015648]   Normal   [mem 0x0000000100000000-0x000000107fffffff]
[    0.015649]   Device   empty
[    0.015650] Movable zone start for each node
[    0.015654] Early memory node ranges
[    0.015655]   node   0: [mem 0x0000000000001000-0x000000000009dfff]
[    0.015657]   node   0: [mem 0x0000000000100000-0x00000000783d5fff]
[    0.015658]   node   0: [mem 0x00000000797d6000-0x000000007e2fefff]
[    0.015659]   node   0: [mem 0x000000007efff000-0x000000007effffff]
[    0.015660]   node   0: [mem 0x0000000100000000-0x000000087fffffff]
[    0.015663]   node   1: [mem 0x0000000880000000-0x000000107fffffff]
[    0.015864] Zeroed struct page in unavailable ranges: 12643 pages
[    0.015865] Initmem setup node 0 [mem 0x0000000000001000-0x000000087fffffff]
[    0.015867] On node 0 totalpages: 8375965
[    0.015869]   DMA zone: 64 pages used for memmap
[    0.015869]   DMA zone: 44 pages reserved
[    0.015870]   DMA zone: 3997 pages, LIFO batch:0
[    0.015964]   DMA32 zone: 7932 pages used for memmap
[    0.015964]   DMA32 zone: 507648 pages, LIFO batch:63
[    0.026173]   Normal zone: 122880 pages used for memmap
[    0.026175]   Normal zone: 7864320 pages, LIFO batch:63
[    0.142538] Initmem setup node 1 [mem 0x0000000880000000-0x000000107fffffff]
[    0.142543] On node 1 totalpages: 8388608
[    0.142545]   Normal zone: 131072 pages used for memmap
[    0.142546]   Normal zone: 8388608 pages, LIFO batch:63
[    0.286952] ACPI: PM-Timer IO Port: 0x408
[    0.286959] ACPI: Local APIC address 0xfee00000
[    0.286974] ACPI: X2APIC_NMI (uid[0xffffffff] high edge lint[0x1])
[    0.286977] ACPI: LAPIC_NMI (acpi_id[0xff] high edge lint[0x1])
[    0.286990] IOAPIC[0]: apic_id 8, version 32, address 0xfec00000, GSI 0-23
[    0.286994] IOAPIC[1]: apic_id 9, version 32, address 0xfec01000, GSI 24-47
[    0.286999] IOAPIC[2]: apic_id 10, version 32, address 0xfec40000, GSI 48-71
[    0.287002] ACPI: INT_SRC_OVR (bus 0 bus_irq 0 global_irq 2 dfl dfl)
[    0.287005] ACPI: INT_SRC_OVR (bus 0 bus_irq 9 global_irq 9 high level)
[    0.287007] ACPI: IRQ0 used by override.
[    0.287009] ACPI: IRQ9 used by override.
[    0.287012] Using ACPI (MADT) for SMP configuration information
[    0.287014] ACPI: HPET id: 0x8086a701 base: 0xfed00000
[    0.287021] ACPI: SPCR: SPCR table version 1
[    0.287023] ACPI: SPCR: console: uart,io,0x2f8,115200
[    0.287028] smpboot: Allowing 32 CPUs, 0 hotplug CPUs
[    0.287052] PM: Registered nosave memory: [mem 0x00000000-0x00000fff]
[    0.287054] PM: Registered nosave memory: [mem 0x0009e000-0x0009ffff]
[    0.287055] PM: Registered nosave memory: [mem 0x000a0000-0x000dffff]
[    0.287056] PM: Registered nosave memory: [mem 0x000e0000-0x000fffff]
[    0.287058] PM: Registered nosave memory: [mem 0x783d6000-0x797d5fff]
[    0.287060] PM: Registered nosave memory: [mem 0x7e2ff000-0x7eafefff]
[    0.287061] PM: Registered nosave memory: [mem 0x7eaff000-0x7eefefff]
[    0.287062] PM: Registered nosave memory: [mem 0x7eeff000-0x7effefff]
[    0.287064] PM: Registered nosave memory: [mem 0x7f000000-0x8fffffff]
[    0.287065] PM: Registered nosave memory: [mem 0x90000000-0xfeafffff]
[    0.287066] PM: Registered nosave memory: [mem 0xfeb00000-0xfeb03fff]
[    0.287067] PM: Registered nosave memory: [mem 0xfeb04000-0xfebfffff]
[    0.287067] PM: Registered nosave memory: [mem 0xfec00000-0xfec00fff]
[    0.287068] PM: Registered nosave memory: [mem 0xfec01000-0xfed17fff]
[    0.287069] PM: Registered nosave memory: [mem 0xfed18000-0xfed18fff]
[    0.287070] PM: Registered nosave memory: [mem 0xfed19000-0xfed1bfff]
[    0.287071] PM: Registered nosave memory: [mem 0xfed1c000-0xfed8ffff]
[    0.287072] PM: Registered nosave memory: [mem 0xfed90000-0xfedfffff]
[    0.287073] PM: Registered nosave memory: [mem 0xfee00000-0xfee00fff]
[    0.287073] PM: Registered nosave memory: [mem 0xfee01000-0xffbfffff]
[    0.287074] PM: Registered nosave memory: [mem 0xffc00000-0xffffffff]
[    0.287077] [mem 0x90000000-0xfeafffff] available for PCI devices
[    0.287079] Booting paravirtualized kernel on bare hardware
[    0.287084] clocksource: refined-jiffies: mask: 0xffffffff max_cycles: 0xffffffff, max_idle_ns: 7645519600211568 ns
[    0.287092] setup_percpu: NR_CPUS:8192 nr_cpumask_bits:32 nr_cpu_ids:32 nr_node_ids:2
[    0.289446] percpu: Embedded 54 pages/cpu s184320 r8192 d28672 u262144
[    0.289455] pcpu-alloc: s184320 r8192 d28672 u262144 alloc=1*2097152
[    0.289456] pcpu-alloc: [0] 00 01 02 03 04 05 06 07 [0] 16 17 18 19 20 21 22 23 
[    0.289460] pcpu-alloc: [1] 08 09 10 11 12 13 14 15 [1] 24 25 26 27 28 29 30 31 
[    0.289507] Built 2 zonelists, mobility grouping on.  Total pages: 16502581
[    0.289508] Policy zone: Normal
[    0.289510] Kernel command line: BOOT_IMAGE=/boot/vmlinuz-5.4.0 root=UUID=5fac4c69-51f6-47af-9773-a0d722426942 ro console=ttyS1,115200
[    0.289923] mem auto-init: stack:off, heap alloc:on, heap free:off
[    0.302421] Calgary: detecting Calgary via BIOS EBDA area
[    0.302435] Calgary: Unable to locate Rio Grande table in EBDA - bailing!
[    0.509470] Memory: 65841252K/67058292K available (14339K kernel code, 2380K rwdata, 4756K rodata, 2680K init, 5044K bss, 1217040K reserved, 0K cma-reserved)
[    0.509856] SLUB: HWalign=64, Order=0-3, MinObjects=0, CPUs=32, Nodes=2
[    0.509881] Kernel/User page tables isolation: enabled
[    0.509913] ftrace: allocating 43540 entries in 171 pages
[    0.527901] rcu: Hierarchical RCU implementation.
[    0.527903] rcu: 	RCU restricting CPUs from NR_CPUS=8192 to nr_cpu_ids=32.
[    0.527904] 	Tasks RCU enabled.
[    0.527905] rcu: RCU calculated value of scheduler-enlistment delay is 25 jiffies.
[    0.527906] rcu: Adjusting geometry for rcu_fanout_leaf=16, nr_cpu_ids=32
[    0.531205] NR_IRQS: 524544, nr_irqs: 1496, preallocated irqs: 16
[    0.531491] random: crng done (trusting CPU's manufacturer)
[    0.538390] Console: colour VGA+ 80x25
[    3.974345] printk: console [ttyS1] enabled
[    3.984819] mempolicy: Enabling automatic NUMA balancing. Configure with numa_balancing= or the kernel.numa_balancing sysctl
[    4.024527] ACPI: Core revision 20190816
[    4.035576] clocksource: hpet: mask: 0xffffffff max_cycles: 0xffffffff, max_idle_ns: 133484882848 ns
[    4.064587] APIC: Switch to symmetric I/O mode setup
[    4.084182] DMAR: Host address width 46
[    4.094368] DMAR: DRHD base: 0x000000fbffe000 flags: 0x0
[    4.113958] DMAR: dmar0: reg_base_addr fbffe000 ver 1:0 cap d2078c106f0466 ecap f020de
[    4.134705] DMAR: DRHD base: 0x000000ebffc000 flags: 0x1
[    4.154351] DMAR: dmar1: reg_base_addr ebffc000 ver 1:0 cap d2078c106f0466 ecap f020de
[    4.174794] DMAR: RMRR base: 0x0000007ea8b000 end: 0x0000007ea93fff
[    4.194748] DMAR-IR: IOAPIC id 10 under DRHD base  0xfbffe000 IOMMU 0
[    4.223927] DMAR-IR: IOAPIC id 8 under DRHD base  0xebffc000 IOMMU 1
[    4.243955] DMAR-IR: IOAPIC id 9 under DRHD base  0xebffc000 IOMMU 1
[    4.263967] DMAR-IR: HPET id 0 under DRHD base 0xebffc000
[    4.274768] DMAR-IR: Queued invalidation will be enabled to support x2apic and Intr-remapping.
[    4.304973] DMAR-IR: Enabled IRQ remapping in x2apic mode
[    4.323954] x2apic enabled
[    4.324914] Switched APIC routing to cluster x2apic.
[    4.345208] ..TIMER: vector=0x30 apic1=0 pin1=2 apic2=-1 pin2=-1
[    4.380580] clocksource: tsc-early: mask: 0xffffffffffffffff max_cycles: 0x257a79941fb, max_idle_ns: 440795276807 ns
[    4.404112] Calibrating delay loop (skipped), value calculated using timer frequency.. 5200.13 BogoMIPS (lpj=10400260)
[    4.408111] pid_max: default: 32768 minimum: 301
[    4.412186] LSM: Security Framework initializing
[    4.416126] Yama: becoming mindful.
[    4.420279] AppArmor: AppArmor initialized
[    4.438047] Dentry cache hash table entries: 8388608 (order: 14, 67108864 bytes, vmalloc)
[    4.448678] Inode-cache hash table entries: 4194304 (order: 13, 33554432 bytes, vmalloc)
[    4.452396] Mount-cache hash table entries: 131072 (order: 8, 1048576 bytes, vmalloc)
[    4.456323] Mountpoint-cache hash table entries: 131072 (order: 8, 1048576 bytes, vmalloc)
[    4.460153] *** VALIDATE tmpfs ***
[    4.464359] *** VALIDATE proc ***
[    4.468233] *** VALIDATE cgroup1 ***
[    4.472114] *** VALIDATE cgroup2 ***
[    4.476209] mce: CPU0: Thermal monitoring enabled (TM1)
[    4.480156] process: using mwait in idle threads
[    4.484113] Last level iTLB entries: 4KB 512, 2MB 8, 4MB 8
[    4.488110] Last level dTLB entries: 4KB 512, 2MB 0, 4MB 0, 1GB 4
[    4.492116] Spectre V1 : Mitigation: usercopy/swapgs barriers and __user pointer sanitization
[    4.496112] Spectre V2 : Mitigation: Full generic retpoline
[    4.500110] Spectre V2 : Spectre v2 / SpectreRSB mitigation: Filling RSB on context switch
[    4.504110] Spectre V2 : Enabling Restricted Speculation for firmware calls
[    4.508112] Spectre V2 : mitigation: Enabling conditional Indirect Branch Prediction Barrier
[    4.512110] Spectre V2 : User space: Mitigation: STIBP via seccomp and prctl
[    4.516111] Speculative Store Bypass: Mitigation: Speculative Store Bypass disabled via prctl and seccomp
[    4.520114] MDS: Mitigation: Clear CPU buffers
[    4.528112] Freeing SMP alternatives memory: 40K
[    4.540299] TSC deadline timer enabled
[    4.540306] smpboot: CPU0: Intel(R) Xeon(R) CPU E5-2650 v2 @ 2.60GHz (family: 0x6, model: 0x3e, stepping: 0x4)
[    4.544347] Performance Events: PEBS fmt1+, IvyBridge events, 16-deep LBR, full-width counters, Intel PMU driver.
[    4.548113] ... version:                3
[    4.552110] ... bit width:              48
[    4.556110] ... generic registers:      4
[    4.560111] ... value mask:             0000ffffffffffff
[    4.564110] ... max period:             00007fffffffffff
[    4.568110] ... fixed-purpose events:   3
[    4.572110] ... event mask:             000000070000000f
[    4.576180] rcu: Hierarchical SRCU implementation.
[    4.583191] NMI watchdog: Enabled. Permanently consumes one hw-PMU counter.
[    4.584628] smp: Bringing up secondary CPUs ...
[    4.588267] x86: Booting SMP configuration:
[    4.592114] .... node  #0, CPUs:        #1  #2  #3  #4  #5  #6  #7
[    4.628113] .... node  #1, CPUs:    #8
[    3.792664] smpboot: CPU 8 Converting physical 0 to logical die 1
[    4.748322]   #9 #10 #11 #12 #13 #14 #15
[    4.792112] .... node  #0, CPUs:   #16
[    4.795419] MDS CPU bug present and SMT on, data leak possible. See https://www.kernel.org/doc/html/latest/admin-guide/hw-vuln/mds.html for more details.
[    4.800327]  #17 #18 #19 #20 #21 #22 #23
[    4.820113] .... node  #1, CPUs:   #24 #25 #26 #27 #28 #29 #30 #31
[    4.852324] smp: Brought up 2 nodes, 32 CPUs
[    4.860111] smpboot: Max logical packages: 2
[    4.864112] smpboot: Total of 32 processors activated (166432.28 BogoMIPS)
[    4.875213] devtmpfs: initialized
[    4.884243] x86/mm: Memory block size: 2048MB
[    4.896238] PM: Registering ACPI NVS region [mem 0x7eaff000-0x7eefefff] (4194304 bytes)
[    4.924502] clocksource: jiffies: mask: 0xffffffff max_cycles: 0xffffffff, max_idle_ns: 7645041785100000 ns
[    4.952362] futex hash table entries: 8192 (order: 7, 524288 bytes, vmalloc)
[    4.972644] pinctrl core: initialized pinctrl subsystem
[    4.992346] PM: RTC time: 16:20:59, date: 2023-02-17
[    5.004577] NET: Registered protocol family 16
[    5.024324] audit: initializing netlink subsys (disabled)
[    5.032154] audit: type=2000 audit(1676650854.712:1): state=initialized audit_enabled=0 res=1
[    5.032434] EISA bus registered
[    5.072148] cpuidle: using governor ladder
[    5.084172] cpuidle: using governor menu
[    5.092178] Simple Boot Flag at 0x44 set to 0x1
[    5.112147] ACPI FADT declares the system doesn't support PCIe ASPM, so disable it
[    5.132114] ACPI: bus type PCI registered
[    5.152115] acpiphp: ACPI Hot Plug PCI Controller Driver version: 0.5
[    5.172319] PCI: MMCONFIG for domain 0000 [bus 00-ff] at [mem 0x80000000-0x8fffffff] (base 0x80000000)
[    5.204159] PCI: MMCONFIG at [mem 0x80000000-0x8fffffff] reserved in E820
[    5.224150] PCI: Using configuration type 1 for base access
[    5.244192] core: PMU erratum BJ122, BV98, HSD29 worked around, HT is on
[    5.270537] HugeTLB registered 1.00 GiB page size, pre-allocated 0 pages
[    5.284119] HugeTLB registered 2.00 MiB page size, pre-allocated 0 pages
[    5.312543] ACPI: Added _OSI(Module Device)
[    5.324121] ACPI: Added _OSI(Processor Device)
[    5.332114] ACPI: Added _OSI(3.0 _SCP Extensions)
[    5.344114] ACPI: Added _OSI(Processor Aggregator Device)
[    5.364114] ACPI: Added _OSI(Linux-Dell-Video)
[    5.384114] ACPI: Added _OSI(Linux-Lenovo-NV-HDMI-Audio)
[    5.392113] ACPI: Added _OSI(Linux-HPI-Hybrid-Graphics)
[    5.826551] ACPI: 2 ACPI AML tables successfully acquired and loaded
[    5.893517] ACPI: Dynamic OEM Table Load:
[    5.953059] ACPI: Interpreter enabled
[    5.954738] ACPI: (supports S0 S4 S5)
[    5.964115] ACPI: Using IOAPIC for interrupt routing
[    5.984245] PCI: Using host bridge windows from ACPI; if necessary, use "pci=nocrs" and report a bug
[    6.013633] ACPI: Enabled 10 GPEs in block 00 to 3F
[    6.078110] ACPI: PCI Root Bridge [PCI0] (domain 0000 [bus 00-7e])
[    6.084126] acpi PNP0A08:00: _OSC: OS supports [ExtendedConfig ASPM ClockPM Segments MSI HPX-Type3]
[    6.113458] acpi PNP0A08:00: _OSC: OS now controls [PCIeHotplug SHPCHotplug PME AER PCIeCapability LTR]
[    6.144521] acpi PNP0A08:00: FADT indicates ASPM is unsupported, using BIOS configuration
[    6.172188] PCI host bridge to bus 0000:00
[    6.184118] pci_bus 0000:00: root bus resource [io  0x0000-0x0cf7 window]
[    6.212115] pci_bus 0000:00: root bus resource [io  0x1000-0xdfff window]
[    6.232117] pci_bus 0000:00: root bus resource [mem 0x000a0000-0x000bffff window]
[    6.252115] pci_bus 0000:00: root bus resource [mem 0x90000000-0xebffefff window]
[    6.272115] pci_bus 0000:00: root bus resource [bus 00-7e]
[    6.292139] pci 0000:00:00.0: [8086:0e00] type 00 class 0x060000
[    6.312237] pci 0000:00:00.0: PME# supported from D0 D3hot D3cold
[    6.332338] pci 0000:00:01.0: [8086:0e02] type 01 class 0x060400
[    6.352249] pci 0000:00:01.0: PME# supported from D0 D3hot D3cold
[    6.372393] pci 0000:00:02.0: [8086:0e04] type 01 class 0x060400
[    6.392251] pci 0000:00:02.0: PME# supported from D0 D3hot D3cold
[    6.412370] pci 0000:00:04.0: [8086:0e20] type 00 class 0x088000
[    6.432142] pci 0000:00:04.0: reg 0x10: [mem 0x91400000-0x91403fff 64bit]
[    6.452397] pci 0000:00:04.1: [8086:0e21] type 00 class 0x088000
[    6.472140] pci 0000:00:04.1: reg 0x10: [mem 0x91404000-0x91407fff 64bit]
[    6.492384] pci 0000:00:04.2: [8086:0e22] type 00 class 0x088000
[    6.512142] pci 0000:00:04.2: reg 0x10: [mem 0x91408000-0x9140bfff 64bit]
[    6.532384] pci 0000:00:04.3: [8086:0e23] type 00 class 0x088000
[    6.552139] pci 0000:00:04.3: reg 0x10: [mem 0x9140c000-0x9140ffff 64bit]
[    6.580387] pci 0000:00:04.4: [8086:0e24] type 00 class 0x088000
[    6.600139] pci 0000:00:04.4: reg 0x10: [mem 0x91410000-0x91413fff 64bit]
[    6.620396] pci 0000:00:04.5: [8086:0e25] type 00 class 0x088000
[    6.640141] pci 0000:00:04.5: reg 0x10: [mem 0x91414000-0x91417fff 64bit]
[    6.660384] pci 0000:00:04.6: [8086:0e26] type 00 class 0x088000
[    6.680139] pci 0000:00:04.6: reg 0x10: [mem 0x91418000-0x9141bfff 64bit]
[    6.700388] pci 0000:00:04.7: [8086:0e27] type 00 class 0x088000
[    6.720139] pci 0000:00:04.7: reg 0x10: [mem 0x9141c000-0x9141ffff 64bit]
[    6.740382] pci 0000:00:05.0: [8086:0e28] type 00 class 0x088000
[    6.760422] pci 0000:00:05.1: [8086:0e29] type 00 class 0x088000
[    6.780407] pci 0000:00:05.2: [8086:0e2a] type 00 class 0x088000
[    6.800375] pci 0000:00:05.4: [8086:0e2c] type 00 class 0x080020
[    6.820134] pci 0000:00:05.4: reg 0x10: [mem 0x91427000-0x91427fff]
[    6.840396] pci 0000:00:11.0: [8086:1d3e] type 01 class 0x060400
[    6.860263] pci 0000:00:11.0: PME# supported from D0 D3hot D3cold
[    6.880384] pci 0000:00:16.0: [8086:1d3a] type 00 class 0x078000
[    6.900144] pci 0000:00:16.0: reg 0x10: [mem 0x91420000-0x9142000f 64bit]
[    6.920205] pci 0000:00:16.0: PME# supported from D0 D3hot D3cold
[    6.940328] pci 0000:00:16.1: [8086:1d3b] type 00 class 0x078000
[    6.960143] pci 0000:00:16.1: reg 0x10: [mem 0x91421000-0x9142100f 64bit]
[    6.980202] pci 0000:00:16.1: PME# supported from D0 D3hot D3cold
[    7.000344] pci 0000:00:1a.0: [8086:1d2d] type 00 class 0x0c0320
[    7.021424] pci 0000:00:1a.0: reg 0x10: [mem 0x91426000-0x914263ff]
[    7.044083] pci 0000:00:1a.0: PME# supported from D0 D3hot D3cold
[    7.060340] pci 0000:00:1c.0: [8086:1d10] type 01 class 0x060400
[    7.080246] pci 0000:00:1c.0: PME# supported from D0 D3hot D3cold
[    7.092371] pci 0000:00:1d.0: [8086:1d26] type 00 class 0x0c0320
[    7.113450] pci 0000:00:1d.0: reg 0x10: [mem 0x91425000-0x914253ff]
[    7.136074] pci 0000:00:1d.0: PME# supported from D0 D3hot D3cold
[    7.152335] pci 0000:00:1e.0: [8086:244e] type 01 class 0x060401
[    7.172414] pci 0000:00:1f.0: [8086:1d41] type 00 class 0x060100
[    7.192458] pci 0000:00:1f.2: [8086:1d02] type 00 class 0x010601
[    7.212140] pci 0000:00:1f.2: reg 0x10: [io  0x4048-0x404f]
[    7.232123] pci 0000:00:1f.2: reg 0x14: [io  0x4054-0x4057]
[    7.252123] pci 0000:00:1f.2: reg 0x18: [io  0x4040-0x4047]
[    7.272122] pci 0000:00:1f.2: reg 0x1c: [io  0x4050-0x4053]
[    7.292122] pci 0000:00:1f.2: reg 0x20: [io  0x4020-0x403f]
[    7.300122] pci 0000:00:1f.2: reg 0x24: [mem 0x91424000-0x914247ff]
[    7.320177] pci 0000:00:1f.2: PME# supported from D3hot
[    7.340346] pci 0000:00:1f.3: [8086:1d22] type 00 class 0x0c0500
[    7.360139] pci 0000:00:1f.3: reg 0x10: [mem 0x91422000-0x914220ff 64bit]
[    7.380141] pci 0000:00:1f.3: reg 0x20: [io  0x4000-0x401f]
[    7.400440] pci 0000:02:00.0: [8086:1521] type 00 class 0x020000
[    7.420140] pci 0000:02:00.0: reg 0x10: [mem 0x91320000-0x9133ffff]
[    7.440131] pci 0000:02:00.0: reg 0x18: [io  0x3020-0x303f]
[    7.460124] pci 0000:02:00.0: reg 0x1c: [mem 0x91344000-0x91347fff]
[    7.480219] pci 0000:02:00.0: PME# supported from D0 D3hot D3cold
[    7.500144] pci 0000:02:00.0: reg 0x184: [mem 0x00000000-0x00003fff]
[    7.520115] pci 0000:02:00.0: VF(n) BAR0 space: [mem 0x00000000-0x0001ffff] (contains BAR0 for 8 VFs)
[    7.552132] pci 0000:02:00.0: reg 0x190: [mem 0x00000000-0x00003fff]
[    7.572115] pci 0000:02:00.0: VF(n) BAR3 space: [mem 0x00000000-0x0001ffff] (contains BAR3 for 8 VFs)
[    7.600256] pci 0000:02:00.3: [8086:1521] type 00 class 0x020000
[    7.620139] pci 0000:02:00.3: reg 0x10: [mem 0x91300000-0x9131ffff]
[    7.640131] pci 0000:02:00.3: reg 0x18: [io  0x3000-0x301f]
[    7.660122] pci 0000:02:00.3: reg 0x1c: [mem 0x91340000-0x91343fff]
[    7.680215] pci 0000:02:00.3: PME# supported from D0 D3hot D3cold
[    7.700138] pci 0000:02:00.3: reg 0x184: [mem 0x00000000-0x00003fff]
[    7.720115] pci 0000:02:00.3: VF(n) BAR0 space: [mem 0x00000000-0x0001ffff] (contains BAR0 for 8 VFs)
[    7.752134] pci 0000:02:00.3: reg 0x190: [mem 0x00000000-0x00003fff]
[    7.772115] pci 0000:02:00.3: VF(n) BAR3 space: [mem 0x00000000-0x0001ffff] (contains BAR3 for 8 VFs)
[    7.800247] pci 0000:00:01.0: PCI bridge to [bus 02]
[    7.820118] pci 0000:00:01.0:   bridge window [io  0x3000-0x3fff]
[    7.840117] pci 0000:00:01.0:   bridge window [mem 0x91300000-0x913fffff]
[    7.860218] pci 0000:03:00.0: [8086:154d] type 00 class 0x020000
[    7.880139] pci 0000:03:00.0: reg 0x10: [mem 0x91100000-0x9117ffff 64bit]
[    7.900121] pci 0000:03:00.0: reg 0x18: [io  0x2020-0x203f]
[    7.920138] pci 0000:03:00.0: reg 0x20: [mem 0x91200000-0x91203fff 64bit]
[    7.940122] pci 0000:03:00.0: reg 0x30: [mem 0xfff80000-0xffffffff pref]
[    7.960181] pci 0000:03:00.0: PME# supported from D0 D3hot
[    7.980145] pci 0000:03:00.0: reg 0x184: [mem 0x00000000-0x00003fff 64bit pref]
[    8.000115] pci 0000:03:00.0: VF(n) BAR0 space: [mem 0x00000000-0x000fffff 64bit pref] (contains BAR0 for 64 VFs)
[    8.040128] pci 0000:03:00.0: reg 0x190: [mem 0x00000000-0x00003fff 64bit pref]
[    8.060115] pci 0000:03:00.0: VF(n) BAR3 space: [mem 0x00000000-0x000fffff 64bit pref] (contains BAR3 for 64 VFs)
[    8.092314] pci 0000:03:00.1: [8086:154d] type 00 class 0x020000
[    8.112138] pci 0000:03:00.1: reg 0x10: [mem 0x91180000-0x911fffff 64bit]
[    8.132121] pci 0000:03:00.1: reg 0x18: [io  0x2000-0x201f]
[    8.148131] pci 0000:03:00.1: reg 0x20: [mem 0x91204000-0x91207fff 64bit]
[    8.180125] pci 0000:03:00.1: reg 0x30: [mem 0xfff80000-0xffffffff pref]
[    8.200179] pci 0000:03:00.1: PME# supported from D0 D3hot
[    8.220139] pci 0000:03:00.1: reg 0x184: [mem 0x00000000-0x00003fff 64bit pref]
[    8.240115] pci 0000:03:00.1: VF(n) BAR0 space: [mem 0x00000000-0x000fffff 64bit pref] (contains BAR0 for 64 VFs)
[    8.268128] pci 0000:03:00.1: reg 0x190: [mem 0x00000000-0x00003fff 64bit pref]
[    8.300115] pci 0000:03:00.1: VF(n) BAR3 space: [mem 0x00000000-0x000fffff 64bit pref] (contains BAR3 for 64 VFs)
[    8.328305] pci 0000:00:02.0: PCI bridge to [bus 03]
[    8.348118] pci 0000:00:02.0:   bridge window [io  0x2000-0x2fff]
[    8.368116] pci 0000:00:02.0:   bridge window [mem 0x91100000-0x912fffff]
[    8.388220] pci 0000:00:11.0: PCI bridge to [bus 04]
[    8.408240] pci 0000:05:00.0: [1a03:1150] type 01 class 0x060400
[    8.420325] pci 0000:05:00.0: supports D1 D2
[    8.440114] pci 0000:05:00.0: PME# supported from D0 D1 D2 D3hot D3cold
[    8.460258] pci 0000:00:1c.0: PCI bridge to [bus 05-06]
[    8.480118] pci 0000:00:1c.0:   bridge window [io  0x1000-0x1fff]
[    8.488117] pci 0000:00:1c.0:   bridge window [mem 0x90000000-0x910fffff]
[    8.520187] pci_bus 0000:06: extended config space not accessible
[    8.540163] pci 0000:06:00.0: [1a03:2000] type 00 class 0x030000
[    8.560152] pci 0000:06:00.0: reg 0x10: [mem 0x90000000-0x90ffffff]
[    8.580133] pci 0000:06:00.0: reg 0x14: [mem 0x91000000-0x9101ffff]
[    8.600134] pci 0000:06:00.0: reg 0x18: [io  0x1000-0x107f]
[    8.608260] pci 0000:06:00.0: supports D1 D2
[    8.628115] pci 0000:06:00.0: PME# supported from D0 D1 D2 D3hot D3cold
[    8.648279] pci 0000:05:00.0: PCI bridge to [bus 06]
[    8.668126] pci 0000:05:00.0:   bridge window [io  0x1000-0x1fff]
[    8.680118] pci 0000:05:00.0:   bridge window [mem 0x90000000-0x910fffff]
[    8.708158] pci_bus 0000:07: extended config space not accessible
[    8.728217] pci 0000:00:1e.0: PCI bridge to [bus 07] (subtractive decode)
[    8.748126] pci 0000:00:1e.0:   bridge window [io  0x0000-0x0cf7 window] (subtractive decode)
[    8.768114] pci 0000:00:1e.0:   bridge window [io  0x1000-0xdfff window] (subtractive decode)
[    8.800118] pci 0000:00:1e.0:   bridge window [mem 0x000a0000-0x000bffff window] (subtractive decode)
[    8.868122] pci 0000:00:1e.0:   bridge window [mem 0x90000000-0xebffefff window] (subtractive decode)
[    8.900159] pci_bus 0000:00: on NUMA node 0
[    8.902086] ACPI: PCI Root Bridge [UNC0] (domain 0000 [bus 7f])
[    8.920124] acpi PNP0A03:00: _OSC: OS supports [ExtendedConfig ASPM ClockPM Segments MSI HPX-Type3]
[    8.948612] acpi PNP0A03:00: _OSC: OS now controls [PCIeHotplug SHPCHotplug PME AER PCIeCapability LTR]
[    8.980116] acpi PNP0A03:00: FADT indicates ASPM is unsupported, using BIOS configuration
[    9.000366] PCI host bridge to bus 0000:7f
[    9.020117] pci_bus 0000:7f: root bus resource [bus 7f]
[    9.028135] pci 0000:7f:08.0: [8086:0e80] type 00 class 0x088000
[    9.048235] pci 0000:7f:09.0: [8086:0e90] type 00 class 0x088000
[    9.068238] pci 0000:7f:0a.0: [8086:0ec0] type 00 class 0x088000
[    9.088222] pci 0000:7f:0a.1: [8086:0ec1] type 00 class 0x088000
[    9.108213] pci 0000:7f:0a.2: [8086:0ec2] type 00 class 0x088000
[    9.128210] pci 0000:7f:0a.3: [8086:0ec3] type 00 class 0x088000
[    9.148223] pci 0000:7f:0b.0: [8086:0e1e] type 00 class 0x088000
[    9.168210] pci 0000:7f:0b.3: [8086:0e1f] type 00 class 0x088000
[    9.188211] pci 0000:7f:0c.0: [8086:0ee0] type 00 class 0x088000
[    9.208209] pci 0000:7f:0c.1: [8086:0ee2] type 00 class 0x088000
[    9.228228] pci 0000:7f:0c.2: [8086:0ee4] type 00 class 0x088000
[    9.248214] pci 0000:7f:0c.3: [8086:0ee6] type 00 class 0x088000
[    9.268213] pci 0000:7f:0d.0: [8086:0ee1] type 00 class 0x088000
[    9.288210] pci 0000:7f:0d.1: [8086:0ee3] type 00 class 0x088000
[    9.308211] pci 0000:7f:0d.2: [8086:0ee5] type 00 class 0x088000
[    9.328209] pci 0000:7f:0d.3: [8086:0ee7] type 00 class 0x088000
[    9.348217] pci 0000:7f:0e.0: [8086:0ea0] type 00 class 0x088000
[    9.360221] pci 0000:7f:0e.1: [8086:0e30] type 00 class 0x110100
[    9.380244] pci 0000:7f:0f.0: [8086:0ea8] type 00 class 0x088000
[    9.400243] pci 0000:7f:0f.1: [8086:0e71] type 00 class 0x088000
[    9.420240] pci 0000:7f:0f.2: [8086:0eaa] type 00 class 0x088000
[    9.440238] pci 0000:7f:0f.3: [8086:0eab] type 00 class 0x088000
[    9.460237] pci 0000:7f:0f.4: [8086:0eac] type 00 class 0x088000
[    9.480240] pci 0000:7f:0f.5: [8086:0ead] type 00 class 0x088000
[    9.500243] pci 0000:7f:10.0: [8086:0eb0] type 00 class 0x088000
[    9.520238] pci 0000:7f:10.1: [8086:0eb1] type 00 class 0x088000
[    9.536270] pci 0000:7f:10.2: [8086:0eb2] type 00 class 0x088000
[    9.556239] pci 0000:7f:10.3: [8086:0eb3] type 00 class 0x088000
[    9.576237] pci 0000:7f:10.4: [8086:0eb4] type 00 class 0x088000
[    9.596240] pci 0000:7f:10.5: [8086:0eb5] type 00 class 0x088000
[    9.616237] pci 0000:7f:10.6: [8086:0eb6] type 00 class 0x088000
[    9.628240] pci 0000:7f:10.7: [8086:0eb7] type 00 class 0x088000
[    9.648240] pci 0000:7f:13.0: [8086:0e1d] type 00 class 0x088000
[    9.676212] pci 0000:7f:13.1: [8086:0e34] type 00 class 0x110100
[    9.688233] pci 0000:7f:13.4: [8086:0e81] type 00 class 0x088000
[    9.708217] pci 0000:7f:13.5: [8086:0e36] type 00 class 0x110100
[    9.728219] pci 0000:7f:16.0: [8086:0ec8] type 00 class 0x088000
[    9.748255] pci 0000:7f:16.1: [8086:0ec9] type 00 class 0x088000
[    9.768215] pci 0000:7f:16.2: [8086:0eca] type 00 class 0x088000
[    9.788843] ACPI: PCI Root Bridge [PCI1] (domain 0000 [bus 80-fe])
[    9.808123] acpi PNP0A08:01: _OSC: OS supports [ExtendedConfig ASPM ClockPM Segments MSI HPX-Type3]
[    9.840610] acpi PNP0A08:01: _OSC: OS now controls [PCIeHotplug SHPCHotplug PME AER PCIeCapability LTR]
[    9.868115] acpi PNP0A08:01: FADT indicates ASPM is unsupported, using BIOS configuration
[    9.896776] PCI host bridge to bus 0000:80
[    9.908118] pci_bus 0000:80: root bus resource [io  0x0000-0x0cf7 window]
[    9.928115] pci_bus 0000:80: root bus resource [io  0xe000-0xffff window]
[    9.956115] pci_bus 0000:80: root bus resource [mem 0x000a0000-0x000bffff window]
[    9.976114] pci_bus 0000:80: root bus resource [mem 0xec000000-0xfbffffff window]
[   10.000115] pci_bus 0000:80: root bus resource [bus 80-fe]
[   10.016141] pci 0000:80:02.0: [8086:0e04] type 01 class 0x060400
[   10.036262] pci 0000:80:02.0: PME# supported from D0 D3hot D3cold
[   10.056332] pci 0000:80:02.2: [8086:0e06] type 01 class 0x060400
[   10.076258] pci 0000:80:02.2: PME# supported from D0 D3hot D3cold
[   10.096311] pci 0000:80:04.0: [8086:0e20] type 00 class 0x088000
[   10.116143] pci 0000:80:04.0: reg 0x10: [mem 0xec900000-0xec903fff 64bit]
[   10.136348] pci 0000:80:04.1: [8086:0e21] type 00 class 0x088000
[   10.156141] pci 0000:80:04.1: reg 0x10: [mem 0xec904000-0xec907fff 64bit]
[   10.176335] pci 0000:80:04.2: [8086:0e22] type 00 class 0x088000
[   10.196141] pci 0000:80:04.2: reg 0x10: [mem 0xec908000-0xec90bfff 64bit]
[   10.216328] pci 0000:80:04.3: [8086:0e23] type 00 class 0x088000
[   10.236141] pci 0000:80:04.3: reg 0x10: [mem 0xec90c000-0xec90ffff 64bit]
[   10.256327] pci 0000:80:04.4: [8086:0e24] type 00 class 0x088000
[   10.276141] pci 0000:80:04.4: reg 0x10: [mem 0xec910000-0xec913fff 64bit]
[   10.296329] pci 0000:80:04.5: [8086:0e25] type 00 class 0x088000
[   10.316143] pci 0000:80:04.5: reg 0x10: [mem 0xec914000-0xec917fff 64bit]
[   10.336326] pci 0000:80:04.6: [8086:0e26] type 00 class 0x088000
[   10.356141] pci 0000:80:04.6: reg 0x10: [mem 0xec918000-0xec91bfff 64bit]
[   10.388334] pci 0000:80:04.7: [8086:0e27] type 00 class 0x088000
[   10.396140] pci 0000:80:04.7: reg 0x10: [mem 0xec91c000-0xec91ffff 64bit]
[   10.428326] pci 0000:80:05.0: [8086:0e28] type 00 class 0x088000
[   10.448368] pci 0000:80:05.1: [8086:0e29] type 00 class 0x088000
[   10.468355] pci 0000:80:05.2: [8086:0e2a] type 00 class 0x088000
[   10.476315] pci 0000:80:05.4: [8086:0e2c] type 00 class 0x080020
[   10.496135] pci 0000:80:05.4: reg 0x10: [mem 0xec920000-0xec920fff]
[   10.516425] pci 0000:80:02.0: PCI bridge to [bus 81]
[   10.536398] pci 0000:82:00.0: [15b3:1003] type 00 class 0x028000
[   10.556563] pci 0000:82:00.0: reg 0x10: [mem 0xec800000-0xec8fffff 64bit]
[   10.576322] pci 0000:82:00.0: reg 0x18: [mem 0xec000000-0xec7fffff 64bit pref]
[   10.608500] pci 0000:82:00.0: reg 0x30: [mem 0xfff00000-0xffffffff pref]
[   10.629937] pci 0000:82:00.0: reg 0x134: [mem 0x00000000-0x007fffff 64bit pref]
[   10.648116] pci 0000:82:00.0: VF(n) BAR2 space: [mem 0x00000000-0x07ffffff 64bit pref] (contains BAR2 for 16 VFs)
[   10.689928] pci 0000:80:02.2: PCI bridge to [bus 82]
[   10.696120] pci 0000:80:02.2:   bridge window [mem 0xec800000-0xec8fffff]
[   10.728123] pci 0000:80:02.2:   bridge window [mem 0xec000000-0xec7fffff 64bit pref]
[   10.748135] pci_bus 0000:80: on NUMA node 1
[   10.748486] ACPI: PCI Root Bridge [UNC1] (domain 0000 [bus ff])
[   10.768122] acpi PNP0A03:01: _OSC: OS supports [ExtendedConfig ASPM ClockPM Segments MSI HPX-Type3]
[   10.796610] acpi PNP0A03:01: _OSC: OS now controls [PCIeHotplug SHPCHotplug PME AER PCIeCapability LTR]
[   10.828115] acpi PNP0A03:01: FADT indicates ASPM is unsupported, using BIOS configuration
[   10.856338] PCI host bridge to bus 0000:ff
[   10.868117] pci_bus 0000:ff: root bus resource [bus ff]
[   10.888154] pci 0000:ff:08.0: [8086:0e80] type 00 class 0x088000
[   10.896229] pci 0000:ff:09.0: [8086:0e90] type 00 class 0x088000
[   10.916219] pci 0000:ff:0a.0: [8086:0ec0] type 00 class 0x088000
[   10.936216] pci 0000:ff:0a.1: [8086:0ec1] type 00 class 0x088000
[   10.956221] pci 0000:ff:0a.2: [8086:0ec2] type 00 class 0x088000
[   10.976208] pci 0000:ff:0a.3: [8086:0ec3] type 00 class 0x088000
[   10.996215] pci 0000:ff:0b.0: [8086:0e1e] type 00 class 0x088000
[   11.016205] pci 0000:ff:0b.3: [8086:0e1f] type 00 class 0x088000
[   11.036211] pci 0000:ff:0c.0: [8086:0ee0] type 00 class 0x088000
[   11.056205] pci 0000:ff:0c.1: [8086:0ee2] type 00 class 0x088000
[   11.076217] pci 0000:ff:0c.2: [8086:0ee4] type 00 class 0x088000
[   11.096207] pci 0000:ff:0c.3: [8086:0ee6] type 00 class 0x088000
[   11.116224] pci 0000:ff:0d.0: [8086:0ee1] type 00 class 0x088000
[   11.136211] pci 0000:ff:0d.1: [8086:0ee3] type 00 class 0x088000
[   11.156207] pci 0000:ff:0d.2: [8086:0ee5] type 00 class 0x088000
[   11.168206] pci 0000:ff:0d.3: [8086:0ee7] type 00 class 0x088000
[   11.188211] pci 0000:ff:0e.0: [8086:0ea0] type 00 class 0x088000
[   11.208217] pci 0000:ff:0e.1: [8086:0e30] type 00 class 0x110100
[   11.228232] pci 0000:ff:0f.0: [8086:0ea8] type 00 class 0x088000
[   11.248240] pci 0000:ff:0f.1: [8086:0e71] type 00 class 0x088000
[   11.268254] pci 0000:ff:0f.2: [8086:0eaa] type 00 class 0x088000
[   11.288242] pci 0000:ff:0f.3: [8086:0eab] type 00 class 0x088000
[   11.308238] pci 0000:ff:0f.4: [8086:0eac] type 00 class 0x088000
[   11.324236] pci 0000:ff:0f.5: [8086:0ead] type 00 class 0x088000
[   11.348242] pci 0000:ff:10.0: [8086:0eb0] type 00 class 0x088000
[   11.364237] pci 0000:ff:10.1: [8086:0eb1] type 00 class 0x088000
[   11.388237] pci 0000:ff:10.2: [8086:0eb2] type 00 class 0x088000
[   11.404242] pci 0000:ff:10.3: [8086:0eb3] type 00 class 0x088000
[   11.424251] pci 0000:ff:10.4: [8086:0eb4] type 00 class 0x088000
[   11.444238] pci 0000:ff:10.5: [8086:0eb5] type 00 class 0x088000
[   11.456238] pci 0000:ff:10.6: [8086:0eb6] type 00 class 0x088000
[   11.476237] pci 0000:ff:10.7: [8086:0eb7] type 00 class 0x088000
[   11.496236] pci 0000:ff:13.0: [8086:0e1d] type 00 class 0x088000
[   11.516209] pci 0000:ff:13.1: [8086:0e34] type 00 class 0x110100
[   11.536216] pci 0000:ff:13.4: [8086:0e81] type 00 class 0x088000
[   11.556214] pci 0000:ff:13.5: [8086:0e36] type 00 class 0x110100
[   11.576230] pci 0000:ff:16.0: [8086:0ec8] type 00 class 0x088000
[   11.596208] pci 0000:ff:16.1: [8086:0ec9] type 00 class 0x088000
[   11.616207] pci 0000:ff:16.2: [8086:0eca] type 00 class 0x088000
[   11.657298] ACPI: PCI Interrupt Link [LNKA] (IRQs 1 3 *4 5 6 10 11 12 14 15)
[   11.676287] ACPI: PCI Interrupt Link [LNKB] (IRQs 1 3 4 *5 6 10 11 12 14 15)
[   11.696277] ACPI: PCI Interrupt Link [LNKC] (IRQs 1 3 4 5 *6 10 11 12 14 15)
[   11.716275] ACPI: PCI Interrupt Link [LNKD] (IRQs 1 3 4 5 6 10 11 12 14 15) *9
[   11.744274] ACPI: PCI Interrupt Link [LNKE] (IRQs 1 3 4 5 6 10 11 12 14 15) *0, disabled.
[   11.768275] ACPI: PCI Interrupt Link [LNKF] (IRQs 1 3 4 5 6 10 *11 12 14 15)
[   11.796273] ACPI: PCI Interrupt Link [LNKG] (IRQs 1 3 4 5 6 10 11 12 14 15) *0, disabled.
[   11.816278] ACPI: PCI Interrupt Link [LNKH] (IRQs 1 3 4 5 6 *10 11 12 14 15)
[   11.844707] iommu: Default domain type: Translated 
[   11.856168] pci 0000:06:00.0: vgaarb: setting as boot VGA device
[   11.872125] pci 0000:06:00.0: vgaarb: VGA device added: decodes=io+mem,owns=io+mem,locks=none
[   11.944155] pci 0000:06:00.0: vgaarb: bridge control possible
[   11.964115] vgaarb: loaded
[   11.976627] SCSI subsystem initialized
[   11.984222] libata version 3.00 loaded.
[   11.984222] ACPI: bus type USB registered
[   11.996146] usbcore: registered new interface driver usbfs
[   12.016132] usbcore: registered new interface driver hub
[   12.036295] usbcore: registered new device driver usb
[   12.044189] pps_core: LinuxPPS API ver. 1 registered
[   12.064114] pps_core: Software ver. 5.3.6 - Copyright 2005-2007 Rodolfo Giometti <giometti@linux.it>
[   12.096122] PTP clock support registered
[   12.104243] EDAC MC: Ver: 3.0.0
[   12.116491] PCI: Using ACPI for IRQ routing
[   12.130933] PCI: pci_cache_line_size set to 64 bytes
[   12.131242] e820: reserve RAM buffer [mem 0x0009e000-0x0009ffff]
[   12.131245] e820: reserve RAM buffer [mem 0x783d6000-0x7bffffff]
[   12.131246] e820: reserve RAM buffer [mem 0x7e2ff000-0x7fffffff]
[   12.131248] e820: reserve RAM buffer [mem 0x7f000000-0x7fffffff]
[   12.132112] NetLabel: Initializing
[   12.144115] NetLabel:  domain hash size = 128
[   12.156112] NetLabel:  protocols = UNLABELED CIPSOv4 CALIPSO
[   12.176163] NetLabel:  unlabeled traffic allowed by default
[   12.198349] hpet0: at MMIO 0xfed00000, IRQs 2, 8, 0, 0, 0, 0, 0, 0
[   12.204117] hpet0: 8 comparators, 64-bit 14.318180 MHz counter
[   12.228113] clocksource: Switched to clocksource tsc-early
[   12.275219] *** VALIDATE bpf ***
[   12.285355] VFS: Disk quotas dquot_6.6.0
[   12.295528] VFS: Dquot-cache hash table entries: 512 (order 0, 4096 bytes)
[   12.315722] *** VALIDATE ramfs ***
[   12.325796] *** VALIDATE hugetlbfs ***
[   12.336012] AppArmor: AppArmor Filesystem Enabled
[   12.355091] pnp: PnP ACPI init
[   12.365569] system 00:00: [mem 0xfed1c000-0xfed1ffff] has been reserved
[   12.385220] system 00:00: [mem 0xebfff000-0xebffffff] has been reserved
[   12.405435] system 00:00: [mem 0xfed20000-0xfed3ffff] has been reserved
[   12.425634] system 00:00: [mem 0xebffc000-0xebffdfff] could not be reserved
[   12.445990] system 00:00: [mem 0xff000000-0xffffffff] could not be reserved
[   12.475002] system 00:00: [mem 0xfee00000-0xfeefffff] could not be reserved
[   12.495239] system 00:00: Plug and Play ACPI device, IDs PNP0c02 (active)
[   12.495495] pnp 00:01: disabling [io  0x164e-0x164f] because it overlaps 0000:00:1c.0 BAR 13 [io  0x1000-0x1fff]
[   12.525642] pnp 00:01: disabling [io  0x164e-0x164f disabled] because it overlaps 0000:05:00.0 BAR 13 [io  0x1000-0x1fff]
[   12.565152] system 00:01: [io  0x0680-0x069f] has been reserved
[   12.575970] system 00:01: [io  0x0400-0x0453] has been reserved
[   12.595828] system 00:01: [io  0x0458-0x047f] has been reserved
[   12.615768] system 00:01: [io  0x0500-0x057f] has been reserved
[   12.635632] system 00:01: Plug and Play ACPI device, IDs PNP0c02 (active)
[   12.635688] pnp 00:02: Plug and Play ACPI device, IDs PNP0b00 (active)
[   12.635895] system 00:03: [io  0x0454-0x0457] has been reserved
[   12.655600] system 00:03: Plug and Play ACPI device, IDs INT3f0d PNP0c02 (active)
[   12.656151] pnp 00:04: Plug and Play ACPI device, IDs PNP0501 (disabled)
[   12.656696] system 00:05: [mem 0xfbffe000-0xfbffffff] could not be reserved
[   12.675837] system 00:05: Plug and Play ACPI device, IDs PNP0c02 (active)
[   12.676994] pnp: PnP ACPI: found 6 devices
[   12.689296] thermal_sys: Registered thermal governor 'fair_share'
[   12.689298] thermal_sys: Registered thermal governor 'bang_bang'
[   12.705989] thermal_sys: Registered thermal governor 'step_wise'
[   12.726159] thermal_sys: Registered thermal governor 'user_space'
[   12.746003] thermal_sys: Registered thermal governor 'power_allocator'
[   12.770448] clocksource: acpi_pm: mask: 0xffffff max_cycles: 0xffffff, max_idle_ns: 2085701024 ns
[   12.816045] pci 0000:03:00.0: can't claim BAR 6 [mem 0xfff80000-0xffffffff pref]: no compatible bridge window
[   12.854987] pci 0000:03:00.1: can't claim BAR 6 [mem 0xfff80000-0xffffffff pref]: no compatible bridge window
[   12.885380] pci 0000:82:00.0: can't claim BAR 6 [mem 0xfff00000-0xffffffff pref]: no compatible bridge window
[   12.915581] pci_bus 0000:00: max bus depth: 2 pci_try_num: 3
[   12.935233] pci 0000:00:02.0: BAR 15: assigned [mem 0x91500000-0x918fffff 64bit pref]
[   12.955583] pci 0000:02:00.0: BAR 7: assigned [mem 0x91348000-0x91367fff]
[   12.975952] pci 0000:02:00.0: BAR 10: assigned [mem 0x91368000-0x91387fff]
[   12.996162] pci 0000:02:00.3: BAR 7: assigned [mem 0x91388000-0x913a7fff]
[   13.025003] pci 0000:02:00.3: BAR 10: assigned [mem 0x913a8000-0x913c7fff]
[   13.045397] pci 0000:00:01.0: PCI bridge to [bus 02]
[   13.056119] pci 0000:00:01.0:   bridge window [io  0x3000-0x3fff]
[   13.076147] pci 0000:00:01.0:   bridge window [mem 0x91300000-0x913fffff]
[   13.105037] pci 0000:03:00.0: BAR 6: assigned [mem 0x91280000-0x912fffff pref]
[   13.125422] pci 0000:03:00.1: BAR 6: assigned [mem 0x91500000-0x9157ffff pref]
[   13.145849] pci 0000:03:00.0: BAR 7: assigned [mem 0x91580000-0x9167ffff 64bit pref]
[   13.175013] pci 0000:03:00.0: BAR 10: assigned [mem 0x91680000-0x9177ffff 64bit pref]
[   13.195593] pci 0000:03:00.1: BAR 7: assigned [mem 0x91780000-0x9187ffff 64bit pref]
[   13.225230] pci 0000:03:00.1: BAR 10: no space for [mem size 0x00100000 64bit pref]
[   13.245762] pci 0000:03:00.1: BAR 10: failed to assign [mem size 0x00100000 64bit pref]
[   13.275229] pci 0000:00:02.0: PCI bridge to [bus 03]
[   13.285989] pci 0000:00:02.0:   bridge window [io  0x2000-0x2fff]
[   13.305832] pci 0000:00:02.0:   bridge window [mem 0x91100000-0x912fffff]
[   13.334985] pci 0000:00:02.0:   bridge window [mem 0x91500000-0x918fffff 64bit pref]
[   13.355374] pci 0000:00:11.0: PCI bridge to [bus 04]
[   13.366097] pci 0000:05:00.0: PCI bridge to [bus 06]
[   13.385581] pci 0000:05:00.0:   bridge window [io  0x1000-0x1fff]
[   13.405363] pci 0000:05:00.0:   bridge window [mem 0x90000000-0x910fffff]
[   13.425620] pci 0000:00:1c.0: PCI bridge to [bus 05-06]
[   13.445163] pci 0000:00:1c.0:   bridge window [io  0x1000-0x1fff]
[   13.465175] pci 0000:00:1c.0:   bridge window [mem 0x90000000-0x910fffff]
[   13.485426] pci 0000:00:1e.0: PCI bridge to [bus 07]
[   13.495936] pci_bus 0000:00: No. 2 try to assign unassigned res
[   13.515923] release child resource [mem 0x91500000-0x9157ffff pref]
[   13.515925] release child resource [mem 0x91580000-0x9167ffff 64bit pref]
[   13.515926] release child resource [mem 0x91680000-0x9177ffff 64bit pref]
[   13.515927] release child resource [mem 0x91780000-0x9187ffff 64bit pref]
[   13.515930] pci 0000:00:02.0: resource 15 [mem 0x91500000-0x918fffff 64bit pref] released
[   13.545540] pci 0000:00:02.0: PCI bridge to [bus 03]
[   13.565013] pci 0000:00:02.0: BAR 15: assigned [mem 0x91500000-0x918fffff 64bit pref]
[   13.585722] pci 0000:00:01.0: PCI bridge to [bus 02]
[   13.605199] pci 0000:00:01.0:   bridge window [io  0x3000-0x3fff]
[   13.625148] pci 0000:00:01.0:   bridge window [mem 0x91300000-0x913fffff]
[   13.645382] pci 0000:03:00.1: BAR 6: assigned [mem 0x91500000-0x9157ffff pref]
[   13.665773] pci 0000:03:00.0: BAR 7: assigned [mem 0x91580000-0x9167ffff 64bit pref]
[   13.695354] pci 0000:03:00.0: BAR 10: assigned [mem 0x91680000-0x9177ffff 64bit pref]
[   13.715939] pci 0000:03:00.1: BAR 7: assigned [mem 0x91780000-0x9187ffff 64bit pref]
[   13.745537] pci 0000:03:00.1: BAR 10: no space for [mem size 0x00100000 64bit pref]
[   13.766061] pci 0000:03:00.1: BAR 10: failed to assign [mem size 0x00100000 64bit pref]
[   13.795548] pci 0000:00:02.0: PCI bridge to [bus 03]
[   13.814945] pci 0000:00:02.0:   bridge window [io  0x2000-0x2fff]
[   13.834969] pci 0000:00:02.0:   bridge window [mem 0x91100000-0x912fffff]
[   13.855148] pci 0000:00:02.0:   bridge window [mem 0x91500000-0x918fffff 64bit pref]
[   13.875769] pci 0000:00:11.0: PCI bridge to [bus 04]
[   13.895401] pci 0000:05:00.0: PCI bridge to [bus 06]
[   13.906279] pci 0000:05:00.0:   bridge window [io  0x1000-0x1fff]
[   13.926108] pci 0000:05:00.0:   bridge window [mem 0x90000000-0x910fffff]
[   13.955129] pci 0000:00:1c.0: PCI bridge to [bus 05-06]
[   13.965924] pci 0000:00:1c.0:   bridge window [io  0x1000-0x1fff]
[   13.985947] pci 0000:00:1c.0:   bridge window [mem 0x90000000-0x910fffff]
[   14.014947] pci 0000:00:1e.0: PCI bridge to [bus 07]
[   14.025749] pci_bus 0000:00: No. 3 try to assign unassigned res
[   14.045551] release child resource [mem 0x91500000-0x9157ffff pref]
[   14.045552] release child resource [mem 0x91580000-0x9167ffff 64bit pref]
[   14.045553] release child resource [mem 0x91680000-0x9177ffff 64bit pref]
[   14.045555] release child resource [mem 0x91780000-0x9187ffff 64bit pref]
[   14.045557] pci 0000:00:02.0: resource 15 [mem 0x91500000-0x918fffff 64bit pref] released
[   14.075144] pci 0000:00:02.0: PCI bridge to [bus 03]
[   14.085784] pci 0000:00:02.0: bridge window [mem 0x00100000-0x004fffff 64bit pref] to [bus 03] add_size 400000 add_align 100000
[   14.125404] pci 0000:00:02.0: BAR 15: assigned [mem 0x91500000-0x91cfffff 64bit pref]
[   14.145963] pci 0000:00:01.0: PCI bridge to [bus 02]
[   14.165531] pci 0000:00:01.0:   bridge window [io  0x3000-0x3fff]
[   14.185590] pci 0000:00:01.0:   bridge window [mem 0x91300000-0x913fffff]
[   14.205744] pci 0000:03:00.1: BAR 6: assigned [mem 0x91500000-0x9157ffff pref]
[   14.225961] pci 0000:03:00.0: BAR 7: assigned [mem 0x91580000-0x9167ffff 64bit pref]
[   14.255366] pci 0000:03:00.0: BAR 10: assigned [mem 0x91680000-0x9177ffff 64bit pref]
[   14.275904] pci 0000:03:00.1: BAR 7: assigned [mem 0x91780000-0x9187ffff 64bit pref]
[   14.305363] pci 0000:03:00.1: BAR 10: assigned [mem 0x91880000-0x9197ffff 64bit pref]
[   14.325920] pci 0000:00:02.0: PCI bridge to [bus 03]
[   14.345601] pci 0000:00:02.0:   bridge window [io  0x2000-0x2fff]
[   14.365529] pci 0000:00:02.0:   bridge window [mem 0x91100000-0x912fffff]
[   14.385871] pci 0000:00:02.0:   bridge window [mem 0x91500000-0x91cfffff 64bit pref]
[   14.414950] pci 0000:00:11.0: PCI bridge to [bus 04]
[   14.425537] pci 0000:05:00.0: PCI bridge to [bus 06]
[   14.445127] pci 0000:05:00.0:   bridge window [io  0x1000-0x1fff]
[   14.465374] pci 0000:05:00.0:   bridge window [mem 0x90000000-0x910fffff]
[   14.485581] pci 0000:00:1c.0: PCI bridge to [bus 05-06]
[   14.505125] pci 0000:00:1c.0:   bridge window [io  0x1000-0x1fff]
[   14.525104] pci 0000:00:1c.0:   bridge window [mem 0x90000000-0x910fffff]
[   14.545330] pci 0000:00:1e.0: PCI bridge to [bus 07]
[   14.555916] pci_bus 0000:00: resource 4 [io  0x0000-0x0cf7 window]
[   14.575887] pci_bus 0000:00: resource 5 [io  0x1000-0xdfff window]
[   14.595901] pci_bus 0000:00: resource 6 [mem 0x000a0000-0x000bffff window]
[   14.625152] pci_bus 0000:00: resource 7 [mem 0x90000000-0xebffefff window]
[   14.645303] pci_bus 0000:02: resource 0 [io  0x3000-0x3fff]
[   14.665088] pci_bus 0000:02: resource 1 [mem 0x91300000-0x913fffff]
[   14.684916] pci_bus 0000:03: resource 0 [io  0x2000-0x2fff]
[   14.696016] pci_bus 0000:03: resource 1 [mem 0x91100000-0x912fffff]
[   14.715893] pci_bus 0000:03: resource 2 [mem 0x91500000-0x91cfffff 64bit pref]
[   14.745108] pci_bus 0000:05: resource 0 [io  0x1000-0x1fff]
[   14.764928] pci_bus 0000:05: resource 1 [mem 0x90000000-0x910fffff]
[   14.784907] pci_bus 0000:06: resource 0 [io  0x1000-0x1fff]
[   14.795887] pci_bus 0000:06: resource 1 [mem 0x90000000-0x910fffff]
[   14.815905] pci_bus 0000:07: resource 4 [io  0x0000-0x0cf7 window]
[   14.844896] pci_bus 0000:07: resource 5 [io  0x1000-0xdfff window]
[   14.864923] pci_bus 0000:07: resource 6 [mem 0x000a0000-0x000bffff window]
[   14.885301] pci_bus 0000:07: resource 7 [mem 0x90000000-0xebffefff window]
[   14.945713] pci_bus 0000:80: max bus depth: 1 pci_try_num: 2
[   14.965177] pci 0000:80:02.0: PCI bridge to [bus 81]
[   14.976026] pci 0000:82:00.0: BAR 9: no space for [mem size 0x08000000 64bit pref]
[   15.005503] pci 0000:82:00.0: BAR 9: failed to assign [mem size 0x08000000 64bit pref]
[   15.025884] pci 0000:82:00.0: BAR 6: no space for [mem size 0x00100000 pref]
[   15.055097] pci 0000:82:00.0: BAR 6: failed to assign [mem size 0x00100000 pref]
[   15.075522] pci 0000:80:02.2: PCI bridge to [bus 82]
[   15.094899] pci 0000:80:02.2:   bridge window [mem 0xec800000-0xec8fffff]
[   15.115308] pci 0000:80:02.2:   bridge window [mem 0xec000000-0xec7fffff 64bit pref]
[   15.135704] pci_bus 0000:80: No. 2 try to assign unassigned res
[   15.155494] release child resource [mem 0xec000000-0xec7fffff 64bit pref]
[   15.155497] pci 0000:80:02.2: resource 15 [mem 0xec000000-0xec7fffff 64bit pref] released
[   15.185274] pci 0000:80:02.2: PCI bridge to [bus 82]
[   15.204936] pci 0000:80:02.2: bridge window [mem 0x00800000-0x00ffffff 64bit pref] to [bus 82] add_size 8000000 add_align 800000
[   15.235905] pci 0000:80:02.2: BAR 15: assigned [mem 0xed000000-0xf57fffff 64bit pref]
[   15.265117] pci 0000:80:02.0: PCI bridge to [bus 81]
[   15.275923] pci 0000:82:00.0: BAR 2: assigned [mem 0xed000000-0xed7fffff 64bit pref]
[   15.305635] pci 0000:82:00.0: BAR 9: assigned [mem 0xed800000-0xf57fffff 64bit pref]
[   15.326085] pci 0000:80:02.2: PCI bridge to [bus 82]
[   15.345480] pci 0000:80:02.2:   bridge window [mem 0xec800000-0xec8fffff]
[   15.365706] pci 0000:80:02.2:   bridge window [mem 0xed000000-0xf57fffff 64bit pref]
[   15.395315] pci_bus 0000:80: resource 4 [io  0x0000-0x0cf7 window]
[   15.415296] pci_bus 0000:80: resource 5 [io  0xe000-0xffff window]
[   15.435323] pci_bus 0000:80: resource 6 [mem 0x000a0000-0x000bffff window]
[   15.455472] pci_bus 0000:80: resource 7 [mem 0xec000000-0xfbffffff window]
[   15.475655] pci_bus 0000:82: resource 1 [mem 0xec800000-0xec8fffff]
[   15.495698] pci_bus 0000:82: resource 2 [mem 0xed000000-0xf57fffff 64bit pref]
[   15.516073] NET: Registered protocol family 2
[   15.536428] tcp_listen_portaddr_hash hash table entries: 32768 (order: 7, 524288 bytes, vmalloc)
[   15.567116] TCP established hash table entries: 524288 (order: 10, 4194304 bytes, vmalloc)
[   15.587854] TCP bind hash table entries: 65536 (order: 8, 1048576 bytes, vmalloc)
[   15.615612] TCP: Hash tables configured (established 524288 bind 65536)
[   15.635944] UDP hash table entries: 32768 (order: 8, 1048576 bytes, vmalloc)
[   15.656710] UDP-Lite hash table entries: 32768 (order: 8, 1048576 bytes, vmalloc)
[   15.685558] NET: Registered protocol family 1
[   15.695700] NET: Registered protocol family 44
[   15.732352] pci 0000:00:1a.0: quirk_usb_early_handoff+0x0/0x6c0 took 16989 usecs
[   15.764318] pci 0000:00:1d.0: quirk_usb_early_handoff+0x0/0x6c0 took 18551 usecs
[   15.785044] pci 0000:06:00.0: Video device with shadowed ROM at [mem 0x000c0000-0x000dffff]
[   15.805865] pci 0000:06:00.0: pci_fixup_video+0x0/0x110 took 20340 usecs
[   15.835370] PCI: CLS 64 bytes, default 64
[   15.845407] Trying to unpack rootfs image as initramfs...
[   17.164456] Freeing initrd memory: 62192K
[   17.184162] PCI-DMA: Using software bounce buffering for IO (SWIOTLB)
[   17.195468] software IO TLB: mapped [mem 0x7a2ff000-0x7e2ff000] (64MB)
[   17.218310] check: Scanning for low memory corruption every 60 seconds
[   17.249252] Initialise system trusted keyrings
[   17.255226] Key type blacklist registered
[   17.265886] workingset: timestamp_bits=36 max_order=24 bucket_order=0
[   17.288754] zbud: loaded
[   17.296640] squashfs: version 4.0 (2009/01/31) Phillip Lougher
[   17.315873] fuse: init (API version 7.31)
[   17.325834] *** VALIDATE fuse ***
[   17.335775] *** VALIDATE fuse ***
[   17.346365] Platform Keyring initialized
[   17.375561] Key type asymmetric registered
[   17.385191] Asymmetric key parser 'x509' registered
[   17.395800] Block layer SCSI generic (bsg) driver version 0.4 loaded (major 244)
[   17.425385] io scheduler mq-deadline registered
[   17.437094] pcieport 0000:00:01.0: PME: Signaling with IRQ 25
[   17.455529] pcieport 0000:00:01.0: AER: enabled with IRQ 25
[   17.475595] pcieport 0000:00:02.0: PME: Signaling with IRQ 27
[   17.494898] pcieport 0000:00:02.0: AER: enabled with IRQ 27
[   17.505923] pcieport 0000:00:11.0: PME: Signaling with IRQ 28
[   17.525516] pcieport 0000:00:11.0: AER: enabled with IRQ 28
[   17.545299] pcieport 0000:00:1c.0: PME: Signaling with IRQ 29
[   17.565357] pcieport 0000:80:02.0: PME: Signaling with IRQ 31
[   17.575883] pcieport 0000:80:02.0: AER: enabled with IRQ 31
[   17.596028] pcieport 0000:80:02.2: PME: Signaling with IRQ 32
[   17.615522] pcieport 0000:80:02.2: AER: enabled with IRQ 32
[   17.635432] shpchp: Standard Hot Plug PCI Controller Driver version: 0.4
[   17.655555] intel_idle: MWAIT substates: 0x1120
[   17.655557] intel_idle: v0.4.1 model 0x3E
[   17.657495] intel_idle: lapic_timer_reliable_states 0xffffffff
[   17.657682] input: Power Button as /devices/LNXSYSTM:00/LNXPWRBN:00/input/input0
[   17.675659] ACPI: Power Button [PWRF]
[   17.746628] Serial: 8250/16550 driver, 32 ports, IRQ sharing enabled
[   17.764821] serial 00:04: [io  0x02f8-0x02ff]
[   17.764944] serial 00:04: [irq 3]
[   17.764946] serial 00:04: [dma 18446744073709551615 disabled]
[   17.765393] serial 00:04: activated
[   17.795294] 00:04: ttyS1 at I/O 0x2f8 (irq = 3, base_baud = 115200) is a 16550A
[   17.817462] Linux agpgart interface v0.103
[   17.836398] loop: module loaded
[   17.837991] libphy: Fixed MDIO Bus: probed
[   17.855172] tun: Universal TUN/TAP device driver, 1.6
[   17.866022] PPP generic driver version 2.4.2
[   17.885391] VFIO - User Level meta-driver version: 0.3
[   17.905009] ehci_hcd: USB 2.0 'Enhanced' Host Controller (EHCI) Driver
[   17.925005] ehci-pci: EHCI PCI platform driver
[   17.935875] ehci-pci 0000:00:1a.0: EHCI Host Controller
[   17.994985] ehci-pci 0000:00:1a.0: new USB bus registered, assigned bus number 1
[   18.015363] ehci-pci 0000:00:1a.0: debug port 2
[   18.038711] ehci-pci 0000:00:1a.0: cache line size of 64 is not supported
[   18.054960] ehci-pci 0000:00:1a.0: irq 16, io mem 0x91426000
[   18.088172] ehci-pci 0000:00:1a.0: USB 2.0 started, EHCI 1.00
[   18.095579] usb usb1: New USB device found, idVendor=1d6b, idProduct=0002, bcdDevice= 5.04
[   18.124981] usb usb1: New USB device strings: Mfr=3, Product=2, SerialNumber=1
[   18.145377] usb usb1: Product: EHCI Host Controller
[   18.164999] usb usb1: Manufacturer: Linux 5.4.0 ehci_hcd
[   18.175427] usb usb1: SerialNumber: 0000:00:1a.0
[   18.195145] hub 1-0:1.0: USB hub found
[   18.205214] hub 1-0:1.0: 2 ports detected
[   18.215710] ehci-pci 0000:00:1d.0: EHCI Host Controller
[   18.234985] ehci-pci 0000:00:1d.0: new USB bus registered, assigned bus number 2
[   18.236164] tsc: Refined TSC clocksource calibration: 2599.999 MHz
[   18.255362] ehci-pci 0000:00:1d.0: debug port 2
[   18.275548] clocksource: tsc: mask: 0xffffffffffffffff max_cycles: 0x257a3b2ad7e, max_idle_ns: 440795282337 ns
[   18.298679] ehci-pci 0000:00:1d.0: cache line size of 64 is not supported
[   18.345013] clocksource: Switched to clocksource tsc
[   18.345023] ehci-pci 0000:00:1d.0: irq 23, io mem 0x91425000
[   18.388178] ehci-pci 0000:00:1d.0: USB 2.0 started, EHCI 1.00
[   18.395465] usb usb2: New USB device found, idVendor=1d6b, idProduct=0002, bcdDevice= 5.04
[   18.425343] usb usb2: New USB device strings: Mfr=3, Product=2, SerialNumber=1
[   18.445555] usb usb2: Product: EHCI Host Controller
[   18.465156] usb usb2: Manufacturer: Linux 5.4.0 ehci_hcd
[   18.484763] usb usb2: SerialNumber: 0000:00:1d.0
[   18.495538] hub 2-0:1.0: USB hub found
[   18.505574] hub 2-0:1.0: 2 ports detected
[   18.525015] ehci-platform: EHCI generic platform driver
[   18.535778] ohci_hcd: USB 1.1 'Open' Host Controller (OHCI) Driver
[   18.555752] ohci-pci: OHCI PCI platform driver
[   18.575178] ohci-platform: OHCI generic platform driver
[   18.576162] usb 1-1: new high-speed USB device number 2 using ehci-pci
[   18.585916] uhci_hcd: USB Universal Host Controller Interface driver
[   18.635101] i8042: PNP: No PS/2 controller found.
[   18.645926] mousedev: PS/2 mouse device common for all mice
[   18.665631] rtc_cmos 00:02: RTC can wake from S4
[   18.685146] rtc_cmos 00:02: registered as rtc0
[   18.695209] rtc_cmos 00:02: alarms up to one month, y3k, 242 bytes nvram, hpet irqs
[   18.716014] i2c /dev entries driver
[   18.734848] device-mapper: uevent: version 1.0.3
[   18.745670] device-mapper: ioctl: 4.41.0-ioctl (2019-09-16) initialised: dm-devel@redhat.com
[   18.768699] usb 1-1: New USB device found, idVendor=8087, idProduct=0024, bcdDevice= 0.00
[   18.775354] platform eisa.0: Probing EISA bus 0
[   18.804944] usb 1-1: New USB device strings: Mfr=0, Product=0, SerialNumber=0
[   18.805372] hub 1-1:1.0: USB hub found
[   18.815528] platform eisa.0: EISA: Cannot allocate resource for mainboard
[   18.835855] hub 1-1:1.0: 6 ports detected
[   18.854752] platform eisa.0: Cannot allocate resource for EISA slot 1
[   18.860138] usb 2-1: new high-speed USB device number 2 using ehci-pci
[   18.925522] platform eisa.0: Cannot allocate resource for EISA slot 2
[   18.945694] platform eisa.0: Cannot allocate resource for EISA slot 3
[   18.965874] platform eisa.0: Cannot allocate resource for EISA slot 4
[   18.994864] platform eisa.0: Cannot allocate resource for EISA slot 5
[   19.014939] platform eisa.0: Cannot allocate resource for EISA slot 6
[   19.032921] usb 2-1: New USB device found, idVendor=8087, idProduct=0024, bcdDevice= 0.00
[   19.034933] platform eisa.0: Cannot allocate resource for EISA slot 7
[   19.055887] usb 2-1: New USB device strings: Mfr=0, Product=0, SerialNumber=0
[   19.084783] platform eisa.0: Cannot allocate resource for EISA slot 8
[   19.105536] hub 2-1:1.0: USB hub found
[   19.125329] platform eisa.0: EISA: Detected 0 cards
[   19.125341] intel_pstate: Intel P-state driver initializing
[   19.135615] hub 2-1:1.0: 8 ports detected
[   19.184133] usb 1-1.6: new high-speed USB device number 3 using ehci-pci
[   19.207281] ledtrig-cpu: registered to indicate activity on CPUs
[   19.225294] drop_monitor: Initializing network drop monitor service
[   19.245390] NET: Registered protocol family 10
[   19.262280] Segment Routing with IPv6
[   19.274756] NET: Registered protocol family 17
[   19.285306] Key type dns_resolver registered
[   19.298749] RAS: Correctable Errors collector initialized.
[   19.315204] microcode: sig=0x306e4, pf=0x1, revision=0x42e
[   19.317059] usb 1-1.6: New USB device found, idVendor=0624, idProduct=0248, bcdDevice= 0.00
[   19.355531] usb 1-1.6: New USB device strings: Mfr=1, Product=2, SerialNumber=3
[   19.356405] microcode: Microcode Update Driver: v2.2.
[   19.356409] IPI shorthand broadcast: enabled
[   19.384744] usb 1-1.6: Product: Gadget USB HUB
[   19.384745] usb 1-1.6: Manufacturer: no manufacturer
[   19.384747] usb 1-1.6: SerialNumber: 0123456789
[   19.395376] sched_clock: Marking stable (15606704806, 3788664531)->(20083896916, -688527579)
[   19.405969] hub 1-1.6:1.0: USB hub found
[   19.475588] registered taskstats version 1
[   19.485713] hub 1-1.6:1.0: 5 ports detected
[   19.504962] Loading compiled-in X.509 certificates
[   19.536780] Loaded X.509 cert 'Build time autogenerated kernel key: d2d62837a2f5890aea67edbd8762006f39039d3e'
[   19.565208] zswap: loaded using pool lzo/zbud
[   19.575841] Key type ._fscrypt registered
[   19.594757] Key type .fscrypt registered
[   19.610653] Key type big_key registered
[   19.618083] Key type encrypted registered
[   19.634763] AppArmor: AppArmor sha1 policy hashing enabled
[   19.645503] ima: No TPM chip found, activating TPM-bypass!
[   19.665312] ima: Allocated hash algorithm: sha1
[   19.684745] ima: No architecture policies found
[   19.695145] evm: Initialising EVM extended attributes:
[   19.714749] evm: security.selinux
[   19.724934] evm: security.SMACK64
[   19.734936] evm: security.SMACK64EXEC
[   19.745144] evm: security.SMACK64TRANSMUTE
[   19.763383] evm: security.SMACK64MMAP
[   19.765701] evm: security.apparmor
[   19.784734] evm: security.ima
[   19.785892] evm: security.capability
[   19.804740] evm: HMAC attrs: 0x1
[   19.815451] PM:   Magic number: 11:221:338
[   19.824175] usb 1-1.6.1: new high-speed USB device number 4 using ehci-pci
[   19.825165] tty tty59: hash matches
[   19.855710] rtc_cmos 00:02: setting system clock to 2023-02-17T16:21:14 UTC (1676650874)
[   19.896413] Freeing unused decrypted memory: 2040K
[   19.906188] Freeing unused kernel image memory: 2680K
[   19.944193] Write protecting the kernel read-only data: 22528k
[   19.955919] Freeing unused kernel image memory: 2008K
[   19.961810] usb 1-1.6.1: New USB device found, idVendor=0624, idProduct=0249, bcdDevice= 0.00
[   19.995352] usb 1-1.6.1: New USB device strings: Mfr=4, Product=5, SerialNumber=6
[   20.024735] usb 1-1.6.1: Product: Keyboard/Mouse Function
[   20.035308] usb 1-1.6.1: Manufacturer: Avocent
[   20.054730] usb 1-1.6.1: SerialNumber: 20121018
[   20.055032] Freeing unused kernel image memory: 1388K
[   20.092599] x86/mm: Checked W+X mappings: passed, no W+X pages found.
[   20.104734] x86/mm: Checking user space page tables
[   20.122956] x86/mm: Checked W+X mappings: passed, no W+X pages found.
[   20.135332] Run /init as init process
[   20.240499] dca service started, version 1.12.1
[   20.245884] hidraw: raw HID events driver (C) Jiri Kosina
[   20.265365] ahci 0000:00:1f.2: version 3.0
[   20.266077] igb: Intel(R) Gigabit Ethernet Network Driver - version 5.6.0-k
[   20.275681] ahci 0000:00:1f.2: AHCI 0001.0300 32 slots 6 ports 6 Gbps 0x3f impl SATA mode
[   20.285161] igb: Copyright (c) 2007-2014 Intel Corporation.
[   20.314720] ahci 0000:00:1f.2: flags: 64bit ncq sntf led clo pio slum part ems apst 
[   20.355139] mlx4_core: Mellanox ConnectX core driver v4.0-0
[   20.374739] mlx4_core: Initializing 0000:82:00.0
[   20.386548] ixgbe: Intel(R) 10 Gigabit PCI Express Network Driver - version 5.1.0-k
[   20.387385] usbcore: registered new interface driver usbhid
[   20.405550] ixgbe: Copyright (c) 1999-2016 Intel Corporation.
[   20.445165] usbhid: USB HID core driver
[   20.456801] input: Avocent Keyboard/Mouse Function as /devices/pci0000:00/0000:00:1a.0/usb1/1-1/1-1.6/1-1.6.1/1-1.6.1:1.0/0003:0624:0249.0001/input/input1
[   20.465053] igb 0000:02:00.0: added PHC on eth0
[   20.514954] igb 0000:02:00.0: Intel(R) Gigabit Ethernet Network Connection
[   20.535155] igb 0000:02:00.0: eth0: (PCIe:5.0Gb/s:Width x4) f0:4d:a2:73:fc:95
[   20.555410] igb 0000:02:00.0: eth0: PBA No: 105000-000
[   20.556285] hid-generic 0003:0624:0249.0001: input,hidraw0: USB HID v1.00 Keyboard [Avocent Keyboard/Mouse Function] on usb-0000:00:1a.0-1.6.1/input0
[   20.574917] igb 0000:02:00.0: Using MSI-X interrupts. 8 rx queue(s), 8 tx queue(s)
[   20.574940] scsi host0: ahci
[   20.615444] input: Avocent Keyboard/Mouse Function as /devices/pci0000:00/0000:00:1a.0/usb1/1-1/1-1.6/1-1.6.1/1-1.6.1:1.1/0003:0624:0249.0002/input/input2
[   20.645060] scsi host1: ahci
[   20.654880] hid-generic 0003:0624:0249.0002: input,hidraw1: USB HID v1.00 Mouse [Avocent Keyboard/Mouse Function] on usb-0000:00:1a.0-1.6.1/input1
[   20.695354] scsi host2: ahci
[   20.705013] input: Avocent Keyboard/Mouse Function as /devices/pci0000:00/0000:00:1a.0/usb1/1-1/1-1.6/1-1.6.1/1-1.6.1:1.2/0003:0624:0249.0003/input/input3
[   20.744907] scsi host3: ahci
[   20.754816] hid-generic 0003:0624:0249.0003: input,hidraw2: USB HID v1.00 Mouse [Avocent Keyboard/Mouse Function] on usb-0000:00:1a.0-1.6.1/input2
[   20.828517] ixgbe 0000:03:00.0: Multiqueue Enabled: Rx Queue count = 32, Tx Queue count = 32 XDP Queue count = 0
[   20.875413] ixgbe 0000:03:00.0: 32.000 Gb/s available PCIe bandwidth (5 GT/s x8 link)
[   20.895810] ixgbe 0000:03:00.0: MAC: 2, PHY: 14, SFP+: 3, PBA No: G73131-002
[   20.924732] ixgbe 0000:03:00.0: a0:36:9f:28:f9:70
[   20.935781] scsi host4: ahci
[   20.946533] scsi host5: ahci
[   20.954942] ixgbe 0000:03:00.0: Intel(R) 10 Gigabit Network Connection
[   20.977246] ata1: SATA max UDMA/133 abar m2048@0x91424000 port 0x91424100 irq 33
[   21.025800] ata2: SATA max UDMA/133 abar m2048@0x91424000 port 0x91424180 irq 33
[   21.054708] ata3: SATA max UDMA/133 abar m2048@0x91424000 port 0x91424200 irq 33
[   21.075124] ata4: SATA max UDMA/133 abar m2048@0x91424000 port 0x91424280 irq 33
[   21.095308] ata5: SATA max UDMA/133 abar m2048@0x91424000 port 0x91424300 irq 33
[   21.124707] ata6: SATA max UDMA/133 abar m2048@0x91424000 port 0x91424380 irq 33
[   21.145535] libphy: ixgbe-mdio: probed
[   21.155123] igb 0000:02:00.3: added PHC on eth2
[   21.174718] igb 0000:02:00.3: Intel(R) Gigabit Ethernet Network Connection
[   21.194708] igb 0000:02:00.3: eth2: (PCIe:5.0Gb/s:Width x4) f0:4d:a2:73:fc:96
[   21.214992] igb 0000:02:00.3: eth2: PBA No: 105000-000
[   21.234698] igb 0000:02:00.3: Using MSI-X interrupts. 8 rx queue(s), 8 tx queue(s)
[   21.260618] [drm] Using P2A bridge for configuration
[   21.274731] [drm] AST 2300 detected
[   21.284741] [drm] Analog VGA only
[   21.294950] [drm] dram MCLK=336 Mhz type=1 bus_width=16 size=01000000
[   21.295929] igb 0000:02:00.0 eno1: renamed from eth0
[   21.326500] [TTM] Zone  kernel: Available graphics memory: 32955800 KiB
[   21.345495] [TTM] Zone   dma32: Available graphics memory: 2097152 KiB
[   21.374702] [TTM] Initializing pool allocator
[   21.385094] [TTM] Initializing DMA pool allocator
[   21.401446] fbcon: astdrmfb (fb0) is primary device
[   21.408545] igb 0000:02:00.3 eno2: renamed from eth2
[   21.433392] Console: switching to colour frame buffer device 128x48
[   21.458413] ata1: SATA link up 3.0 Gbps (SStatus 123 SControl 300)
[   21.464745] ast 0000:06:00.0: fb0: astdrmfb frame buffer device
[   21.515582] ata6: SATA link down (SStatus 0 SControl 300)
[   21.535226] ata3: SATA link down (SStatus 0 SControl 300)
[   21.554963] ata4: SATA link down (SStatus 0 SControl 300)
[   21.565541] ata5: SATA link down (SStatus 0 SControl 300)
[   21.585356] ata2: SATA link up 3.0 Gbps (SStatus 123 SControl 300)
[   21.670743] ata1.00: ATA-9: ST1000NM0033-9ZM173,     GA06, max UDMA/133
[   21.684720] ata1.00: 1953525168 sectors, multi 16: LBA48 NCQ (depth 32), AA
[   21.705074] ata2.00: ATA-9: ST1000NM0033-9ZM173,     GA06, max UDMA/133
[   21.724912] ata2.00: 1953525168 sectors, multi 16: LBA48 NCQ (depth 32), AA
[   21.740139] [drm] Initialized ast 0.1.0 20120228 for 0000:06:00.0 on minor 0
[   21.745328] ata1.00: configured for UDMA/133
[   21.784940] scsi 0:0:0:0: Direct-Access     ATA      ST1000NM0033-9ZM GA06 PQ: 0 ANSI: 5
[   21.785022] ata2.00: configured for UDMA/133
[   21.805371] sd 0:0:0:0: Attached scsi generic sg0 type 0
[   21.805453] sd 0:0:0:0: [sda] 1953525168 512-byte logical blocks: (1.00 TB/932 GiB)
[   21.805468] sd 0:0:0:0: [sda] Write Protect is off
[   21.805469] sd 0:0:0:0: [sda] Mode Sense: 00 3a 00 00
[   21.805489] sd 0:0:0:0: [sda] Write cache: enabled, read cache: enabled, doesn't support DPO or FUA
[   21.905191] scsi 1:0:0:0: Direct-Access     ATA      ST1000NM0033-9ZM GA06 PQ: 0 ANSI: 5
[   21.925505] sd 1:0:0:0: Attached scsi generic sg1 type 0
[   21.925512] sd 1:0:0:0: [sdb] 1953525168 512-byte logical blocks: (1.00 TB/932 GiB)
[   21.965334] sd 1:0:0:0: [sdb] Write Protect is off
[   21.973346]  sda: sda1
[   21.984909] sd 1:0:0:0: [sdb] Mode Sense: 00 3a 00 00
[   21.984919] sd 1:0:0:0: [sdb] Write cache: enabled, read cache: enabled, doesn't support DPO or FUA
[   21.995343] sd 0:0:0:0: [sda] Attached SCSI disk
[   22.299643] sd 1:0:0:0: [sdb] Attached SCSI disk
[   22.504601] ixgbe 0000:03:00.1: Multiqueue Enabled: Rx Queue count = 32, Tx Queue count = 32 XDP Queue count = 0
[   22.535004] ixgbe 0000:03:00.1: 32.000 Gb/s available PCIe bandwidth (5 GT/s x8 link)
[   22.555477] ixgbe 0000:03:00.1: MAC: 2, PHY: 1, PBA No: G73131-002
[   22.575120] ixgbe 0000:03:00.1: a0:36:9f:28:f9:72
[   22.588188] ixgbe 0000:03:00.1: Intel(R) 10 Gigabit Network Connection
[   22.614720] libphy: ixgbe-mdio: probed
[   22.625652] ixgbe 0000:03:00.1 enp3s0f1: renamed from eth0
[   22.936531] ixgbe 0000:03:00.0 enp3s0f0: renamed from eth1
[   26.688269] mlx4_core 0000:82:00.0: DMFS high rate steer mode is: disabled performance optimized steering
[   26.714883] mlx4_core 0000:82:00.0: 63.008 Gb/s available PCIe bandwidth (8 GT/s x8 link)
[   26.860840] <mlx4_ib> mlx4_ib_add: mlx4_ib: Mellanox ConnectX InfiniBand driver v4.0-0
[   26.875743] <mlx4_ib> mlx4_ib_add: counter index 0 for port 1 allocated 0
[   27.221150] EXT4-fs (sda1): mounting ext3 file system using the ext4 subsystem
[   27.259253] EXT4-fs (sda1): mounted filesystem with ordered data mode. Opts: (null)
[   28.488541] systemd[1]: systemd 237 running in system mode. (+PAM +AUDIT +SELINUX +IMA +APPARMOR +SMACK +SYSVINIT +UTMP +LIBCRYPTSETUP +GCRYPT +GNUTLS +ACL +XZ +LZ4 +SECCOMP +BLKID +ELFUTILS +KMOD -IDN2 +IDN -PCRE2 default-hierarchy=hybrid)
[   28.565672] systemd[1]: Detected architecture x86-64.
[   28.607677] systemd[1]: No hostname configured.
[   28.615168] systemd[1]: Set hostname to <localhost>.
[   29.866339] systemd[1]: Set up automount Arbitrary Executable File Formats File System Automount Point.
[   29.904399] systemd[1]: Created slice System Slice.
[   29.924310] systemd[1]: Listening on Journal Audit Socket.
[   29.944256] systemd[1]: Listening on fsck to fsckd communication Socket.
[   29.976249] systemd[1]: Listening on udev Kernel Socket.
[   29.996374] systemd[1]: Created slice system-serial\x2dgetty.slice.
[   30.298313] knem: loading out-of-tree module taints kernel.
[   30.314587] knem: module verification failed: signature and/or required key missing - tainting kernel
[   30.344973] knem 1.1.4.90mlnx1: initialized
[   30.477558] EXT4-fs (sda1): re-mounted. Opts: errors=remount-ro
[   30.553816] systemd-journald[654]: Received request to flush runtime journal from PID 1
[   30.719844] Loading iSCSI transport class v2.0-870.
[   30.719935] RPC: Registered named UNIX socket transport module.
[   30.744761] RPC: Registered udp transport module.
[   30.755122] RPC: Registered tcp transport module.
[   30.774749] RPC: Registered tcp NFSv4.1 backchannel transport module.
[   30.936099] iscsi: registered transport (tcp)
[   30.985075] Compat-mlnx-ofed backport release: 6a3b71e
[   30.995155] Backport based on mlnx_ofed/mlnx-ofa_kernel-4.0.git 6a3b71e
[   31.015368] compat.git: mlnx_ofed/mlnx-ofa_kernel-4.0.git
[   31.064714] ib_cm: disagrees about version of symbol ib_unregister_client
[   31.084746] ib_cm: Unknown symbol ib_unregister_client (err -22)
[   31.104563] ib_cm: disagrees about version of symbol ib_init_ah_attr_from_path
[   31.104564] ib_cm: Unknown symbol ib_init_ah_attr_from_path (err -22)
[   31.104570] ib_cm: disagrees about version of symbol ib_port_unregister_module_stat
[   31.104571] ib_cm: Unknown symbol ib_port_unregister_module_stat (err -22)
[   31.104574] ib_cm: disagrees about version of symbol ib_port_register_module_stat
[   31.104574] ib_cm: Unknown symbol ib_port_register_module_stat (err -22)
[   31.104580] ib_cm: disagrees about version of symbol rdma_query_gid
[   31.104581] ib_cm: Unknown symbol rdma_query_gid (err -22)
[   31.104584] ib_cm: disagrees about version of symbol ib_modify_port
[   31.104585] ib_cm: Unknown symbol ib_modify_port (err -22)
[   31.104593] ib_cm: disagrees about version of symbol ib_cancel_mad
[   31.104593] ib_cm: Unknown symbol ib_cancel_mad (err -22)
[   31.104597] ib_cm: disagrees about version of symbol rdma_create_ah
[   31.104597] ib_cm: Unknown symbol rdma_create_ah (err -22)
[   31.104600] ib_cm: disagrees about version of symbol ib_init_ah_attr_from_wc
[   31.104601] ib_cm: Unknown symbol ib_init_ah_attr_from_wc (err -22)
[   31.104605] ib_cm: disagrees about version of symbol ib_find_cached_pkey
[   31.104606] ib_cm: Unknown symbol ib_find_cached_pkey (err -22)
[   31.104614] ib_cm: disagrees about version of symbol ib_register_client
[   31.484516] ib_cm: Unknown symbol ib_register_client (err -22)
[   31.504540] ib_cm: disagrees about version of symbol ib_unregister_mad_agent
[   31.524550] ib_cm: Unknown symbol ib_unregister_mad_agent (err -22)
[   31.544559] ib_cm: disagrees about version of symbol ib_post_send_mad
[   31.564563] ib_cm: Unknown symbol ib_post_send_mad (err -22)
[   31.584508] ib_cm: disagrees about version of symbol ib_create_send_mad
[   31.604542] ib_cm: Unknown symbol ib_create_send_mad (err -22)
[   31.615334] ib_cm: disagrees about version of symbol rdma_destroy_ah_attr
[   31.644716] ib_cm: Unknown symbol rdma_destroy_ah_attr (err -22)
[   31.664530] ib_cm: disagrees about version of symbol ib_set_client_data
[   31.684708] ib_cm: Unknown symbol ib_set_client_data (err -22)
[   31.695488] ib_cm: disagrees about version of symbol ib_get_cached_pkey
[   31.724521] ib_cm: Unknown symbol ib_get_cached_pkey (err -22)
[   31.744499] ib_cm: disagrees about version of symbol rdma_put_gid_attr
[   31.764526] ib_cm: Unknown symbol rdma_put_gid_attr (err -22)
[   31.775332] ib_cm: disagrees about version of symbol rdma_destroy_ah_user
[   31.795479] ib_cm: Unknown symbol rdma_destroy_ah_user (err -22)
[   31.815321] ib_cm: disagrees about version of symbol ib_free_send_mad
[   31.835310] ib_cm: Unknown symbol ib_free_send_mad (err -22)
[   31.835343] ib_cm: disagrees about version of symbol ib_wc_status_msg
[   31.835343] ib_cm: Unknown symbol ib_wc_status_msg (err -22)
[   31.835384] ib_cm: disagrees about version of symbol rdma_move_ah_attr
[   31.915107] ib_cm: Unknown symbol rdma_move_ah_attr (err -22)
[   31.934913] ib_cm: disagrees about version of symbol rdma_find_gid
[   31.954801] ib_cm: Unknown symbol rdma_find_gid (err -22)
[   31.954903] lpc_ich 0000:00:1f.0: No MFD cells added
[   31.985359] ib_cm: disagrees about version of symbol ib_free_recv_mad
[   32.005315] ib_cm: Unknown symbol ib_free_recv_mad (err -22)
[   32.005374] ib_cm: disagrees about version of symbol ib_register_mad_agent
[   32.045105] ib_cm: Unknown symbol ib_register_mad_agent (err -22)
[   32.045146] ib_cm: disagrees about version of symbol ib_modify_mad
[   32.045146] ib_cm: Unknown symbol ib_modify_mad (err -22)
[   32.045150] ib_cm: disagrees about version of symbol ib_create_ah_from_wc
[   32.045150] ib_cm: Unknown symbol ib_create_ah_from_wc (err -22)
[   32.148531] dcdbas dcdbas: Dell Systems Management Base Driver (version 5.6.0-3.3)
[   32.175900] ioatdma: Intel(R) QuickData Technology Driver 5.00
[   32.176675] IPMI message handler: version 39.2
[   32.188249] igb 0000:02:00.0: DCA enabled
[   32.224557] igb 0000:02:00.3: DCA enabled
[   32.224965] ipmi device interface
[   32.252320] RAPL PMU: API unit is 2^-32 Joules, 3 fixed counters, 163840 ms ovfl timer
[   32.274908] RAPL PMU: hw unit of domain pp0-core 2^-16 Joules
[   32.294534] RAPL PMU: hw unit of domain package 2^-16 Joules
[   32.294534] RAPL PMU: hw unit of domain dram 2^-16 Joules
[   32.349769] mei_me 0000:00:16.0: Device doesn't have valid ME Interface
[   32.355428] ipmi_si: IPMI System Interface driver
[   32.374965] ipmi_si dmi-ipmi-si.0: ipmi_platform: probing via SMBIOS
[   32.374968] ipmi_si dmi-ipmi-si.0: IRQ index 0 not found
[   32.374970] ipmi_platform: ipmi_si: SMBIOS: io 0xca8 regsize 1 spacing 4 irq 0
[   32.374971] ipmi_si: Adding SMBIOS-specified kcs state machine
[   32.375036] ipmi_si IPI0001:00: ipmi_platform: probing via ACPI
[   32.375324] ipmi_si IPI0001:00: IRQ index 0 not found
[   32.375327] ipmi_si IPI0001:00: ipmi_platform: [io  0x0ca8] regsize 1 spacing 4 irq 0
[   32.375329] ipmi_si dmi-ipmi-si.0: Removing SMBIOS-specified kcs state machine in favor of ACPI
[   32.375330] ipmi_si: Adding ACPI-specified kcs state machine
[   32.375406] ipmi_si: Trying ACPI-specified kcs state machine at i/o address 0xca8, slave address 0x20, irq 0
[   32.761206] ipmi_si IPI0001:00: IPMI message handler: Found new BMC (man_id: 0x0002a2, prod_id: 0x008b, dev_id: 0x20)
[   32.848619] ipmi_si IPI0001:00: IPMI kcs interface initialized
[   32.898160] cryptd: max_cpu_qlen set to 1000
[   32.956656] ipmi_ssif: IPMI SSIF Interface driver
[   33.038938] AVX version of gcm_enc/dec engaged.
[   33.038939] AES CTR mode by8 optimization enabled
[   33.782605] EDAC sbridge: Seeking for: PCI ID 8086:0ea0
[   33.782624] EDAC sbridge: Seeking for: PCI ID 8086:0ea0
[   33.782638] EDAC sbridge: Seeking for: PCI ID 8086:0ea0
[   33.782644] EDAC sbridge: Seeking for: PCI ID 8086:0e60
[   33.782653] EDAC sbridge: Seeking for: PCI ID 8086:0ea8
[   33.782658] EDAC sbridge: Seeking for: PCI ID 8086:0ea8
[   33.782664] EDAC sbridge: Seeking for: PCI ID 8086:0ea8
[   33.782669] EDAC sbridge: Seeking for: PCI ID 8086:0e71
[   33.782676] EDAC sbridge: Seeking for: PCI ID 8086:0e71
[   33.782682] EDAC sbridge: Seeking for: PCI ID 8086:0e71
[   33.782685] EDAC sbridge: Seeking for: PCI ID 8086:0eaa
[   33.782691] EDAC sbridge: Seeking for: PCI ID 8086:0eaa
[   33.782698] EDAC sbridge: Seeking for: PCI ID 8086:0eaa
[   33.782700] EDAC sbridge: Seeking for: PCI ID 8086:0eab
[   33.782707] EDAC sbridge: Seeking for: PCI ID 8086:0eab
[   33.782714] EDAC sbridge: Seeking for: PCI ID 8086:0eab
[   33.782716] EDAC sbridge: Seeking for: PCI ID 8086:0eac
[   33.782723] EDAC sbridge: Seeking for: PCI ID 8086:0eac
[   33.782730] EDAC sbridge: Seeking for: PCI ID 8086:0eac
[   33.782732] EDAC sbridge: Seeking for: PCI ID 8086:0ead
[   33.782739] EDAC sbridge: Seeking for: PCI ID 8086:0ead
[   33.782746] EDAC sbridge: Seeking for: PCI ID 8086:0ead
[   33.782748] EDAC sbridge: Seeking for: PCI ID 8086:0e68
[   33.782759] EDAC sbridge: Seeking for: PCI ID 8086:0e79
[   33.782770] EDAC sbridge: Seeking for: PCI ID 8086:0e6a
[   33.782781] EDAC sbridge: Seeking for: PCI ID 8086:0e6b
[   33.782791] EDAC sbridge: Seeking for: PCI ID 8086:0e6c
[   33.782803] EDAC sbridge: Seeking for: PCI ID 8086:0e6d
[   33.782814] EDAC sbridge: Seeking for: PCI ID 8086:0eb8
[   33.782825] EDAC sbridge: Seeking for: PCI ID 8086:0ebc
[   33.782836] EDAC sbridge: Seeking for: PCI ID 8086:0ec8
[   33.782845] EDAC sbridge: Seeking for: PCI ID 8086:0ec8
[   33.782852] EDAC sbridge: Seeking for: PCI ID 8086:0ec8
[   33.782853] EDAC sbridge: Seeking for: PCI ID 8086:0ec9
[   33.782873] EDAC sbridge: Seeking for: PCI ID 8086:0ec9
[   33.782879] EDAC sbridge: Seeking for: PCI ID 8086:0ec9
[   33.782880] EDAC sbridge: Seeking for: PCI ID 8086:0eca
[   33.782887] EDAC sbridge: Seeking for: PCI ID 8086:0eca
[   33.782894] EDAC sbridge: Seeking for: PCI ID 8086:0eca
[   33.783030] EDAC MC0: Giving out device to module sb_edac controller Ivy Bridge SrcID#0_Ha#0: DEV 0000:7f:0e.0 (INTERRUPT)
[   33.783126] EDAC MC1: Giving out device to module sb_edac controller Ivy Bridge SrcID#1_Ha#0: DEV 0000:ff:0e.0 (INTERRUPT)
[   33.783126] EDAC sbridge:  Ver: 1.1.2 
[   33.821637] intel_rapl_common: Found RAPL domain package
[   33.821639] intel_rapl_common: Found RAPL domain core
[   33.821641] intel_rapl_common: Found RAPL domain dram
[   33.822144] intel_rapl_common: Found RAPL domain package
[   33.822145] intel_rapl_common: Found RAPL domain core
[   33.822149] intel_rapl_common: Found RAPL domain dram
[   34.278505] ixgbe 0000:03:00.1: registered PHC device on enp3s0f1
[   34.582506] ixgbe 0000:03:00.0: registered PHC device on enp3s0f0
[   34.760191] ixgbe 0000:03:00.0 enp3s0f0: detected SFP+: 3
[   35.004256] ixgbe 0000:03:00.0 enp3s0f0: NIC Link is Up 10 Gbps, Flow Control: RX/TX
[   35.004385] IPv6: ADDRCONF(NETDEV_CHANGE): enp3s0f0: link becomes ready
[   37.648533] igb 0000:02:00.0 eno1: igb: eno1 NIC Link is Up 1000 Mbps Full Duplex, Flow Control: RX/TX
[   37.648666] IPv6: ADDRCONF(NETDEV_CHANGE): eno1: link becomes ready
[   38.813575] Compat-mlnx-ofed backport release: 6a3b71e
[   38.813576] Backport based on mlnx_ofed/mlnx-ofa_kernel-4.0.git 6a3b71e
[   38.813576] compat.git: mlnx_ofed/mlnx-ofa_kernel-4.0.git
[   38.826503] mlx4_core: Mellanox ConnectX core driver v4.9-6.0.6
[   38.826542] mlx4_core: Initializing 0000:82:00.0
[   43.593642] mlx4_core: device is working in RoCE mode: Roce V1
[   43.593643] mlx4_core: UD QP Gid type is: V1
[   44.936828] mlx4_core 0000:82:00.0: DMFS high rate steer mode is: default performance
[   44.937034] mlx4_core 0000:82:00.0: 63.008 Gb/s available PCIe bandwidth (8 GT/s x8 link)
[   45.084744] <mlx4_ib> mlx4_ib_add: mlx4_ib: Mellanox ConnectX InfiniBand driver v4.9-6.0.6
[   45.085595] <mlx4_ib> mlx4_ib_add: counter index 0 for port 1 allocated 0
[   45.138921] mlx4_en: Mellanox ConnectX HCA Ethernet driver v4.9-6.0.6
[   45.392752] card: mlx4_0, QP: 0x220, inline size: 120
[   45.502215] iscsi: registered transport (iser)
[   53.418311] ixgbe 0000:03:00.0: removed PHC on enp3s0f0
[   53.489868] ixgbe 0000:03:00.1: removed PHC on enp3s0f1
[   95.175560] mlx4_core 0000:82:00.0: command 0x24 failed: fw status = 0x30
[   95.379319] mlx4_core 0000:82:00.0: command 0x24 failed: fw status = 0x30
[   95.583357] mlx4_core 0000:82:00.0: command 0x24 failed: fw status = 0x30
[   95.787254] mlx4_core 0000:82:00.0: command 0x24 failed: fw status = 0x30
[  114.759413] mlx4_core 0000:82:00.0: command 0x24 failed: fw status = 0x30
[  114.962705] mlx4_core 0000:82:00.0: command 0x24 failed: fw status = 0x30
[  115.166672] mlx4_core 0000:82:00.0: command 0x24 failed: fw status = 0x30
[  115.370680] mlx4_core 0000:82:00.0: command 0x24 failed: fw status = 0x30
[  122.903231] initializing IPOD
[  124.503772] FS-Cache: Loaded
[  124.586425] FS-Cache: Netfs 'nfs' registered for caching
[  127.452110] irq 62: Affinity broken due to vector space exhaustion.
[  127.452159] irq 63: Affinity broken due to vector space exhaustion.
[  127.452173] irq 64: Affinity broken due to vector space exhaustion.
[  127.452196] irq 65: Affinity broken due to vector space exhaustion.
[  127.452203] irq 66: Affinity broken due to vector space exhaustion.
[  127.452211] irq 67: Affinity broken due to vector space exhaustion.
[  127.452219] irq 68: Affinity broken due to vector space exhaustion.
[  127.452232] irq 69: Affinity broken due to vector space exhaustion.
[  127.452297] irq 80: Affinity broken due to vector space exhaustion.
[  127.452304] irq 81: Affinity broken due to vector space exhaustion.
[  127.452311] irq 82: Affinity broken due to vector space exhaustion.
[  127.452319] irq 83: Affinity broken due to vector space exhaustion.
[  127.452326] irq 84: Affinity broken due to vector space exhaustion.
[  127.452333] irq 85: Affinity broken due to vector space exhaustion.
[  127.452341] irq 86: Affinity broken due to vector space exhaustion.
[  127.452348] irq 87: Affinity broken due to vector space exhaustion.
[  127.452494] ixgbe 0000:03:00.0: registered PHC device on enp3s0f0
[  127.624918] ixgbe 0000:03:00.0 enp3s0f0: detected SFP+: 3
[  127.876239] ixgbe 0000:03:00.0 enp3s0f0: NIC Link is Up 10 Gbps, Flow Control: RX/TX
[  127.876400] IPv6: ADDRCONF(NETDEV_CHANGE): enp3s0f0: link becomes ready
[  136.062317] mlx4_core 0000:82:00.0: command 0x24 failed: fw status = 0x30
[  136.266119] mlx4_core 0000:82:00.0: command 0x24 failed: fw status = 0x30
[  136.470534] mlx4_core 0000:82:00.0: command 0x24 failed: fw status = 0x30
[  136.674430] mlx4_core 0000:82:00.0: command 0x24 failed: fw status = 0x30
[  155.646248] mlx4_core 0000:82:00.0: command 0x24 failed: fw status = 0x30
[  155.849835] mlx4_core 0000:82:00.0: command 0x24 failed: fw status = 0x30
[  156.053861] mlx4_core 0000:82:00.0: command 0x24 failed: fw status = 0x30
[  156.257830] mlx4_core 0000:82:00.0: command 0x24 failed: fw status = 0x30
[  176.953464] mlx4_core 0000:82:00.0: command 0x24 failed: fw status = 0x30
[  177.157312] mlx4_core 0000:82:00.0: command 0x24 failed: fw status = 0x30
[  177.360914] mlx4_core 0000:82:00.0: command 0x24 failed: fw status = 0x30
[  177.564942] mlx4_core 0000:82:00.0: command 0x24 failed: fw status = 0x30
[  196.536864] mlx4_core 0000:82:00.0: command 0x24 failed: fw status = 0x30
[  196.740646] mlx4_core 0000:82:00.0: command 0x24 failed: fw status = 0x30
[  196.944569] mlx4_core 0000:82:00.0: command 0x24 failed: fw status = 0x30
[  197.148668] mlx4_core 0000:82:00.0: command 0x24 failed: fw status = 0x30
[  217.840371] mlx4_core 0000:82:00.0: command 0x24 failed: fw status = 0x30
[  218.044026] mlx4_core 0000:82:00.0: command 0x24 failed: fw status = 0x30
[  218.247835] mlx4_core 0000:82:00.0: command 0x24 failed: fw status = 0x30
[  218.452016] mlx4_core 0000:82:00.0: command 0x24 failed: fw status = 0x30
[  237.423741] mlx4_core 0000:82:00.0: command 0x24 failed: fw status = 0x30
[  237.627455] mlx4_core 0000:82:00.0: command 0x24 failed: fw status = 0x30
[  237.831526] mlx4_core 0000:82:00.0: command 0x24 failed: fw status = 0x30
[  238.035439] mlx4_core 0000:82:00.0: command 0x24 failed: fw status = 0x30
[  258.730890] mlx4_core 0000:82:00.0: command 0x24 failed: fw status = 0x30
[  258.934680] mlx4_core 0000:82:00.0: command 0x24 failed: fw status = 0x30
[  259.138674] mlx4_core 0000:82:00.0: command 0x24 failed: fw status = 0x30
[  259.342693] mlx4_core 0000:82:00.0: command 0x24 failed: fw status = 0x30
[  278.314664] mlx4_core 0000:82:00.0: command 0x24 failed: fw status = 0x30
[  278.518125] mlx4_core 0000:82:00.0: command 0x24 failed: fw status = 0x30
[  278.722343] mlx4_core 0000:82:00.0: command 0x24 failed: fw status = 0x30
[  278.925968] mlx4_core 0000:82:00.0: command 0x24 failed: fw status = 0x30
[  299.621721] mlx4_core 0000:82:00.0: command 0x24 failed: fw status = 0x30
[  299.825712] mlx4_core 0000:82:00.0: command 0x24 failed: fw status = 0x30
[  300.029573] mlx4_core 0000:82:00.0: command 0x24 failed: fw status = 0x30
[  300.233879] mlx4_core 0000:82:00.0: command 0x24 failed: fw status = 0x30
[  319.205581] mlx4_core 0000:82:00.0: command 0x24 failed: fw status = 0x30
[  319.409144] mlx4_core 0000:82:00.0: command 0x24 failed: fw status = 0x30
[  319.613170] mlx4_core 0000:82:00.0: command 0x24 failed: fw status = 0x30
[  319.816873] mlx4_core 0000:82:00.0: command 0x24 failed: fw status = 0x30
[  340.508747] mlx4_core 0000:82:00.0: command 0x24 failed: fw status = 0x30
[  340.712497] mlx4_core 0000:82:00.0: command 0x24 failed: fw status = 0x30
[  340.916578] mlx4_core 0000:82:00.0: command 0x24 failed: fw status = 0x30
[  341.120599] mlx4_core 0000:82:00.0: command 0x24 failed: fw status = 0x30
[  360.096439] mlx4_core 0000:82:00.0: command 0x24 failed: fw status = 0x30
[  360.299869] mlx4_core 0000:82:00.0: command 0x24 failed: fw status = 0x30
[  360.503962] mlx4_core 0000:82:00.0: command 0x24 failed: fw status = 0x30
[  360.707729] mlx4_core 0000:82:00.0: command 0x24 failed: fw status = 0x30
[  381.407631] mlx4_core 0000:82:00.0: command 0x24 failed: fw status = 0x30
[  381.611349] mlx4_core 0000:82:00.0: command 0x24 failed: fw status = 0x30
[  381.815077] mlx4_core 0000:82:00.0: command 0x24 failed: fw status = 0x30
[  382.019303] mlx4_core 0000:82:00.0: command 0x24 failed: fw status = 0x30
[  400.991281] mlx4_core 0000:82:00.0: command 0x24 failed: fw status = 0x30
[  401.194933] mlx4_core 0000:82:00.0: command 0x24 failed: fw status = 0x30
[  401.398746] mlx4_core 0000:82:00.0: command 0x24 failed: fw status = 0x30
[  401.602725] mlx4_core 0000:82:00.0: command 0x24 failed: fw status = 0x30
[  422.294438] mlx4_core 0000:82:00.0: command 0x24 failed: fw status = 0x30
[  422.497931] mlx4_core 0000:82:00.0: command 0x24 failed: fw status = 0x30
[  422.702106] mlx4_core 0000:82:00.0: command 0x24 failed: fw status = 0x30
[  422.905912] mlx4_core 0000:82:00.0: command 0x24 failed: fw status = 0x30
[  441.877914] mlx4_core 0000:82:00.0: command 0x24 failed: fw status = 0x30
[  442.081773] mlx4_core 0000:82:00.0: command 0x24 failed: fw status = 0x30
[  442.285605] mlx4_core 0000:82:00.0: command 0x24 failed: fw status = 0x30
[  442.489563] mlx4_core 0000:82:00.0: command 0x24 failed: fw status = 0x30
[  463.184964] mlx4_core 0000:82:00.0: command 0x24 failed: fw status = 0x30
[  463.388788] mlx4_core 0000:82:00.0: command 0x24 failed: fw status = 0x30
[  463.592800] mlx4_core 0000:82:00.0: command 0x24 failed: fw status = 0x30
[  463.796927] mlx4_core 0000:82:00.0: command 0x24 failed: fw status = 0x30
[  482.768802] mlx4_core 0000:82:00.0: command 0x24 failed: fw status = 0x30
[  482.972443] mlx4_core 0000:82:00.0: command 0x24 failed: fw status = 0x30
[  483.176394] mlx4_core 0000:82:00.0: command 0x24 failed: fw status = 0x30
[  483.380361] mlx4_core 0000:82:00.0: command 0x24 failed: fw status = 0x30
[  504.075933] mlx4_core 0000:82:00.0: command 0x24 failed: fw status = 0x30
[  504.279978] mlx4_core 0000:82:00.0: command 0x24 failed: fw status = 0x30
[  504.483780] mlx4_core 0000:82:00.0: command 0x24 failed: fw status = 0x30
[  504.687654] mlx4_core 0000:82:00.0: command 0x24 failed: fw status = 0x30
[  523.659669] mlx4_core 0000:82:00.0: command 0x24 failed: fw status = 0x30
[  523.863131] mlx4_core 0000:82:00.0: command 0x24 failed: fw status = 0x30
[  524.067057] mlx4_core 0000:82:00.0: command 0x24 failed: fw status = 0x30
[  524.271065] mlx4_core 0000:82:00.0: command 0x24 failed: fw status = 0x30
[  544.966864] mlx4_core 0000:82:00.0: command 0x24 failed: fw status = 0x30
[  545.170593] mlx4_core 0000:82:00.0: command 0x24 failed: fw status = 0x30
[  545.374803] mlx4_core 0000:82:00.0: command 0x24 failed: fw status = 0x30
[  545.578631] mlx4_core 0000:82:00.0: command 0x24 failed: fw status = 0x30
[  564.550589] mlx4_core 0000:82:00.0: command 0x24 failed: fw status = 0x30
[  564.753926] mlx4_core 0000:82:00.0: command 0x24 failed: fw status = 0x30
[  564.957972] mlx4_core 0000:82:00.0: command 0x24 failed: fw status = 0x30
[  565.161883] mlx4_core 0000:82:00.0: command 0x24 failed: fw status = 0x30
[  585.857742] mlx4_core 0000:82:00.0: command 0x24 failed: fw status = 0x30
[  586.061578] mlx4_core 0000:82:00.0: command 0x24 failed: fw status = 0x30
[  586.265499] mlx4_core 0000:82:00.0: command 0x24 failed: fw status = 0x30
[  586.469145] mlx4_core 0000:82:00.0: command 0x24 failed: fw status = 0x30
[  605.441394] mlx4_core 0000:82:00.0: command 0x24 failed: fw status = 0x30
[  605.644844] mlx4_core 0000:82:00.0: command 0x24 failed: fw status = 0x30
[  605.848908] mlx4_core 0000:82:00.0: command 0x24 failed: fw status = 0x30
[  606.052871] mlx4_core 0000:82:00.0: command 0x24 failed: fw status = 0x30
[  626.748609] mlx4_core 0000:82:00.0: command 0x24 failed: fw status = 0x30
[  626.952047] mlx4_core 0000:82:00.0: command 0x24 failed: fw status = 0x30
[  627.156120] mlx4_core 0000:82:00.0: command 0x24 failed: fw status = 0x30
[  627.360088] mlx4_core 0000:82:00.0: command 0x24 failed: fw status = 0x30
[  646.332276] mlx4_core 0000:82:00.0: command 0x24 failed: fw status = 0x30
[  646.535709] mlx4_core 0000:82:00.0: command 0x24 failed: fw status = 0x30
[  646.739700] mlx4_core 0000:82:00.0: command 0x24 failed: fw status = 0x30
[  646.943658] mlx4_core 0000:82:00.0: command 0x24 failed: fw status = 0x30
[  667.639440] mlx4_core 0000:82:00.0: command 0x24 failed: fw status = 0x30
[  667.843126] mlx4_core 0000:82:00.0: command 0x24 failed: fw status = 0x30
[  668.047079] mlx4_core 0000:82:00.0: command 0x24 failed: fw status = 0x30
[  668.250959] mlx4_core 0000:82:00.0: command 0x24 failed: fw status = 0x30
[  687.223022] mlx4_core 0000:82:00.0: command 0x24 failed: fw status = 0x30
[  687.426579] mlx4_core 0000:82:00.0: command 0x24 failed: fw status = 0x30
[  687.630570] mlx4_core 0000:82:00.0: command 0x24 failed: fw status = 0x30
[  687.834681] mlx4_core 0000:82:00.0: command 0x24 failed: fw status = 0x30
[  708.530273] mlx4_core 0000:82:00.0: command 0x24 failed: fw status = 0x30
[  708.733891] mlx4_core 0000:82:00.0: command 0x24 failed: fw status = 0x30
[  708.937876] mlx4_core 0000:82:00.0: command 0x24 failed: fw status = 0x30
[  709.141878] mlx4_core 0000:82:00.0: command 0x24 failed: fw status = 0x30
[  728.113839] mlx4_core 0000:82:00.0: command 0x24 failed: fw status = 0x30
[  728.317174] mlx4_core 0000:82:00.0: command 0x24 failed: fw status = 0x30
[  728.521591] mlx4_core 0000:82:00.0: command 0x24 failed: fw status = 0x30
[  728.725459] mlx4_core 0000:82:00.0: command 0x24 failed: fw status = 0x30
[  749.420959] mlx4_core 0000:82:00.0: command 0x24 failed: fw status = 0x30
[  749.624755] mlx4_core 0000:82:00.0: command 0x24 failed: fw status = 0x30
[  749.828732] mlx4_core 0000:82:00.0: command 0x24 failed: fw status = 0x30
[  750.032685] mlx4_core 0000:82:00.0: command 0x24 failed: fw status = 0x30
[  769.004702] mlx4_core 0000:82:00.0: command 0x24 failed: fw status = 0x30
[  769.208293] mlx4_core 0000:82:00.0: command 0x24 failed: fw status = 0x30
[  769.412307] mlx4_core 0000:82:00.0: command 0x24 failed: fw status = 0x30
[  769.616008] mlx4_core 0000:82:00.0: command 0x24 failed: fw status = 0x30
[  790.311931] mlx4_core 0000:82:00.0: command 0x24 failed: fw status = 0x30
[  790.515694] mlx4_core 0000:82:00.0: command 0x24 failed: fw status = 0x30
[  790.719441] mlx4_core 0000:82:00.0: command 0x24 failed: fw status = 0x30
[  790.923679] mlx4_core 0000:82:00.0: command 0x24 failed: fw status = 0x30
[  809.895738] mlx4_core 0000:82:00.0: command 0x24 failed: fw status = 0x30
[  810.099094] mlx4_core 0000:82:00.0: command 0x24 failed: fw status = 0x30
