[    0.000000] microcode: microcode updated early to revision 0x42e, date = 2019-03-14
[    0.000000] Linux version 5.4.0 (root@cpu-server.memliner-c6220.cloudprof-pg0.apt.emulab.net) (gcc version 5.5.0 20171010 (Ubuntu 5.5.0-12ubuntu1)) #1 SMP Thu Feb 16 21:27:24 MST 2023
[    0.000000] Command line: BOOT_IMAGE=/boot/vmlinuz-5.4.0 root=UUID=5fac4c69-51f6-47af-9773-a0d722426942 ro console=ttyS1,115200
[    0.000000] KERNEL supported cpus:
[    0.000000]   Intel GenuineIntel
[    0.000000]   AMD AuthenticAMD
[    0.000000]   Hygon HygonGenuine
[    0.000000]   Centaur CentaurHauls
[    0.000000]   zhaoxin   Shanghai  
[    0.000000] x86/fpu: Supporting XSAVE feature 0x001: 'x87 floating point registers'
[    0.000000] x86/fpu: Supporting XSAVE feature 0x002: 'SSE registers'
[    0.000000] x86/fpu: Supporting XSAVE feature 0x004: 'AVX registers'
[    0.000000] x86/fpu: xstate_offset[2]:  576, xstate_sizes[2]:  256
[    0.000000] x86/fpu: Enabled xstate features 0x7, context size is 832 bytes, using 'standard' format.
[    0.000000] BIOS-provided physical RAM map:
[    0.000000] BIOS-e820: [mem 0x0000000000000000-0x000000000009dfff] usable
[    0.000000] BIOS-e820: [mem 0x000000000009e000-0x000000000009ffff] reserved
[    0.000000] BIOS-e820: [mem 0x00000000000e0000-0x00000000000fffff] reserved
[    0.000000] BIOS-e820: [mem 0x0000000000100000-0x00000000783d5fff] usable
[    0.000000] BIOS-e820: [mem 0x00000000783d6000-0x00000000797d5fff] reserved
[    0.000000] BIOS-e820: [mem 0x00000000797d6000-0x000000007e2fefff] usable
[    0.000000] BIOS-e820: [mem 0x000000007e2ff000-0x000000007eafefff] reserved
[    0.000000] BIOS-e820: [mem 0x000000007eaff000-0x000000007eefefff] ACPI NVS
[    0.000000] BIOS-e820: [mem 0x000000007eeff000-0x000000007effefff] ACPI data
[    0.000000] BIOS-e820: [mem 0x000000007efff000-0x000000007effffff] usable
[    0.000000] BIOS-e820: [mem 0x000000007f000000-0x000000008fffffff] reserved
[    0.000000] BIOS-e820: [mem 0x00000000feb00000-0x00000000feb03fff] reserved
[    0.000000] BIOS-e820: [mem 0x00000000fec00000-0x00000000fec00fff] reserved
[    0.000000] BIOS-e820: [mem 0x00000000fed18000-0x00000000fed18fff] reserved
[    0.000000] BIOS-e820: [mem 0x00000000fed1c000-0x00000000fed8ffff] reserved
[    0.000000] BIOS-e820: [mem 0x00000000fee00000-0x00000000fee00fff] reserved
[    0.000000] BIOS-e820: [mem 0x00000000ffc00000-0x00000000ffffffff] reserved
[    0.000000] BIOS-e820: [mem 0x0000000100000000-0x000000107fffffff] usable
[    0.000000] NX (Execute Disable) protection: active
[    0.000000] SMBIOS 2.7 present.
[    0.000000] DMI: Dell Inc. PowerEdge C6220 II/09N44V, BIOS 2.3.1 01/02/2014
[    0.000000] tsc: Fast TSC calibration using PIT
[    0.000000] tsc: Detected 2600.038 MHz processor
[    0.001869] e820: update [mem 0x00000000-0x00000fff] usable ==> reserved
[    0.001871] e820: remove [mem 0x000a0000-0x000fffff] usable
[    0.001877] last_pfn = 0x1080000 max_arch_pfn = 0x400000000
[    0.001884] MTRR default type: uncachable
[    0.001885] MTRR fixed ranges enabled:
[    0.001886]   00000-9FFFF write-back
[    0.001887]   A0000-BFFFF uncachable
[    0.001888]   C0000-EFFFF write-protect
[    0.001888]   F0000-FFFFF write-combining
[    0.001889] MTRR variable ranges enabled:
[    0.001890]   0 base 000000000000 mask 3FFFC0000000 write-back
[    0.001891]   1 base 0000FFC00000 mask 3FFFFFC00000 write-protect
[    0.001892]   2 base 000040000000 mask 3FFFC0000000 write-back
[    0.001893]   3 disabled
[    0.001894]   4 base 000100000000 mask 3FFF00000000 write-back
[    0.001894]   5 base 000200000000 mask 3FFE00000000 write-back
[    0.001895]   6 base 000400000000 mask 3FFC00000000 write-back
[    0.001896]   7 base 000800000000 mask 3FF800000000 write-back
[    0.001897]   8 base 001000000000 mask 3FFF80000000 write-back
[    0.001897]   9 disabled
[    0.002421] x86/PAT: Configuration [0-7]: WB  WC  UC- UC  WB  WP  UC- WT  
[    0.003151] last_pfn = 0x7f000 max_arch_pfn = 0x400000000
[    0.013757] found SMP MP-table at [mem 0x000fe1b0-0x000fe1bf]
[    0.014676] check: Scanning 1 areas for low memory corruption
[    0.014683] Using GB pages for direct mapping
[    0.014687] BRK [0xdf7401000, 0xdf7401fff] PGTABLE
[    0.014690] BRK [0xdf7402000, 0xdf7402fff] PGTABLE
[    0.014692] BRK [0xdf7403000, 0xdf7403fff] PGTABLE
[    0.014759] BRK [0xdf7404000, 0xdf7404fff] PGTABLE
[    0.014895] BRK [0xdf7405000, 0xdf7405fff] PGTABLE
[    0.014944] BRK [0xdf7406000, 0xdf7406fff] PGTABLE
[    0.014995] BRK [0xdf7407000, 0xdf7407fff] PGTABLE
[    0.015072] BRK [0xdf7408000, 0xdf7408fff] PGTABLE
[    0.015136] BRK [0xdf7409000, 0xdf7409fff] PGTABLE
[    0.015217] RAMDISK: [mem 0x30677000-0x34332fff]
[    0.015227] ACPI: Early table checksum verification disabled
[    0.015234] ACPI: RSDP 0x00000000000FE020 000024 (v02 DELL  )
[    0.015238] ACPI: XSDT 0x000000007EFFE170 0000AC (v01 DELL   DCSRADON 00000001      01000013)
[    0.015246] ACPI: FACP 0x000000007EFFA000 00010C (v05 DELL   DCSRADON 00000001 DELL 00040000)
[    0.015253] ACPI: DSDT 0x000000007EFEA000 00BDBD (v01 DELL   DCSRADON 00000000 DELL 00040000)
[    0.015256] ACPI: FACS 0x000000007EDA0000 000040
[    0.015259] ACPI: UEFI 0x000000007EFFD000 000236 (v01 DELL   DCSRADON 00000001 DELL 00040000)
[    0.015262] ACPI: SPMI 0x000000007EFFC000 000040 (v05 DELL   DCSRADON 00000001 DELL 00040000)
[    0.015265] ACPI: BOOT 0x000000007EFFB000 000028 (v01 DELL   DCSRADON 00000001 DELL 00040000)
[    0.015268] ACPI: APIC 0x000000007EFF8000 000436 (v03 DELL   DCSRADON 00000001 DELL 00040000)
[    0.015271] ACPI: MCFG 0x000000007EFF7000 00003C (v01 DELL   DCSRADON 00000001 DELL 00040000)
[    0.015275] ACPI: SLIC 0x000000007EFF6000 000176 (v01 DELL   DCSRADON 00000001 DELL 00040000)
[    0.015278] ACPI: SRAT 0x000000007EFE8000 0002A8 (v02 DELL   DCSRADON 00000001 DELL 00040000)
[    0.015281] ACPI: SLIT 0x000000007EFE7000 00003C (v01 DELL   DCSRADON 00000001 DELL 00040000)
[    0.015284] ACPI: BDAT 0x000000007EFE6000 000030 (v01 DELL   DCSRADON 00000001 DELL 00040000)
[    0.015287] ACPI: PRAD 0x000000007EFE5000 0000BC (v02 PRADID PRADTID  00000001 ACPI 00040000)
[    0.015290] ACPI: FPDT 0x000000007EFE3000 000044 (v01 DELL   DCSRADON 00000001 DELL 00040000)
[    0.015293] ACPI: SSDT 0x000000007EF0F000 0D3668 (v02 DELL   DCSRADON 00004000 DELL 00040000)
[    0.015296] ACPI: HPET 0x000000007EFF9000 000038 (v01 DELL   DCSRADON 00000001 DELL 00040000)
[    0.015299] ACPI: WDAT 0x000000007EF0E000 000194 (v01 DELL   DCSRADON 00000001 DELL 00040000)
[    0.015302] ACPI: DMAR 0x000000007EF0D000 0000E0 (v01 INSYDE Romley   00000001 ACPI 00000001)
[    0.015305] ACPI: SPCR 0x000000007EFE9000 000050 (v01 DELL   DCSRADON 00000001 DELL 00040000)
[    0.015318] ACPI: Local APIC address 0xfee00000
[    0.015362] SRAT: PXM 0 -> APIC 0x00 -> Node 0
[    0.015363] SRAT: PXM 0 -> APIC 0x01 -> Node 0
[    0.015364] SRAT: PXM 0 -> APIC 0x02 -> Node 0
[    0.015365] SRAT: PXM 0 -> APIC 0x03 -> Node 0
[    0.015366] SRAT: PXM 0 -> APIC 0x04 -> Node 0
[    0.015367] SRAT: PXM 0 -> APIC 0x05 -> Node 0
[    0.015367] SRAT: PXM 0 -> APIC 0x06 -> Node 0
[    0.015368] SRAT: PXM 0 -> APIC 0x07 -> Node 0
[    0.015369] SRAT: PXM 0 -> APIC 0x08 -> Node 0
[    0.015370] SRAT: PXM 0 -> APIC 0x09 -> Node 0
[    0.015371] SRAT: PXM 0 -> APIC 0x0a -> Node 0
[    0.015372] SRAT: PXM 0 -> APIC 0x0b -> Node 0
[    0.015372] SRAT: PXM 0 -> APIC 0x0c -> Node 0
[    0.015373] SRAT: PXM 0 -> APIC 0x0d -> Node 0
[    0.015374] SRAT: PXM 0 -> APIC 0x0e -> Node 0
[    0.015375] SRAT: PXM 0 -> APIC 0x0f -> Node 0
[    0.015376] SRAT: PXM 1 -> APIC 0x20 -> Node 1
[    0.015377] SRAT: PXM 1 -> APIC 0x21 -> Node 1
[    0.015378] SRAT: PXM 1 -> APIC 0x22 -> Node 1
[    0.015378] SRAT: PXM 1 -> APIC 0x23 -> Node 1
[    0.015379] SRAT: PXM 1 -> APIC 0x24 -> Node 1
[    0.015380] SRAT: PXM 1 -> APIC 0x25 -> Node 1
[    0.015381] SRAT: PXM 1 -> APIC 0x26 -> Node 1
[    0.015382] SRAT: PXM 1 -> APIC 0x27 -> Node 1
[    0.015382] SRAT: PXM 1 -> APIC 0x28 -> Node 1
[    0.015383] SRAT: PXM 1 -> APIC 0x29 -> Node 1
[    0.015384] SRAT: PXM 1 -> APIC 0x2a -> Node 1
[    0.015385] SRAT: PXM 1 -> APIC 0x2b -> Node 1
[    0.015386] SRAT: PXM 1 -> APIC 0x2c -> Node 1
[    0.015387] SRAT: PXM 1 -> APIC 0x2d -> Node 1
[    0.015387] SRAT: PXM 1 -> APIC 0x2e -> Node 1
[    0.015388] SRAT: PXM 1 -> APIC 0x2f -> Node 1
[    0.015392] ACPI: SRAT: Node 0 PXM 0 [mem 0x00000000-0x7fffffff]
[    0.015393] ACPI: SRAT: Node 0 PXM 0 [mem 0x100000000-0x87fffffff]
[    0.015394] ACPI: SRAT: Node 1 PXM 1 [mem 0x880000000-0x107fffffff]
[    0.015401] NUMA: Initialized distance table, cnt=2
[    0.015404] NUMA: Node 0 [mem 0x00000000-0x7fffffff] + [mem 0x100000000-0x87fffffff] -> [mem 0x00000000-0x87fffffff]
[    0.015415] NODE_DATA(0) allocated [mem 0x87ffd5000-0x87fffffff]
[    0.015448] NODE_DATA(1) allocated [mem 0x107ffd4000-0x107fffefff]
[    0.015755] Zone ranges:
[    0.015756]   DMA      [mem 0x0000000000001000-0x0000000000ffffff]
[    0.015758]   DMA32    [mem 0x0000000001000000-0x00000000ffffffff]
[    0.015759]   Normal   [mem 0x0000000100000000-0x000000107fffffff]
[    0.015761]   Device   empty
[    0.015762] Movable zone start for each node
[    0.015765] Early memory node ranges
[    0.015766]   node   0: [mem 0x0000000000001000-0x000000000009dfff]
[    0.015768]   node   0: [mem 0x0000000000100000-0x00000000783d5fff]
[    0.015769]   node   0: [mem 0x00000000797d6000-0x000000007e2fefff]
[    0.015770]   node   0: [mem 0x000000007efff000-0x000000007effffff]
[    0.015771]   node   0: [mem 0x0000000100000000-0x000000087fffffff]
[    0.015774]   node   1: [mem 0x0000000880000000-0x000000107fffffff]
[    0.015979] Zeroed struct page in unavailable ranges: 12643 pages
[    0.015980] Initmem setup node 0 [mem 0x0000000000001000-0x000000087fffffff]
[    0.015982] On node 0 totalpages: 8375965
[    0.015983]   DMA zone: 64 pages used for memmap
[    0.015984]   DMA zone: 44 pages reserved
[    0.015985]   DMA zone: 3997 pages, LIFO batch:0
[    0.016080]   DMA32 zone: 7932 pages used for memmap
[    0.016081]   DMA32 zone: 507648 pages, LIFO batch:63
[    0.026282]   Normal zone: 122880 pages used for memmap
[    0.026283]   Normal zone: 7864320 pages, LIFO batch:63
[    0.142656] Initmem setup node 1 [mem 0x0000000880000000-0x000000107fffffff]
[    0.142661] On node 1 totalpages: 8388608
[    0.142663]   Normal zone: 131072 pages used for memmap
[    0.142664]   Normal zone: 8388608 pages, LIFO batch:63
[    0.287093] ACPI: PM-Timer IO Port: 0x408
[    0.287100] ACPI: Local APIC address 0xfee00000
[    0.287115] ACPI: X2APIC_NMI (uid[0xffffffff] high edge lint[0x1])
[    0.287118] ACPI: LAPIC_NMI (acpi_id[0xff] high edge lint[0x1])
[    0.287131] IOAPIC[0]: apic_id 8, version 32, address 0xfec00000, GSI 0-23
[    0.287136] IOAPIC[1]: apic_id 9, version 32, address 0xfec01000, GSI 24-47
[    0.287140] IOAPIC[2]: apic_id 10, version 32, address 0xfec40000, GSI 48-71
[    0.287143] ACPI: INT_SRC_OVR (bus 0 bus_irq 0 global_irq 2 dfl dfl)
[    0.287146] ACPI: INT_SRC_OVR (bus 0 bus_irq 9 global_irq 9 high level)
[    0.287148] ACPI: IRQ0 used by override.
[    0.287149] ACPI: IRQ9 used by override.
[    0.287153] Using ACPI (MADT) for SMP configuration information
[    0.287155] ACPI: HPET id: 0x8086a701 base: 0xfed00000
[    0.287161] ACPI: SPCR: SPCR table version 1
[    0.287163] ACPI: SPCR: console: uart,io,0x2f8,115200
[    0.287168] smpboot: Allowing 32 CPUs, 0 hotplug CPUs
[    0.287193] PM: Registered nosave memory: [mem 0x00000000-0x00000fff]
[    0.287195] PM: Registered nosave memory: [mem 0x0009e000-0x0009ffff]
[    0.287196] PM: Registered nosave memory: [mem 0x000a0000-0x000dffff]
[    0.287197] PM: Registered nosave memory: [mem 0x000e0000-0x000fffff]
[    0.287199] PM: Registered nosave memory: [mem 0x783d6000-0x797d5fff]
[    0.287201] PM: Registered nosave memory: [mem 0x7e2ff000-0x7eafefff]
[    0.287202] PM: Registered nosave memory: [mem 0x7eaff000-0x7eefefff]
[    0.287202] PM: Registered nosave memory: [mem 0x7eeff000-0x7effefff]
[    0.287204] PM: Registered nosave memory: [mem 0x7f000000-0x8fffffff]
[    0.287205] PM: Registered nosave memory: [mem 0x90000000-0xfeafffff]
[    0.287206] PM: Registered nosave memory: [mem 0xfeb00000-0xfeb03fff]
[    0.287207] PM: Registered nosave memory: [mem 0xfeb04000-0xfebfffff]
[    0.287208] PM: Registered nosave memory: [mem 0xfec00000-0xfec00fff]
[    0.287209] PM: Registered nosave memory: [mem 0xfec01000-0xfed17fff]
[    0.287210] PM: Registered nosave memory: [mem 0xfed18000-0xfed18fff]
[    0.287210] PM: Registered nosave memory: [mem 0xfed19000-0xfed1bfff]
[    0.287211] PM: Registered nosave memory: [mem 0xfed1c000-0xfed8ffff]
[    0.287212] PM: Registered nosave memory: [mem 0xfed90000-0xfedfffff]
[    0.287213] PM: Registered nosave memory: [mem 0xfee00000-0xfee00fff]
[    0.287214] PM: Registered nosave memory: [mem 0xfee01000-0xffbfffff]
[    0.287215] PM: Registered nosave memory: [mem 0xffc00000-0xffffffff]
[    0.287218] [mem 0x90000000-0xfeafffff] available for PCI devices
[    0.287219] Booting paravirtualized kernel on bare hardware
[    0.287225] clocksource: refined-jiffies: mask: 0xffffffff max_cycles: 0xffffffff, max_idle_ns: 7645519600211568 ns
[    0.287233] setup_percpu: NR_CPUS:8192 nr_cpumask_bits:32 nr_cpu_ids:32 nr_node_ids:2
[    0.289587] percpu: Embedded 54 pages/cpu s184320 r8192 d28672 u262144
[    0.289596] pcpu-alloc: s184320 r8192 d28672 u262144 alloc=1*2097152
[    0.289597] pcpu-alloc: [0] 00 01 02 03 04 05 06 07 [0] 16 17 18 19 20 21 22 23 
[    0.289601] pcpu-alloc: [1] 08 09 10 11 12 13 14 15 [1] 24 25 26 27 28 29 30 31 
[    0.289647] Built 2 zonelists, mobility grouping on.  Total pages: 16502581
[    0.289649] Policy zone: Normal
[    0.289651] Kernel command line: BOOT_IMAGE=/boot/vmlinuz-5.4.0 root=UUID=5fac4c69-51f6-47af-9773-a0d722426942 ro console=ttyS1,115200
[    0.290065] mem auto-init: stack:off, heap alloc:on, heap free:off
[    0.302560] Calgary: detecting Calgary via BIOS EBDA area
[    0.302574] Calgary: Unable to locate Rio Grande table in EBDA - bailing!
[    0.509624] Memory: 65841252K/67058292K available (14339K kernel code, 2380K rwdata, 4756K rodata, 2680K init, 5044K bss, 1217040K reserved, 0K cma-reserved)
[    0.509994] SLUB: HWalign=64, Order=0-3, MinObjects=0, CPUs=32, Nodes=2
[    0.510020] Kernel/User page tables isolation: enabled
[    0.510051] ftrace: allocating 43540 entries in 171 pages
[    0.528011] rcu: Hierarchical RCU implementation.
[    0.528013] rcu: 	RCU restricting CPUs from NR_CPUS=8192 to nr_cpu_ids=32.
[    0.528015] 	Tasks RCU enabled.
[    0.528016] rcu: RCU calculated value of scheduler-enlistment delay is 25 jiffies.
[    0.528017] rcu: Adjusting geometry for rcu_fanout_leaf=16, nr_cpu_ids=32
[    0.531319] NR_IRQS: 524544, nr_irqs: 1496, preallocated irqs: 16
[    0.531602] random: crng done (trusting CPU's manufacturer)
[    0.538478] Console: colour VGA+ 80x25
[    3.971794] printk: console [ttyS1] enabled
[    3.991252] mempolicy: Enabling automatic NUMA balancing. Configure with numa_balancing= or the kernel.numa_balancing sysctl
[    4.021583] ACPI: Core revision 20190816
[    4.032623] clocksource: hpet: mask: 0xffffffff max_cycles: 0xffffffff, max_idle_ns: 133484882848 ns
[    4.061398] APIC: Switch to symmetric I/O mode setup
[    4.081025] DMAR: Host address width 46
[    4.091233] DMAR: DRHD base: 0x000000fbffe000 flags: 0x0
[    4.110980] DMAR: dmar0: reg_base_addr fbffe000 ver 1:0 cap d2078c106f0466 ecap f020de
[    4.131411] DMAR: DRHD base: 0x000000ebffc000 flags: 0x1
[    4.151173] DMAR: dmar1: reg_base_addr ebffc000 ver 1:0 cap d2078c106f0466 ecap f020de
[    4.171586] DMAR: RMRR base: 0x0000007ea8b000 end: 0x0000007ea93fff
[    4.191607] DMAR-IR: IOAPIC id 10 under DRHD base  0xfbffe000 IOMMU 0
[    4.211568] DMAR-IR: IOAPIC id 8 under DRHD base  0xebffc000 IOMMU 1
[    4.231405] DMAR-IR: IOAPIC id 9 under DRHD base  0xebffc000 IOMMU 1
[    4.251402] DMAR-IR: HPET id 0 under DRHD base 0xebffc000
[    4.271172] DMAR-IR: Queued invalidation will be enabled to support x2apic and Intr-remapping.
[    4.292264] DMAR-IR: Enabled IRQ remapping in x2apic mode
[    4.311591] x2apic enabled
[    4.321434] Switched APIC routing to cluster x2apic.
[    4.341638] ..TIMER: vector=0x30 apic1=0 pin1=2 apic2=-1 pin2=-1
[    4.369395] clocksource: tsc-early: mask: 0xffffffffffffffff max_cycles: 0x257a6033c4e, max_idle_ns: 440795327976 ns
[    4.391167] Calibrating delay loop (skipped), value calculated using timer frequency.. 5200.07 BogoMIPS (lpj=10400152)
[    4.395165] pid_max: default: 32768 minimum: 301
[    4.399245] LSM: Security Framework initializing
[    4.403181] Yama: becoming mindful.
[    4.407330] AppArmor: AppArmor initialized
[    4.427195] Dentry cache hash table entries: 8388608 (order: 14, 67108864 bytes, vmalloc)
[    4.438148] Inode-cache hash table entries: 4194304 (order: 13, 33554432 bytes, vmalloc)
[    4.439450] Mount-cache hash table entries: 131072 (order: 8, 1048576 bytes, vmalloc)
[    4.443381] Mountpoint-cache hash table entries: 131072 (order: 8, 1048576 bytes, vmalloc)
[    4.447210] *** VALIDATE tmpfs ***
[    4.451412] *** VALIDATE proc ***
[    4.455290] *** VALIDATE cgroup1 ***
[    4.459169] *** VALIDATE cgroup2 ***
[    4.463263] mce: CPU0: Thermal monitoring enabled (TM1)
[    4.467211] process: using mwait in idle threads
[    4.471168] Last level iTLB entries: 4KB 512, 2MB 8, 4MB 8
[    4.475165] Last level dTLB entries: 4KB 512, 2MB 0, 4MB 0, 1GB 4
[    4.479171] Spectre V1 : Mitigation: usercopy/swapgs barriers and __user pointer sanitization
[    4.483166] Spectre V2 : Mitigation: Full generic retpoline
[    4.487165] Spectre V2 : Spectre v2 / SpectreRSB mitigation: Filling RSB on context switch
[    4.491165] Spectre V2 : Enabling Restricted Speculation for firmware calls
[    4.495166] Spectre V2 : mitigation: Enabling conditional Indirect Branch Prediction Barrier
[    4.499165] Spectre V2 : User space: Mitigation: STIBP via seccomp and prctl
[    4.503166] Speculative Store Bypass: Mitigation: Speculative Store Bypass disabled via prctl and seccomp
[    4.507168] MDS: Mitigation: Clear CPU buffers
[    4.511412] Freeing SMP alternatives memory: 40K
[    4.523356] TSC deadline timer enabled
[    4.523363] smpboot: CPU0: Intel(R) Xeon(R) CPU E5-2650 v2 @ 2.60GHz (family: 0x6, model: 0x3e, stepping: 0x4)
[    4.527395] Performance Events: PEBS fmt1+, IvyBridge events, 16-deep LBR, full-width counters, Intel PMU driver.
[    4.531168] ... version:                3
[    4.535165] ... bit width:              48
[    4.539165] ... generic registers:      4
[    4.543165] ... value mask:             0000ffffffffffff
[    4.547165] ... max period:             00007fffffffffff
[    4.551165] ... fixed-purpose events:   3
[    4.555165] ... event mask:             000000070000000f
[    4.559244] rcu: Hierarchical SRCU implementation.
[    4.566232] NMI watchdog: Enabled. Permanently consumes one hw-PMU counter.
[    4.567688] smp: Bringing up secondary CPUs ...
[    4.571326] x86: Booting SMP configuration:
[    4.575169] .... node  #0, CPUs:        #1  #2  #3  #4  #5  #6  #7
[    4.611169] .... node  #1, CPUs:    #8
[    3.783606] smpboot: CPU 8 Converting physical 0 to logical die 1
[    4.723365]   #9 #10 #11 #12 #13 #14 #15
[    4.767167] .... node  #0, CPUs:   #16
[    4.770469] MDS CPU bug present and SMT on, data leak possible. See https://www.kernel.org/doc/html/latest/admin-guide/hw-vuln/mds.html for more details.
[    4.775388]  #17 #18 #19 #20 #21 #22 #23
[    4.795169] .... node  #1, CPUs:   #24 #25 #26 #27 #28 #29 #30 #31
[    4.826574] smp: Brought up 2 nodes, 32 CPUs
[    4.831167] smpboot: Max logical packages: 2
[    4.835167] smpboot: Total of 32 processors activated (166431.57 BogoMIPS)
[    4.846267] devtmpfs: initialized
[    4.846267] x86/mm: Memory block size: 2048MB
[    4.859292] PM: Registering ACPI NVS region [mem 0x7eaff000-0x7eefefff] (4194304 bytes)
[    4.887565] clocksource: jiffies: mask: 0xffffffff max_cycles: 0xffffffff, max_idle_ns: 7645041785100000 ns
[    4.915420] futex hash table entries: 8192 (order: 7, 524288 bytes, vmalloc)
[    4.935699] pinctrl core: initialized pinctrl subsystem
[    4.955395] PM: RTC time: 05:44:14, date: 2023-02-17
[    4.975631] NET: Registered protocol family 16
[    4.987378] audit: initializing netlink subsys (disabled)
[    5.007210] audit: type=2000 audit(1676612649.696:1): state=initialized audit_enabled=0 res=1
[    5.007467] EISA bus registered
[    5.035202] cpuidle: using governor ladder
[    5.055226] cpuidle: using governor menu
[    5.067233] Simple Boot Flag at 0x44 set to 0x1
[    5.087200] ACPI FADT declares the system doesn't support PCIe ASPM, so disable it
[    5.107169] ACPI: bus type PCI registered
[    5.115169] acpiphp: ACPI Hot Plug PCI Controller Driver version: 0.5
[    5.147379] PCI: MMCONFIG for domain 0000 [bus 00-ff] at [mem 0x80000000-0x8fffffff] (base 0x80000000)
[    5.175214] PCI: MMCONFIG at [mem 0x80000000-0x8fffffff] reserved in E820
[    5.195204] PCI: Using configuration type 1 for base access
[    5.207246] core: PMU erratum BJ122, BV98, HSD29 worked around, HT is on
[    5.235188] HugeTLB registered 1.00 GiB page size, pre-allocated 0 pages
[    5.255174] HugeTLB registered 2.00 MiB page size, pre-allocated 0 pages
[    5.279575] ACPI: Added _OSI(Module Device)
[    5.287181] ACPI: Added _OSI(Processor Device)
[    5.295168] ACPI: Added _OSI(3.0 _SCP Extensions)
[    5.315169] ACPI: Added _OSI(Processor Aggregator Device)
[    5.335169] ACPI: Added _OSI(Linux-Dell-Video)
[    5.347168] ACPI: Added _OSI(Linux-Lenovo-NV-HDMI-Audio)
[    5.367168] ACPI: Added _OSI(Linux-HPI-Hybrid-Graphics)
[    5.800435] ACPI: 2 ACPI AML tables successfully acquired and loaded
[    5.857268] ACPI: Dynamic OEM Table Load:
[    5.920956] ACPI: Interpreter enabled
[    5.923094] ACPI: (supports S0 S4 S5)
[    5.935171] ACPI: Using IOAPIC for interrupt routing
[    5.947309] PCI: Using host bridge windows from ACPI; if necessary, use "pci=nocrs" and report a bug
[    5.984601] ACPI: Enabled 10 GPEs in block 00 to 3F
[    6.048694] ACPI: PCI Root Bridge [PCI0] (domain 0000 [bus 00-7e])
[    6.055181] acpi PNP0A08:00: _OSC: OS supports [ExtendedConfig ASPM ClockPM Segments MSI HPX-Type3]
[    6.088542] acpi PNP0A08:00: _OSC: OS now controls [PCIeHotplug SHPCHotplug PME AER PCIeCapability LTR]
[    6.115171] acpi PNP0A08:00: FADT indicates ASPM is unsupported, using BIOS configuration
[    6.148553] PCI host bridge to bus 0000:00
[    6.155173] pci_bus 0000:00: root bus resource [io  0x0000-0x0cf7 window]
[    6.183171] pci_bus 0000:00: root bus resource [io  0x1000-0xdfff window]
[    6.203169] pci_bus 0000:00: root bus resource [mem 0x000a0000-0x000bffff window]
[    6.223169] pci_bus 0000:00: root bus resource [mem 0x90000000-0xebffefff window]
[    6.255171] pci_bus 0000:00: root bus resource [bus 00-7e]
[    6.263195] pci 0000:00:00.0: [8086:0e00] type 00 class 0x060000
[    6.283292] pci 0000:00:00.0: PME# supported from D0 D3hot D3cold
[    6.303392] pci 0000:00:01.0: [8086:0e02] type 01 class 0x060400
[    6.323305] pci 0000:00:01.0: PME# supported from D0 D3hot D3cold
[    6.343448] pci 0000:00:02.0: [8086:0e04] type 01 class 0x060400
[    6.363304] pci 0000:00:02.0: PME# supported from D0 D3hot D3cold
[    6.383426] pci 0000:00:04.0: [8086:0e20] type 00 class 0x088000
[    6.403196] pci 0000:00:04.0: reg 0x10: [mem 0x91400000-0x91403fff 64bit]
[    6.423461] pci 0000:00:04.1: [8086:0e21] type 00 class 0x088000
[    6.443195] pci 0000:00:04.1: reg 0x10: [mem 0x91404000-0x91407fff 64bit]
[    6.463447] pci 0000:00:04.2: [8086:0e22] type 00 class 0x088000
[    6.483194] pci 0000:00:04.2: reg 0x10: [mem 0x91408000-0x9140bfff 64bit]
[    6.503441] pci 0000:00:04.3: [8086:0e23] type 00 class 0x088000
[    6.523194] pci 0000:00:04.3: reg 0x10: [mem 0x9140c000-0x9140ffff 64bit]
[    6.555446] pci 0000:00:04.4: [8086:0e24] type 00 class 0x088000
[    6.563194] pci 0000:00:04.4: reg 0x10: [mem 0x91410000-0x91413fff 64bit]
[    6.595453] pci 0000:00:04.5: [8086:0e25] type 00 class 0x088000
[    6.603193] pci 0000:00:04.5: reg 0x10: [mem 0x91414000-0x91417fff 64bit]
[    6.635439] pci 0000:00:04.6: [8086:0e26] type 00 class 0x088000
[    6.655194] pci 0000:00:04.6: reg 0x10: [mem 0x91418000-0x9141bfff 64bit]
[    6.675439] pci 0000:00:04.7: [8086:0e27] type 00 class 0x088000
[    6.695196] pci 0000:00:04.7: reg 0x10: [mem 0x9141c000-0x9141ffff 64bit]
[    6.715436] pci 0000:00:05.0: [8086:0e28] type 00 class 0x088000
[    6.735466] pci 0000:00:05.1: [8086:0e29] type 00 class 0x088000
[    6.755461] pci 0000:00:05.2: [8086:0e2a] type 00 class 0x088000
[    6.775433] pci 0000:00:05.4: [8086:0e2c] type 00 class 0x080020
[    6.795189] pci 0000:00:05.4: reg 0x10: [mem 0x91427000-0x91427fff]
[    6.815454] pci 0000:00:11.0: [8086:1d3e] type 01 class 0x060400
[    6.835322] pci 0000:00:11.0: PME# supported from D0 D3hot D3cold
[    6.855440] pci 0000:00:16.0: [8086:1d3a] type 00 class 0x078000
[    6.875198] pci 0000:00:16.0: reg 0x10: [mem 0x91420000-0x9142000f 64bit]
[    6.895258] pci 0000:00:16.0: PME# supported from D0 D3hot D3cold
[    6.915382] pci 0000:00:16.1: [8086:1d3b] type 00 class 0x078000
[    6.935204] pci 0000:00:16.1: reg 0x10: [mem 0x91421000-0x9142100f 64bit]
[    6.955222] pci 0000:00:16.1: PME# supported from D0 D3hot D3cold
[    6.975425] pci 0000:00:1a.0: [8086:1d2d] type 00 class 0x0c0320
[    6.996469] pci 0000:00:1a.0: reg 0x10: [mem 0x91426000-0x914263ff]
[    7.007111] pci 0000:00:1a.0: PME# supported from D0 D3hot D3cold
[    7.063407] pci 0000:00:1c.0: [8086:1d10] type 01 class 0x060400
[    7.083300] pci 0000:00:1c.0: PME# supported from D0 D3hot D3cold
[    7.103418] pci 0000:00:1d.0: [8086:1d26] type 00 class 0x0c0320
[    7.124478] pci 0000:00:1d.0: reg 0x10: [mem 0x91425000-0x914253ff]
[    7.147166] pci 0000:00:1d.0: PME# supported from D0 D3hot D3cold
[    7.163414] pci 0000:00:1e.0: [8086:244e] type 01 class 0x060401
[    7.183465] pci 0000:00:1f.0: [8086:1d41] type 00 class 0x060100
[    7.203513] pci 0000:00:1f.2: [8086:1d02] type 00 class 0x010601
[    7.223195] pci 0000:00:1f.2: reg 0x10: [io  0x4048-0x404f]
[    7.243178] pci 0000:00:1f.2: reg 0x14: [io  0x4054-0x4057]
[    7.263177] pci 0000:00:1f.2: reg 0x18: [io  0x4040-0x4047]
[    7.275177] pci 0000:00:1f.2: reg 0x1c: [io  0x4050-0x4053]
[    7.291177] pci 0000:00:1f.2: reg 0x20: [io  0x4020-0x403f]
[    7.311177] pci 0000:00:1f.2: reg 0x24: [mem 0x91424000-0x914247ff]
[    7.331231] pci 0000:00:1f.2: PME# supported from D3hot
[    7.343394] pci 0000:00:1f.3: [8086:1d22] type 00 class 0x0c0500
[    7.371194] pci 0000:00:1f.3: reg 0x10: [mem 0x91422000-0x914220ff 64bit]
[    7.391195] pci 0000:00:1f.3: reg 0x20: [io  0x4000-0x401f]
[    7.411519] pci 0000:02:00.0: [8086:1521] type 00 class 0x020000
[    7.423195] pci 0000:02:00.0: reg 0x10: [mem 0x91320000-0x9133ffff]
[    7.443185] pci 0000:02:00.0: reg 0x18: [io  0x3020-0x303f]
[    7.463179] pci 0000:02:00.0: reg 0x1c: [mem 0x91344000-0x91347fff]
[    7.483276] pci 0000:02:00.0: PME# supported from D0 D3hot D3cold
[    7.503199] pci 0000:02:00.0: reg 0x184: [mem 0x00000000-0x00003fff]
[    7.523170] pci 0000:02:00.0: VF(n) BAR0 space: [mem 0x00000000-0x0001ffff] (contains BAR0 for 8 VFs)
[    7.551187] pci 0000:02:00.0: reg 0x190: [mem 0x00000000-0x00003fff]
[    7.571169] pci 0000:02:00.0: VF(n) BAR3 space: [mem 0x00000000-0x0001ffff] (contains BAR3 for 8 VFs)
[    7.603313] pci 0000:02:00.3: [8086:1521] type 00 class 0x020000
[    7.623194] pci 0000:02:00.3: reg 0x10: [mem 0x91300000-0x9131ffff]
[    7.643186] pci 0000:02:00.3: reg 0x18: [io  0x3000-0x301f]
[    7.663177] pci 0000:02:00.3: reg 0x1c: [mem 0x91340000-0x91343fff]
[    7.683271] pci 0000:02:00.3: PME# supported from D0 D3hot D3cold
[    7.703192] pci 0000:02:00.3: reg 0x184: [mem 0x00000000-0x00003fff]
[    7.723170] pci 0000:02:00.3: VF(n) BAR0 space: [mem 0x00000000-0x0001ffff] (contains BAR0 for 8 VFs)
[    7.751189] pci 0000:02:00.3: reg 0x190: [mem 0x00000000-0x00003fff]
[    7.771169] pci 0000:02:00.3: VF(n) BAR3 space: [mem 0x00000000-0x0001ffff] (contains BAR3 for 8 VFs)
[    7.803302] pci 0000:00:01.0: PCI bridge to [bus 02]
[    7.811172] pci 0000:00:01.0:   bridge window [io  0x3000-0x3fff]
[    7.831172] pci 0000:00:01.0:   bridge window [mem 0x91300000-0x913fffff]
[    7.851274] pci 0000:03:00.0: [8086:154d] type 00 class 0x020000
[    7.871192] pci 0000:03:00.0: reg 0x10: [mem 0x91100000-0x9117ffff 64bit]
[    7.891179] pci 0000:03:00.0: reg 0x18: [io  0x2020-0x203f]
[    7.911186] pci 0000:03:00.0: reg 0x20: [mem 0x91200000-0x91203fff 64bit]
[    7.931177] pci 0000:03:00.0: reg 0x30: [mem 0xfff80000-0xffffffff pref]
[    7.963234] pci 0000:03:00.0: PME# supported from D0 D3hot
[    7.971197] pci 0000:03:00.0: reg 0x184: [mem 0x00000000-0x00003fff 64bit pref]
[    8.003171] pci 0000:03:00.0: VF(n) BAR0 space: [mem 0x00000000-0x000fffff 64bit pref] (contains BAR0 for 64 VFs)
[    8.031182] pci 0000:03:00.0: reg 0x190: [mem 0x00000000-0x00003fff 64bit pref]
[    8.063169] pci 0000:03:00.0: VF(n) BAR3 space: [mem 0x00000000-0x000fffff 64bit pref] (contains BAR3 for 64 VFs)
[    8.091366] pci 0000:03:00.1: [8086:154d] type 00 class 0x020000
[    8.111192] pci 0000:03:00.1: reg 0x10: [mem 0x91180000-0x911fffff 64bit]
[    8.131183] pci 0000:03:00.1: reg 0x18: [io  0x2000-0x201f]
[    8.151204] pci 0000:03:00.1: reg 0x20: [mem 0x91204000-0x91207fff 64bit]
[    8.171179] pci 0000:03:00.1: reg 0x30: [mem 0xfff80000-0xffffffff pref]
[    8.191236] pci 0000:03:00.1: PME# supported from D0 D3hot
[    8.211194] pci 0000:03:00.1: reg 0x184: [mem 0x00000000-0x00003fff 64bit pref]
[    8.231170] pci 0000:03:00.1: VF(n) BAR0 space: [mem 0x00000000-0x000fffff 64bit pref] (contains BAR0 for 64 VFs)
[    8.263183] pci 0000:03:00.1: reg 0x190: [mem 0x00000000-0x00003fff 64bit pref]
[    8.283169] pci 0000:03:00.1: VF(n) BAR3 space: [mem 0x00000000-0x000fffff 64bit pref] (contains BAR3 for 64 VFs)
[    8.323361] pci 0000:00:02.0: PCI bridge to [bus 03]
[    8.331172] pci 0000:00:02.0:   bridge window [io  0x2000-0x2fff]
[    8.351172] pci 0000:00:02.0:   bridge window [mem 0x91100000-0x912fffff]
[    8.371276] pci 0000:00:11.0: PCI bridge to [bus 04]
[    8.391301] pci 0000:05:00.0: [1a03:1150] type 01 class 0x060400
[    8.411382] pci 0000:05:00.0: supports D1 D2
[    8.423169] pci 0000:05:00.0: PME# supported from D0 D1 D2 D3hot D3cold
[    8.443310] pci 0000:00:1c.0: PCI bridge to [bus 05-06]
[    8.463173] pci 0000:00:1c.0:   bridge window [io  0x1000-0x1fff]
[    8.483171] pci 0000:00:1c.0:   bridge window [mem 0x90000000-0x910fffff]
[    8.503243] pci_bus 0000:06: extended config space not accessible
[    8.523228] pci 0000:06:00.0: [1a03:2000] type 00 class 0x030000
[    8.543207] pci 0000:06:00.0: reg 0x10: [mem 0x90000000-0x90ffffff]
[    8.563188] pci 0000:06:00.0: reg 0x14: [mem 0x91000000-0x9101ffff]
[    8.583188] pci 0000:06:00.0: reg 0x18: [io  0x1000-0x107f]
[    8.603316] pci 0000:06:00.0: supports D1 D2
[    8.611168] pci 0000:06:00.0: PME# supported from D0 D1 D2 D3hot D3cold
[    8.639337] pci 0000:05:00.0: PCI bridge to [bus 06]
[    8.651180] pci 0000:05:00.0:   bridge window [io  0x1000-0x1fff]
[    8.671174] pci 0000:05:00.0:   bridge window [mem 0x90000000-0x910fffff]
[    8.699213] pci_bus 0000:07: extended config space not accessible
[    8.719268] pci 0000:00:1e.0: PCI bridge to [bus 07] (subtractive decode)
[    8.739181] pci 0000:00:1e.0:   bridge window [io  0x0000-0x0cf7 window] (subtractive decode)
[    8.771169] pci 0000:00:1e.0:   bridge window [io  0x1000-0xdfff window] (subtractive decode)
[    8.791179] pci 0000:00:1e.0:   bridge window [mem 0x000a0000-0x000bffff window] (subtractive decode)
[    8.823170] pci 0000:00:1e.0:   bridge window [mem 0x90000000-0xebffefff window] (subtractive decode)
[    8.851209] pci_bus 0000:00: on NUMA node 0
[    8.853144] ACPI: PCI Root Bridge [UNC0] (domain 0000 [bus 7f])
[    8.871178] acpi PNP0A03:00: _OSC: OS supports [ExtendedConfig ASPM ClockPM Segments MSI HPX-Type3]
[    8.899660] acpi PNP0A03:00: _OSC: OS now controls [PCIeHotplug SHPCHotplug PME AER PCIeCapability LTR]
[    8.931173] acpi PNP0A03:00: FADT indicates ASPM is unsupported, using BIOS configuration
[    8.959413] PCI host bridge to bus 0000:7f
[    8.971172] pci_bus 0000:7f: root bus resource [bus 7f]
[    8.991191] pci 0000:7f:08.0: [8086:0e80] type 00 class 0x088000
[    9.011286] pci 0000:7f:09.0: [8086:0e90] type 00 class 0x088000
[    9.031277] pci 0000:7f:0a.0: [8086:0ec0] type 00 class 0x088000
[    9.051267] pci 0000:7f:0a.1: [8086:0ec1] type 00 class 0x088000
[    9.071288] pci 0000:7f:0a.2: [8086:0ec2] type 00 class 0x088000
[    9.091265] pci 0000:7f:0a.3: [8086:0ec3] type 00 class 0x088000
[    9.111270] pci 0000:7f:0b.0: [8086:0e1e] type 00 class 0x088000
[    9.123264] pci 0000:7f:0b.3: [8086:0e1f] type 00 class 0x088000
[    9.143293] pci 0000:7f:0c.0: [8086:0ee0] type 00 class 0x088000
[    9.163274] pci 0000:7f:0c.1: [8086:0ee2] type 00 class 0x088000
[    9.179265] pci 0000:7f:0c.2: [8086:0ee4] type 00 class 0x088000
[    9.199272] pci 0000:7f:0c.3: [8086:0ee6] type 00 class 0x088000
[    9.219282] pci 0000:7f:0d.0: [8086:0ee1] type 00 class 0x088000
[    9.239266] pci 0000:7f:0d.1: [8086:0ee3] type 00 class 0x088000
[    9.259269] pci 0000:7f:0d.2: [8086:0ee5] type 00 class 0x088000
[    9.279264] pci 0000:7f:0d.3: [8086:0ee7] type 00 class 0x088000
[    9.299270] pci 0000:7f:0e.0: [8086:0ea0] type 00 class 0x088000
[    9.319273] pci 0000:7f:0e.1: [8086:0e30] type 00 class 0x110100
[    9.339285] pci 0000:7f:0f.0: [8086:0ea8] type 00 class 0x088000
[    9.359300] pci 0000:7f:0f.1: [8086:0e71] type 00 class 0x088000
[    9.379307] pci 0000:7f:0f.2: [8086:0eaa] type 00 class 0x088000
[    9.399294] pci 0000:7f:0f.3: [8086:0eab] type 00 class 0x088000
[    9.419296] pci 0000:7f:0f.4: [8086:0eac] type 00 class 0x088000
[    9.431291] pci 0000:7f:0f.5: [8086:0ead] type 00 class 0x088000
[    9.451296] pci 0000:7f:10.0: [8086:0eb0] type 00 class 0x088000
[    9.471297] pci 0000:7f:10.1: [8086:0eb1] type 00 class 0x088000
[    9.491299] pci 0000:7f:10.2: [8086:0eb2] type 00 class 0x088000
[    9.511293] pci 0000:7f:10.3: [8086:0eb3] type 00 class 0x088000
[    9.531309] pci 0000:7f:10.4: [8086:0eb4] type 00 class 0x088000
[    9.551293] pci 0000:7f:10.5: [8086:0eb5] type 00 class 0x088000
[    9.571296] pci 0000:7f:10.6: [8086:0eb6] type 00 class 0x088000
[    9.591296] pci 0000:7f:10.7: [8086:0eb7] type 00 class 0x088000
[    9.611295] pci 0000:7f:13.0: [8086:0e1d] type 00 class 0x088000
[    9.631268] pci 0000:7f:13.1: [8086:0e34] type 00 class 0x110100
[    9.651269] pci 0000:7f:13.4: [8086:0e81] type 00 class 0x088000
[    9.671269] pci 0000:7f:13.5: [8086:0e36] type 00 class 0x110100
[    9.691287] pci 0000:7f:16.0: [8086:0ec8] type 00 class 0x088000
[    9.711306] pci 0000:7f:16.1: [8086:0ec9] type 00 class 0x088000
[    9.731268] pci 0000:7f:16.2: [8086:0eca] type 00 class 0x088000
[    9.751900] ACPI: PCI Root Bridge [PCI1] (domain 0000 [bus 80-fe])
[    9.771179] acpi PNP0A08:01: _OSC: OS supports [ExtendedConfig ASPM ClockPM Segments MSI HPX-Type3]
[    9.799667] acpi PNP0A08:01: _OSC: OS now controls [PCIeHotplug SHPCHotplug PME AER PCIeCapability LTR]
[    9.831170] acpi PNP0A08:01: FADT indicates ASPM is unsupported, using BIOS configuration
[    9.851795] PCI host bridge to bus 0000:80
[    9.871173] pci_bus 0000:80: root bus resource [io  0x0000-0x0cf7 window]
[    9.891172] pci_bus 0000:80: root bus resource [io  0xe000-0xffff window]
[    9.911169] pci_bus 0000:80: root bus resource [mem 0x000a0000-0x000bffff window]
[    9.931169] pci_bus 0000:80: root bus resource [mem 0xec000000-0xfbffffff window]
[    9.959177] pci_bus 0000:80: root bus resource [bus 80-fe]
[    9.971208] pci 0000:80:02.0: [8086:0e04] type 01 class 0x060400
[    9.991313] pci 0000:80:02.0: PME# supported from D0 D3hot D3cold
[   10.011386] pci 0000:80:02.2: [8086:0e06] type 01 class 0x060400
[   10.031315] pci 0000:80:02.2: PME# supported from D0 D3hot D3cold
[   10.091366] pci 0000:80:04.0: [8086:0e20] type 00 class 0x088000
[   10.111198] pci 0000:80:04.0: reg 0x10: [mem 0xec900000-0xec903fff 64bit]
[   10.131389] pci 0000:80:04.1: [8086:0e21] type 00 class 0x088000
[   10.151197] pci 0000:80:04.1: reg 0x10: [mem 0xec904000-0xec907fff 64bit]
[   10.179393] pci 0000:80:04.2: [8086:0e22] type 00 class 0x088000
[   10.191195] pci 0000:80:04.2: reg 0x10: [mem 0xec908000-0xec90bfff 64bit]
[   10.219401] pci 0000:80:04.3: [8086:0e23] type 00 class 0x088000
[   10.239197] pci 0000:80:04.3: reg 0x10: [mem 0xec90c000-0xec90ffff 64bit]
[   10.259384] pci 0000:80:04.4: [8086:0e24] type 00 class 0x088000
[   10.279196] pci 0000:80:04.4: reg 0x10: [mem 0xec910000-0xec913fff 64bit]
[   10.299380] pci 0000:80:04.5: [8086:0e25] type 00 class 0x088000
[   10.319198] pci 0000:80:04.5: reg 0x10: [mem 0xec914000-0xec917fff 64bit]
[   10.339381] pci 0000:80:04.6: [8086:0e26] type 00 class 0x088000
[   10.359195] pci 0000:80:04.6: reg 0x10: [mem 0xec918000-0xec91bfff 64bit]
[   10.379401] pci 0000:80:04.7: [8086:0e27] type 00 class 0x088000
[   10.407196] pci 0000:80:04.7: reg 0x10: [mem 0xec91c000-0xec91ffff 64bit]
[   10.427379] pci 0000:80:05.0: [8086:0e28] type 00 class 0x088000
[   10.447414] pci 0000:80:05.1: [8086:0e29] type 00 class 0x088000
[   10.467406] pci 0000:80:05.2: [8086:0e2a] type 00 class 0x088000
[   10.479395] pci 0000:80:05.4: [8086:0e2c] type 00 class 0x080020
[   10.499190] pci 0000:80:05.4: reg 0x10: [mem 0xec920000-0xec920fff]
[   10.519495] pci 0000:80:02.0: PCI bridge to [bus 81]
[   10.539451] pci 0000:82:00.0: [15b3:1003] type 00 class 0x028000
[   10.559618] pci 0000:82:00.0: reg 0x10: [mem 0xec800000-0xec8fffff 64bit]
[   10.579378] pci 0000:82:00.0: reg 0x18: [mem 0xec000000-0xec7fffff 64bit pref]
[   10.607555] pci 0000:82:00.0: reg 0x30: [mem 0xfff00000-0xffffffff pref]
[   10.628995] pci 0000:82:00.0: reg 0x134: [mem 0x00000000-0x007fffff 64bit pref]
[   10.651170] pci 0000:82:00.0: VF(n) BAR2 space: [mem 0x00000000-0x07ffffff 64bit pref] (contains BAR2 for 16 VFs)
[   10.680983] pci 0000:80:02.2: PCI bridge to [bus 82]
[   10.699175] pci 0000:80:02.2:   bridge window [mem 0xec800000-0xec8fffff]
[   10.719176] pci 0000:80:02.2:   bridge window [mem 0xec000000-0xec7fffff 64bit pref]
[   10.747190] pci_bus 0000:80: on NUMA node 1
[   10.747541] ACPI: PCI Root Bridge [UNC1] (domain 0000 [bus ff])
[   10.759177] acpi PNP0A03:01: _OSC: OS supports [ExtendedConfig ASPM ClockPM Segments MSI HPX-Type3]
[   10.791665] acpi PNP0A03:01: _OSC: OS now controls [PCIeHotplug SHPCHotplug PME AER PCIeCapability LTR]
[   10.827171] acpi PNP0A03:01: FADT indicates ASPM is unsupported, using BIOS configuration
[   10.851394] PCI host bridge to bus 0000:ff
[   10.859171] pci_bus 0000:ff: root bus resource [bus ff]
[   10.879190] pci 0000:ff:08.0: [8086:0e80] type 00 class 0x088000
[   10.899290] pci 0000:ff:09.0: [8086:0e90] type 00 class 0x088000
[   10.919273] pci 0000:ff:0a.0: [8086:0ec0] type 00 class 0x088000
[   10.939285] pci 0000:ff:0a.1: [8086:0ec1] type 00 class 0x088000
[   10.959263] pci 0000:ff:0a.2: [8086:0ec2] type 00 class 0x088000
[   10.979266] pci 0000:ff:0a.3: [8086:0ec3] type 00 class 0x088000
[   10.999284] pci 0000:ff:0b.0: [8086:0e1e] type 00 class 0x088000
[   11.019261] pci 0000:ff:0b.3: [8086:0e1f] type 00 class 0x088000
[   11.039262] pci 0000:ff:0c.0: [8086:0ee0] type 00 class 0x088000
[   11.059261] pci 0000:ff:0c.1: [8086:0ee2] type 00 class 0x088000
[   11.071260] pci 0000:ff:0c.2: [8086:0ee4] type 00 class 0x088000
[   11.091264] pci 0000:ff:0c.3: [8086:0ee6] type 00 class 0x088000
[   11.107267] pci 0000:ff:0d.0: [8086:0ee1] type 00 class 0x088000
[   11.127261] pci 0000:ff:0d.1: [8086:0ee3] type 00 class 0x088000
[   11.147276] pci 0000:ff:0d.2: [8086:0ee5] type 00 class 0x088000
[   11.167262] pci 0000:ff:0d.3: [8086:0ee7] type 00 class 0x088000
[   11.187269] pci 0000:ff:0e.0: [8086:0ea0] type 00 class 0x088000
[   11.207270] pci 0000:ff:0e.1: [8086:0e30] type 00 class 0x110100
[   11.227280] pci 0000:ff:0f.0: [8086:0ea8] type 00 class 0x088000
[   11.247299] pci 0000:ff:0f.1: [8086:0e71] type 00 class 0x088000
[   11.267297] pci 0000:ff:0f.2: [8086:0eaa] type 00 class 0x088000
[   11.287291] pci 0000:ff:0f.3: [8086:0eab] type 00 class 0x088000
[   11.299308] pci 0000:ff:0f.4: [8086:0eac] type 00 class 0x088000
[   11.319300] pci 0000:ff:0f.5: [8086:0ead] type 00 class 0x088000
[   11.339297] pci 0000:ff:10.0: [8086:0eb0] type 00 class 0x088000
[   11.359292] pci 0000:ff:10.1: [8086:0eb1] type 00 class 0x088000
[   11.379297] pci 0000:ff:10.2: [8086:0eb2] type 00 class 0x088000
[   11.399303] pci 0000:ff:10.3: [8086:0eb3] type 00 class 0x088000
[   11.419293] pci 0000:ff:10.4: [8086:0eb4] type 00 class 0x088000
[   11.439295] pci 0000:ff:10.5: [8086:0eb5] type 00 class 0x088000
[   11.459304] pci 0000:ff:10.6: [8086:0eb6] type 00 class 0x088000
[   11.479293] pci 0000:ff:10.7: [8086:0eb7] type 00 class 0x088000
[   11.499294] pci 0000:ff:13.0: [8086:0e1d] type 00 class 0x088000
[   11.519266] pci 0000:ff:13.1: [8086:0e34] type 00 class 0x110100
[   11.539266] pci 0000:ff:13.4: [8086:0e81] type 00 class 0x088000
[   11.547263] pci 0000:ff:13.5: [8086:0e36] type 00 class 0x110100
[   11.567270] pci 0000:ff:16.0: [8086:0ec8] type 00 class 0x088000
[   11.587266] pci 0000:ff:16.1: [8086:0ec9] type 00 class 0x088000
[   11.607276] pci 0000:ff:16.2: [8086:0eca] type 00 class 0x088000
[   11.648452] ACPI: PCI Interrupt Link [LNKA] (IRQs 1 3 *4 5 6 10 11 12 14 15)
[   11.667337] ACPI: PCI Interrupt Link [LNKB] (IRQs 1 3 4 *5 6 10 11 12 14 15)
[   11.687332] ACPI: PCI Interrupt Link [LNKC] (IRQs 1 3 4 5 *6 10 11 12 14 15)
[   11.707331] ACPI: PCI Interrupt Link [LNKD] (IRQs 1 3 4 5 6 10 11 12 14 15) *9
[   11.739330] ACPI: PCI Interrupt Link [LNKE] (IRQs 1 3 4 5 6 10 11 12 14 15) *0, disabled.
[   11.759330] ACPI: PCI Interrupt Link [LNKF] (IRQs 1 3 4 5 6 10 *11 12 14 15)
[   11.787334] ACPI: PCI Interrupt Link [LNKG] (IRQs 1 3 4 5 6 10 11 12 14 15) *0, disabled.
[   11.807330] ACPI: PCI Interrupt Link [LNKH] (IRQs 1 3 4 5 6 *10 11 12 14 15)
[   11.839792] iommu: Default domain type: Translated 
[   11.847226] pci 0000:06:00.0: vgaarb: setting as boot VGA device
[   11.851164] pci 0000:06:00.0: vgaarb: VGA device added: decodes=io+mem,owns=io+mem,locks=none
[   11.899205] pci 0000:06:00.0: vgaarb: bridge control possible
[   11.919171] vgaarb: loaded
[   11.927699] SCSI subsystem initialized
[   11.939277] libata version 3.00 loaded.
[   11.939277] ACPI: bus type USB registered
[   11.947208] usbcore: registered new interface driver usbfs
[   11.967183] usbcore: registered new interface driver hub
[   11.987367] usbcore: registered new device driver usb
[   11.999236] pps_core: LinuxPPS API ver. 1 registered
[   12.019169] pps_core: Software ver. 5.3.6 - Copyright 2005-2007 Rodolfo Giometti <giometti@linux.it>
[   12.047177] PTP clock support registered
[   12.059302] EDAC MC: Ver: 3.0.0
[   12.067559] PCI: Using ACPI for IRQ routing
[   12.085994] PCI: pci_cache_line_size set to 64 bytes
[   12.086304] e820: reserve RAM buffer [mem 0x0009e000-0x0009ffff]
[   12.086306] e820: reserve RAM buffer [mem 0x783d6000-0x7bffffff]
[   12.086308] e820: reserve RAM buffer [mem 0x7e2ff000-0x7fffffff]
[   12.086310] e820: reserve RAM buffer [mem 0x7f000000-0x7fffffff]
[   12.086594] NetLabel: Initializing
[   12.087169] NetLabel:  domain hash size = 128
[   12.107168] NetLabel:  protocols = UNLABELED CIPSOv4 CALIPSO
[   12.119201] NetLabel:  unlabeled traffic allowed by default
[   12.141399] hpet0: at MMIO 0xfed00000, IRQs 2, 8, 0, 0, 0, 0, 0, 0
[   12.159172] hpet0: 8 comparators, 64-bit 14.318180 MHz counter
[   12.181318] clocksource: Switched to clocksource tsc-early
[   12.226363] *** VALIDATE bpf ***
[   12.236769] VFS: Disk quotas dquot_6.6.0
[   12.246897] VFS: Dquot-cache hash table entries: 512 (order 0, 4096 bytes)
[   12.267261] *** VALIDATE ramfs ***
[   12.277270] *** VALIDATE hugetlbfs ***
[   12.296685] AppArmor: AppArmor Filesystem Enabled
[   12.307076] pnp: PnP ACPI init
[   12.317386] system 00:00: [mem 0xfed1c000-0xfed1ffff] has been reserved
[   12.337051] system 00:00: [mem 0xebfff000-0xebffffff] has been reserved
[   12.357260] system 00:00: [mem 0xfed20000-0xfed3ffff] has been reserved
[   12.377252] system 00:00: [mem 0xebffc000-0xebffdfff] could not be reserved
[   12.397578] system 00:00: [mem 0xff000000-0xffffffff] could not be reserved
[   12.426449] system 00:00: [mem 0xfee00000-0xfeefffff] could not be reserved
[   12.446665] system 00:00: Plug and Play ACPI device, IDs PNP0c02 (active)
[   12.446923] pnp 00:01: disabling [io  0x164e-0x164f] because it overlaps 0000:00:1c.0 BAR 13 [io  0x1000-0x1fff]
[   12.477058] pnp 00:01: disabling [io  0x164e-0x164f disabled] because it overlaps 0000:05:00.0 BAR 13 [io  0x1000-0x1fff]
[   12.507592] system 00:01: [io  0x0680-0x069f] has been reserved
[   12.527419] system 00:01: [io  0x0400-0x0453] has been reserved
[   12.547390] system 00:01: [io  0x0458-0x047f] has been reserved
[   12.567378] system 00:01: [io  0x0500-0x057f] has been reserved
[   12.587259] system 00:01: Plug and Play ACPI device, IDs PNP0c02 (active)
[   12.587319] pnp 00:02: Plug and Play ACPI device, IDs PNP0b00 (active)
[   12.587548] system 00:03: [io  0x0454-0x0457] has been reserved
[   12.607105] system 00:03: Plug and Play ACPI device, IDs INT3f0d PNP0c02 (active)
[   12.607683] pnp 00:04: Plug and Play ACPI device, IDs PNP0501 (disabled)
[   12.608226] system 00:05: [mem 0xfbffe000-0xfbffffff] could not be reserved
[   12.627213] system 00:05: Plug and Play ACPI device, IDs PNP0c02 (active)
[   12.628320] pnp: PnP ACPI: found 6 devices
[   12.641405] thermal_sys: Registered thermal governor 'fair_share'
[   12.641407] thermal_sys: Registered thermal governor 'bang_bang'
[   12.657603] thermal_sys: Registered thermal governor 'step_wise'
[   12.677547] thermal_sys: Registered thermal governor 'user_space'
[   12.697565] thermal_sys: Registered thermal governor 'power_allocator'
[   12.721959] clocksource: acpi_pm: mask: 0xffffff max_cycles: 0xffffff, max_idle_ns: 2085701024 ns
[   12.776508] pci 0000:03:00.0: can't claim BAR 6 [mem 0xfff80000-0xffffffff pref]: no compatible bridge window
[   12.806640] pci 0000:03:00.1: can't claim BAR 6 [mem 0xfff80000-0xffffffff pref]: no compatible bridge window
[   12.836880] pci 0000:82:00.0: can't claim BAR 6 [mem 0xfff00000-0xffffffff pref]: no compatible bridge window
[   12.867243] pci_bus 0000:00: max bus depth: 2 pci_try_num: 3
[   12.887066] pci 0000:00:02.0: BAR 15: assigned [mem 0x91500000-0x918fffff 64bit pref]
[   12.916438] pci 0000:02:00.0: BAR 7: assigned [mem 0x91348000-0x91367fff]
[   12.936625] pci 0000:02:00.0: BAR 10: assigned [mem 0x91368000-0x91387fff]
[   12.957021] pci 0000:02:00.3: BAR 7: assigned [mem 0x91388000-0x913a7fff]
[   12.977376] pci 0000:02:00.3: BAR 10: assigned [mem 0x913a8000-0x913c7fff]
[   12.997560] pci 0000:00:01.0: PCI bridge to [bus 02]
[   13.017050] pci 0000:00:01.0:   bridge window [io  0x3000-0x3fff]
[   13.037027] pci 0000:00:01.0:   bridge window [mem 0x91300000-0x913fffff]
[   13.057220] pci 0000:03:00.0: BAR 6: assigned [mem 0x91280000-0x912fffff pref]
[   13.077548] pci 0000:03:00.1: BAR 6: assigned [mem 0x91500000-0x9157ffff pref]
[   13.146841] pci 0000:03:00.0: BAR 7: assigned [mem 0x91580000-0x9167ffff 64bit pref]
[   13.167190] pci 0000:03:00.0: BAR 10: assigned [mem 0x91680000-0x9177ffff 64bit pref]
[   13.196799] pci 0000:03:00.1: BAR 7: assigned [mem 0x91780000-0x9187ffff 64bit pref]
[   13.217399] pci 0000:03:00.1: BAR 10: no space for [mem size 0x00100000 64bit pref]
[   13.247014] pci 0000:03:00.1: BAR 10: failed to assign [mem size 0x00100000 64bit pref]
[   13.276451] pci 0000:00:02.0: PCI bridge to [bus 03]
[   13.287194] pci 0000:00:02.0:   bridge window [io  0x2000-0x2fff]
[   13.307193] pci 0000:00:02.0:   bridge window [mem 0x91100000-0x912fffff]
[   13.327512] pci 0000:00:02.0:   bridge window [mem 0x91500000-0x918fffff 64bit pref]
[   13.357011] pci 0000:00:11.0: PCI bridge to [bus 04]
[   13.376413] pci 0000:05:00.0: PCI bridge to [bus 06]
[   13.386986] pci 0000:05:00.0:   bridge window [io  0x1000-0x1fff]
[   13.407202] pci 0000:05:00.0:   bridge window [mem 0x90000000-0x910fffff]
[   13.427520] pci 0000:00:1c.0: PCI bridge to [bus 05-06]
[   13.446971] pci 0000:00:1c.0:   bridge window [io  0x1000-0x1fff]
[   13.467031] pci 0000:00:1c.0:   bridge window [mem 0x90000000-0x910fffff]
[   13.487203] pci 0000:00:1e.0: PCI bridge to [bus 07]
[   13.506805] pci_bus 0000:00: No. 2 try to assign unassigned res
[   13.526626] release child resource [mem 0x91500000-0x9157ffff pref]
[   13.526628] release child resource [mem 0x91580000-0x9167ffff 64bit pref]
[   13.526629] release child resource [mem 0x91680000-0x9177ffff 64bit pref]
[   13.526631] release child resource [mem 0x91780000-0x9187ffff 64bit pref]
[   13.526634] pci 0000:00:02.0: resource 15 [mem 0x91500000-0x918fffff 64bit pref] released
[   13.547563] pci 0000:00:02.0: PCI bridge to [bus 03]
[   13.566847] pci 0000:00:02.0: BAR 15: assigned [mem 0x91500000-0x918fffff 64bit pref]
[   13.587357] pci 0000:00:01.0: PCI bridge to [bus 02]
[   13.607007] pci 0000:00:01.0:   bridge window [io  0x3000-0x3fff]
[   13.627015] pci 0000:00:01.0:   bridge window [mem 0x91300000-0x913fffff]
[   13.647227] pci 0000:03:00.1: BAR 6: assigned [mem 0x91500000-0x9157ffff pref]
[   13.667511] pci 0000:03:00.0: BAR 7: assigned [mem 0x91580000-0x9167ffff 64bit pref]
[   13.696988] pci 0000:03:00.0: BAR 10: assigned [mem 0x91680000-0x9177ffff 64bit pref]
[   13.726589] pci 0000:03:00.1: BAR 7: assigned [mem 0x91780000-0x9187ffff 64bit pref]
[   13.747006] pci 0000:03:00.1: BAR 10: no space for [mem size 0x00100000 64bit pref]
[   13.767523] pci 0000:03:00.1: BAR 10: failed to assign [mem size 0x00100000 64bit pref]
[   13.796979] pci 0000:00:02.0: PCI bridge to [bus 03]
[   13.816593] pci 0000:00:02.0:   bridge window [io  0x2000-0x2fff]
[   13.836760] pci 0000:00:02.0:   bridge window [mem 0x91100000-0x912fffff]
[   13.856981] pci 0000:00:02.0:   bridge window [mem 0x91500000-0x918fffff 64bit pref]
[   13.886408] pci 0000:00:11.0: PCI bridge to [bus 04]
[   13.897193] pci 0000:05:00.0: PCI bridge to [bus 06]
[   13.916599] pci 0000:05:00.0:   bridge window [io  0x1000-0x1fff]
[   13.936572] pci 0000:05:00.0:   bridge window [mem 0x90000000-0x910fffff]
[   13.956989] pci 0000:00:1c.0: PCI bridge to [bus 05-06]
[   13.976574] pci 0000:00:1c.0:   bridge window [io  0x1000-0x1fff]
[   13.996578] pci 0000:00:1c.0:   bridge window [mem 0x90000000-0x910fffff]
[   14.016783] pci 0000:00:1e.0: PCI bridge to [bus 07]
[   14.027342] pci_bus 0000:00: No. 3 try to assign unassigned res
[   14.047338] release child resource [mem 0x91500000-0x9157ffff pref]
[   14.047339] release child resource [mem 0x91580000-0x9167ffff 64bit pref]
[   14.047340] release child resource [mem 0x91680000-0x9177ffff 64bit pref]
[   14.047342] release child resource [mem 0x91780000-0x9187ffff 64bit pref]
[   14.047344] pci 0000:00:02.0: resource 15 [mem 0x91500000-0x918fffff 64bit pref] released
[   14.076768] pci 0000:00:02.0: PCI bridge to [bus 03]
[   14.096391] pci 0000:00:02.0: bridge window [mem 0x00100000-0x004fffff 64bit pref] to [bus 03] add_size 400000 add_align 100000
[   14.127250] pci 0000:00:02.0: BAR 15: assigned [mem 0x91500000-0x91cfffff 64bit pref]
[   14.156414] pci 0000:00:01.0: PCI bridge to [bus 02]
[   14.167171] pci 0000:00:01.0:   bridge window [io  0x3000-0x3fff]
[   14.187158] pci 0000:00:01.0:   bridge window [mem 0x91300000-0x913fffff]
[   14.207207] pci 0000:03:00.1: BAR 6: assigned [mem 0x91500000-0x9157ffff pref]
[   14.236546] pci 0000:03:00.0: BAR 7: assigned [mem 0x91580000-0x9167ffff 64bit pref]
[   14.256981] pci 0000:03:00.0: BAR 10: assigned [mem 0x91680000-0x9177ffff 64bit pref]
[   14.286418] pci 0000:03:00.1: BAR 7: assigned [mem 0x91780000-0x9187ffff 64bit pref]
[   14.306783] pci 0000:03:00.1: BAR 10: assigned [mem 0x91880000-0x9197ffff 64bit pref]
[   14.327359] pci 0000:00:02.0: PCI bridge to [bus 03]
[   14.346977] pci 0000:00:02.0:   bridge window [io  0x2000-0x2fff]
[   14.366993] pci 0000:00:02.0:   bridge window [mem 0x91100000-0x912fffff]
[   14.387313] pci 0000:00:02.0:   bridge window [mem 0x91500000-0x91cfffff 64bit pref]
[   14.416578] pci 0000:00:11.0: PCI bridge to [bus 04]
[   14.427522] pci 0000:05:00.0: PCI bridge to [bus 06]
[   14.446945] pci 0000:05:00.0:   bridge window [io  0x1000-0x1fff]
[   14.466784] pci 0000:05:00.0:   bridge window [mem 0x90000000-0x910fffff]
[   14.486989] pci 0000:00:1c.0: PCI bridge to [bus 05-06]
[   14.506547] pci 0000:00:1c.0:   bridge window [io  0x1000-0x1fff]
[   14.526554] pci 0000:00:1c.0:   bridge window [mem 0x90000000-0x910fffff]
[   14.546946] pci 0000:00:1e.0: PCI bridge to [bus 07]
[   14.566392] pci_bus 0000:00: resource 4 [io  0x0000-0x0cf7 window]
[   14.586374] pci_bus 0000:00: resource 5 [io  0x1000-0xdfff window]
[   14.597572] pci_bus 0000:00: resource 6 [mem 0x000a0000-0x000bffff window]
[   14.626588] pci_bus 0000:00: resource 7 [mem 0x90000000-0xebffefff window]
[   14.646948] pci_bus 0000:02: resource 0 [io  0x3000-0x3fff]
[   14.666534] pci_bus 0000:02: resource 1 [mem 0x91300000-0x913fffff]
[   14.686582] pci_bus 0000:03: resource 0 [io  0x2000-0x2fff]
[   14.706385] pci_bus 0000:03: resource 1 [mem 0x91100000-0x912fffff]
[   14.717468] pci_bus 0000:03: resource 2 [mem 0x91500000-0x91cfffff 64bit pref]
[   14.746576] pci_bus 0000:05: resource 0 [io  0x1000-0x1fff]
[   14.766357] pci_bus 0000:05: resource 1 [mem 0x90000000-0x910fffff]
[   14.777467] pci_bus 0000:06: resource 0 [io  0x1000-0x1fff]
[   14.797329] pci_bus 0000:06: resource 1 [mem 0x90000000-0x910fffff]
[   14.817156] pci_bus 0000:07: resource 4 [io  0x0000-0x0cf7 window]
[   14.837113] pci_bus 0000:07: resource 5 [io  0x1000-0xdfff window]
[   14.857152] pci_bus 0000:07: resource 6 [mem 0x000a0000-0x000bffff window]
[   14.877122] pci_bus 0000:07: resource 7 [mem 0x90000000-0xebffefff window]
[   14.897717] pci_bus 0000:80: max bus depth: 1 pci_try_num: 2
[   14.917290] pci 0000:80:02.0: PCI bridge to [bus 81]
[   14.936783] pci 0000:82:00.0: BAR 9: no space for [mem size 0x08000000 64bit pref]
[   14.957309] pci 0000:82:00.0: BAR 9: failed to assign [mem size 0x08000000 64bit pref]
[   14.986733] pci 0000:82:00.0: BAR 6: no space for [mem size 0x00100000 pref]
[   15.007295] pci 0000:82:00.0: BAR 6: failed to assign [mem size 0x00100000 pref]
[   15.036711] pci 0000:80:02.2: PCI bridge to [bus 82]
[   15.047530] pci 0000:80:02.2:   bridge window [mem 0xec800000-0xec8fffff]
[   15.076359] pci 0000:80:02.2:   bridge window [mem 0xec000000-0xec7fffff 64bit pref]
[   15.096965] pci_bus 0000:80: No. 2 try to assign unassigned res
[   15.116732] release child resource [mem 0xec000000-0xec7fffff 64bit pref]
[   15.116735] pci 0000:80:02.2: resource 15 [mem 0xec000000-0xec7fffff 64bit pref] released
[   15.137305] pci 0000:80:02.2: PCI bridge to [bus 82]
[   15.156979] pci 0000:80:02.2: bridge window [mem 0x00800000-0x00ffffff 64bit pref] to [bus 82] add_size 8000000 add_align 800000
[   15.196551] pci 0000:80:02.2: BAR 15: assigned [mem 0xed000000-0xf57fffff 64bit pref]
[   15.217290] pci 0000:80:02.0: PCI bridge to [bus 81]
[   15.236744] pci 0000:82:00.0: BAR 2: assigned [mem 0xed000000-0xed7fffff 64bit pref]
[   15.257442] pci 0000:82:00.0: BAR 9: assigned [mem 0xed800000-0xf57fffff 64bit pref]
[   15.286786] pci 0000:80:02.2: PCI bridge to [bus 82]
[   15.306372] pci 0000:80:02.2:   bridge window [mem 0xec800000-0xec8fffff]
[   15.326353] pci 0000:80:02.2:   bridge window [mem 0xed000000-0xf57fffff 64bit pref]
[   15.347317] pci_bus 0000:80: resource 4 [io  0x0000-0x0cf7 window]
[   15.367127] pci_bus 0000:80: resource 5 [io  0xe000-0xffff window]
[   15.386941] pci_bus 0000:80: resource 6 [mem 0x000a0000-0x000bffff window]
[   15.407320] pci_bus 0000:80: resource 7 [mem 0xec000000-0xfbffffff window]
[   15.436324] pci_bus 0000:82: resource 1 [mem 0xec800000-0xec8fffff]
[   15.447436] pci_bus 0000:82: resource 2 [mem 0xed000000-0xf57fffff 64bit pref]
[   15.476930] NET: Registered protocol family 2
[   15.488032] tcp_listen_portaddr_hash hash table entries: 32768 (order: 7, 524288 bytes, vmalloc)
[   15.518948] TCP established hash table entries: 524288 (order: 10, 4194304 bytes, vmalloc)
[   15.548498] TCP bind hash table entries: 65536 (order: 8, 1048576 bytes, vmalloc)
[   15.567299] TCP: Hash tables configured (established 524288 bind 65536)
[   15.587750] UDP hash table entries: 32768 (order: 8, 1048576 bytes, vmalloc)
[   15.617055] UDP-Lite hash table entries: 32768 (order: 8, 1048576 bytes, vmalloc)
[   15.637203] NET: Registered protocol family 1
[   15.647337] NET: Registered protocol family 44
[   15.687410] pci 0000:00:1a.0: quirk_usb_early_handoff+0x0/0x6c0 took 20256 usecs
[   15.727380] pci 0000:00:1d.0: quirk_usb_early_handoff+0x0/0x6c0 took 20166 usecs
[   15.746628] pci 0000:06:00.0: Video device with shadowed ROM at [mem 0x000c0000-0x000dffff]
[   15.767520] pci 0000:06:00.0: pci_fixup_video+0x0/0x110 took 20405 usecs
[   15.796824] PCI: CLS 64 bytes, default 64
[   15.807011] Trying to unpack rootfs image as initramfs...
[   17.713668] Freeing initrd memory: 62192K
[   17.731215] PCI-DMA: Using software bounce buffering for IO (SWIOTLB)
[   17.737446] software IO TLB: mapped [mem 0x7a2ff000-0x7e2ff000] (64MB)
[   17.768548] check: Scanning for low memory corruption every 60 seconds
[   17.790646] Initialise system trusted keyrings
[   17.797111] Key type blacklist registered
[   17.807553] workingset: timestamp_bits=36 max_order=24 bucket_order=0
[   17.839224] zbud: loaded
[   17.841305] squashfs: version 4.0 (2009/01/31) Phillip Lougher
[   17.857575] fuse: init (API version 7.31)
[   17.876335] *** VALIDATE fuse ***
[   17.886293] *** VALIDATE fuse ***
[   17.896811] Platform Keyring initialized
[   17.917037] Key type asymmetric registered
[   17.926650] Asymmetric key parser 'x509' registered
[   17.946252] Block layer SCSI generic (bsg) driver version 0.4 loaded (major 244)
[   17.966832] io scheduler mq-deadline registered
[   17.978505] pcieport 0000:00:01.0: PME: Signaling with IRQ 25
[   17.996778] pcieport 0000:00:01.0: AER: enabled with IRQ 25
[   18.017005] pcieport 0000:00:02.0: PME: Signaling with IRQ 27
[   18.036536] pcieport 0000:00:02.0: AER: enabled with IRQ 27
[   18.047432] pcieport 0000:00:11.0: PME: Signaling with IRQ 28
[   18.067141] pcieport 0000:00:11.0: AER: enabled with IRQ 28
[   18.087093] pcieport 0000:00:1c.0: PME: Signaling with IRQ 29
[   18.107150] pcieport 0000:80:02.0: PME: Signaling with IRQ 31
[   18.126575] pcieport 0000:80:02.0: AER: enabled with IRQ 31
[   18.146578] pcieport 0000:80:02.2: PME: Signaling with IRQ 32
[   18.157148] pcieport 0000:80:02.2: AER: enabled with IRQ 32
[   18.177210] shpchp: Standard Hot Plug PCI Controller Driver version: 0.4
[   18.197383] intel_idle: MWAIT substates: 0x1120
[   18.197385] intel_idle: v0.4.1 model 0x3E
[   18.199270] intel_idle: lapic_timer_reliable_states 0xffffffff
[   18.199452] input: Power Button as /devices/LNXSYSTM:00/LNXPWRBN:00/input/input0
[   18.226540] ACPI: Power Button [PWRF]
[   18.345820] Serial: 8250/16550 driver, 32 ports, IRQ sharing enabled
[   18.357089] serial 00:04: [io  0x02f8-0x02ff]
[   18.357282] serial 00:04: [irq 3]
[   18.357285] serial 00:04: [dma 18446744073709551615 disabled]
[   18.358219] serial 00:04: activated
[   18.387821] 00:04: ttyS1 at I/O 0x2f8 (irq = 3, base_baud = 115200) is a 16550A
[   18.410312] Linux agpgart interface v0.103
[   18.431309] loop: module loaded
[   18.433138] libphy: Fixed MDIO Bus: probed
[   18.446603] tun: Universal TUN/TAP device driver, 1.6
[   18.457301] PPP generic driver version 2.4.2
[   18.476617] VFIO - User Level meta-driver version: 0.3
[   18.496388] ehci_hcd: USB 2.0 'Enhanced' Host Controller (EHCI) Driver
[   18.516247] ehci-pci: EHCI PCI platform driver
[   18.527298] ehci-pci 0000:00:1a.0: EHCI Host Controller
[   18.546242] ehci-pci 0000:00:1a.0: new USB bus registered, assigned bus number 1
[   18.566444] ehci-pci 0000:00:1a.0: debug port 2
[   18.580750] ehci-pci 0000:00:1a.0: cache line size of 64 is not supported
[   18.597209] ehci-pci 0000:00:1a.0: irq 16, io mem 0x91426000
[   18.631235] ehci-pci 0000:00:1a.0: USB 2.0 started, EHCI 1.00
[   18.637067] usb usb1: New USB device found, idVendor=1d6b, idProduct=0002, bcdDevice= 5.04
[   18.666417] usb usb1: New USB device strings: Mfr=3, Product=2, SerialNumber=1
[   18.686994] usb usb1: Product: EHCI Host Controller
[   18.706425] usb usb1: Manufacturer: Linux 5.4.0 ehci_hcd
[   18.726268] usb usb1: SerialNumber: 0000:00:1a.0
[   18.737000] hub 1-0:1.0: USB hub found
[   18.747026] hub 1-0:1.0: 2 ports detected
[   18.766538] ehci-pci 0000:00:1d.0: EHCI Host Controller
[   18.771185] tsc: Refined TSC clocksource calibration: 2599.999 MHz
[   18.777093] ehci-pci 0000:00:1d.0: new USB bus registered, assigned bus number 2
[   18.796854] clocksource: tsc: mask: 0xffffffffffffffff max_cycles: 0x257a3b2ad7e, max_idle_ns: 440795282337 ns
[   18.817059] ehci-pci 0000:00:1d.0: debug port 2
[   18.866898] clocksource: Switched to clocksource tsc
[   18.870809] ehci-pci 0000:00:1d.0: cache line size of 64 is not supported
[   18.906633] ehci-pci 0000:00:1d.0: irq 23, io mem 0x91425000
[   18.939235] ehci-pci 0000:00:1d.0: USB 2.0 started, EHCI 1.00
[   18.947230] usb usb2: New USB device found, idVendor=1d6b, idProduct=0002, bcdDevice= 5.04
[   18.976418] usb usb2: New USB device strings: Mfr=3, Product=2, SerialNumber=1
[   18.996842] usb usb2: Product: EHCI Host Controller
[   19.016254] usb usb2: Manufacturer: Linux 5.4.0 ehci_hcd
[   19.026992] usb usb2: SerialNumber: 0000:00:1d.0
[   19.046761] hub 2-0:1.0: USB hub found
[   19.056636] hub 2-0:1.0: 2 ports detected
[   19.066927] ehci-platform: EHCI generic platform driver
[   19.086440] ohci_hcd: USB 1.1 'Open' Host Controller (OHCI) Driver
[   19.106429] ohci-pci: OHCI PCI platform driver
[   19.115210] usb 1-1: new high-speed USB device number 2 using ehci-pci
[   19.117045] ohci-platform: OHCI generic platform driver
[   19.156629] uhci_hcd: USB Universal Host Controller Interface driver
[   19.216782] i8042: PNP: No PS/2 controller found.
[   19.227542] mousedev: PS/2 mouse device common for all mice
[   19.247300] rtc_cmos 00:02: RTC can wake from S4
[   19.266702] rtc_cmos 00:02: registered as rtc0
[   19.277198] rtc_cmos 00:02: alarms up to one month, y3k, 242 bytes nvram, hpet irqs
[   19.291631] usb 1-1: New USB device found, idVendor=8087, idProduct=0024, bcdDevice= 0.00
[   19.306396] i2c /dev entries driver
[   19.327151] usb 1-1: New USB device strings: Mfr=0, Product=0, SerialNumber=0
[   19.327560] hub 1-1:1.0: USB hub found
[   19.337263] device-mapper: uevent: version 1.0.3
[   19.366618] hub 1-1:1.0: 6 ports detected
[   19.376759] device-mapper: ioctl: 4.41.0-ioctl (2019-09-16) initialised: dm-devel@redhat.com
[   19.399209] usb 2-1: new high-speed USB device number 2 using ehci-pci
[   19.406298] platform eisa.0: Probing EISA bus 0
[   19.466645] platform eisa.0: EISA: Cannot allocate resource for mainboard
[   19.486595] platform eisa.0: Cannot allocate resource for EISA slot 1
[   19.506805] platform eisa.0: Cannot allocate resource for EISA slot 2
[   19.526808] platform eisa.0: Cannot allocate resource for EISA slot 3
[   19.547011] platform eisa.0: Cannot allocate resource for EISA slot 4
[   19.566994] platform eisa.0: Cannot allocate resource for EISA slot 5
[   19.587163] platform eisa.0: Cannot allocate resource for EISA slot 6
[   19.587509] usb 2-1: New USB device found, idVendor=8087, idProduct=0024, bcdDevice= 0.00
[   19.616206] platform eisa.0: Cannot allocate resource for EISA slot 7
[   19.616208] platform eisa.0: Cannot allocate resource for EISA slot 8
[   19.616210] platform eisa.0: EISA: Detected 0 cards
[   19.616222] intel_pstate: Intel P-state driver initializing
[   19.636999] usb 2-1: New USB device strings: Mfr=0, Product=0, SerialNumber=0
[   19.657433] hub 2-1:1.0: USB hub found
[   19.695180] usb 1-1.6: new high-speed USB device number 3 using ehci-pci
[   19.696774] hub 2-1:1.0: 8 ports detected
[   19.777958] ledtrig-cpu: registered to indicate activity on CPUs
[   19.796935] drop_monitor: Initializing network drop monitor service
[   19.816988] NET: Registered protocol family 10
[   19.824117] usb 1-1.6: New USB device found, idVendor=0624, idProduct=0248, bcdDevice= 0.00
[   19.841768] Segment Routing with IPv6
[   19.856840] usb 1-1.6: New USB device strings: Mfr=1, Product=2, SerialNumber=3
[   19.856841] usb 1-1.6: Product: Gadget USB HUB
[   19.856841] usb 1-1.6: Manufacturer: no manufacturer
[   19.856855] usb 1-1.6: SerialNumber: 0123456789
[   19.857259] hub 1-1.6:1.0: USB hub found
[   19.866923] NET: Registered protocol family 17
[   19.896368] hub 1-1.6:1.0: 5 ports detected
[   19.906758] Key type dns_resolver registered
[   19.990076] RAS: Correctable Errors collector initialized.
[   20.006644] microcode: sig=0x306e4, pf=0x1, revision=0x42e
[   20.027494] microcode: Microcode Update Driver: v2.2.
[   20.027499] IPI shorthand broadcast: enabled
[   20.056413] sched_clock: Marking stable (16276797570, 3779606595)->(20800632894, -744228729)
[   20.076994] registered taskstats version 1
[   20.086996] Loading compiled-in X.509 certificates
[   20.108457] Loaded X.509 cert 'Build time autogenerated kernel key: d2d62837a2f5890aea67edbd8762006f39039d3e'
[   20.137025] zswap: loaded using pool lzo/zbud
[   20.147290] Key type ._fscrypt registered
[   20.173960] Key type .fscrypt registered
[   20.181785] Key type big_key registered
[   20.189403] Key type encrypted registered
[   20.206298] AppArmor: AppArmor sha1 policy hashing enabled
[   20.216962] ima: No TPM chip found, activating TPM-bypass!
[   20.231186] usb 1-1.6.1: new high-speed USB device number 4 using ehci-pci
[   20.236646] ima: Allocated hash algorithm: sha1
[   20.285776] ima: No architecture policies found
[   20.287196] evm: Initialising EVM extended attributes:
[   20.306607] evm: security.selinux
[   20.316782] evm: security.SMACK64
[   20.326801] evm: security.SMACK64EXEC
[   20.336996] evm: security.SMACK64TRANSMUTE
[   20.356400] evm: security.SMACK64MMAP
[   20.366413] evm: security.apparmor
[   20.372119] usb 1-1.6.1: New USB device found, idVendor=0624, idProduct=0249, bcdDevice= 0.00
[   20.376572] evm: security.ima
[   20.376572] evm: security.capability
[   20.376572] evm: HMAC attrs: 0x1
[   20.377091] PM:   Magic number: 11:464:719
[   20.406206] usb 1-1.6.1: New USB device strings: Mfr=4, Product=5, SerialNumber=6
[   20.406207] usb 1-1.6.1: Product: Keyboard/Mouse Function
[   20.406208] usb 1-1.6.1: Manufacturer: Avocent
[   20.406223] usb 1-1.6.1: SerialNumber: 20121018
[   20.416284] acpi LNXCPU:52: hash matches
[   20.526769] rtc_cmos 00:02: setting system clock to 2023-02-17T05:44:29 UTC (1676612669)
[   20.558128] Freeing unused decrypted memory: 2040K
[   20.567908] Freeing unused kernel image memory: 2680K
[   20.591258] Write protecting the kernel read-only data: 22528k
[   20.607538] Freeing unused kernel image memory: 2008K
[   20.617545] Freeing unused kernel image memory: 1388K
[   20.644317] x86/mm: Checked W+X mappings: passed, no W+X pages found.
[   20.656410] x86/mm: Checking user space page tables
[   20.674506] x86/mm: Checked W+X mappings: passed, no W+X pages found.
[   20.687007] Run /init as init process
[   20.801747] dca service started, version 1.12.1
[   20.807294] hidraw: raw HID events driver (C) Jiri Kosina
[   20.828472] ahci 0000:00:1f.2: version 3.0
[   20.829238] igb: Intel(R) Gigabit Ethernet Network Driver - version 5.6.0-k
[   20.829336] mlx4_core: Mellanox ConnectX core driver v4.0-0
[   20.838904] ahci 0000:00:1f.2: AHCI 0001.0300 32 slots 6 ports 6 Gbps 0x3f impl SATA mode
[   20.838906] ahci 0000:00:1f.2: flags: 64bit ncq sntf led clo pio slum part ems apst 
[   20.846456] igb: Copyright (c) 2007-2014 Intel Corporation.
[   20.857058] mlx4_core: Initializing 0000:82:00.0
[   20.910681] scsi host0: ahci
[   20.947816] usbcore: registered new interface driver usbhid
[   20.956452] scsi host1: ahci
[   20.966843] usbhid: USB HID core driver
[   20.987836] scsi host2: ahci
[   20.999276] scsi host3: ahci
[   21.007521] igb 0000:02:00.0: added PHC on eth0
[   21.026211] igb 0000:02:00.0: Intel(R) Gigabit Ethernet Network Connection
[   21.046206] igb 0000:02:00.0: eth0: (PCIe:5.0Gb/s:Width x4) f0:4d:a2:73:fc:95
[   21.066455] igb 0000:02:00.0: eth0: PBA No: 105000-000
[   21.076992] igb 0000:02:00.0: Using MSI-X interrupts. 8 rx queue(s), 8 tx queue(s)
[   21.106357] scsi host4: ahci
[   21.107437] scsi host5: ahci
[   21.117015] ata1: SATA max UDMA/133 abar m2048@0x91424000 port 0x91424100 irq 33
[   21.146193] ata2: SATA max UDMA/133 abar m2048@0x91424000 port 0x91424180 irq 33
[   21.166584] ata3: SATA max UDMA/133 abar m2048@0x91424000 port 0x91424200 irq 33
[   21.186966] ata4: SATA max UDMA/133 abar m2048@0x91424000 port 0x91424280 irq 33
[   21.216411] ata5: SATA max UDMA/133 abar m2048@0x91424000 port 0x91424300 irq 33
[   21.236627] ata6: SATA max UDMA/133 abar m2048@0x91424000 port 0x91424380 irq 33
[   21.236834] input: Avocent Keyboard/Mouse Function as /devices/pci0000:00/0000:00:1a.0/usb1/1-1/1-1.6/1-1.6.1/1-1.6.1:1.0/0003:0624:0249.0001/input/input1
[   21.307159] ixgbe: Intel(R) 10 Gigabit PCI Express Network Driver - version 5.1.0-k
[   21.311983] igb 0000:02:00.3: added PHC on eth1
[   21.326812] ixgbe: Copyright (c) 1999-2016 Intel Corporation.
[   21.346207] igb 0000:02:00.3: Intel(R) Gigabit Ethernet Network Connection
[   21.363263] hid-generic 0003:0624:0249.0001: input,hidraw0: USB HID v1.00 Keyboard [Avocent Keyboard/Mouse Function] on usb-0000:00:1a.0-1.6.1/input0
[   21.386177] igb 0000:02:00.3: eth1: (PCIe:5.0Gb/s:Width x4) f0:4d:a2:73:fc:96
[   21.386262] igb 0000:02:00.3: eth1: PBA No: 105000-000
[   21.426517] input: Avocent Keyboard/Mouse Function as /devices/pci0000:00/0000:00:1a.0/usb1/1-1/1-1.6/1-1.6.1/1-1.6.1:1.1/0003:0624:0249.0002/input/input2
[   21.446589] igb 0000:02:00.3: Using MSI-X interrupts. 8 rx queue(s), 8 tx queue(s)
[   21.466366] hid-generic 0003:0624:0249.0002: input,hidraw1: USB HID v1.00 Mouse [Avocent Keyboard/Mouse Function] on usb-0000:00:1a.0-1.6.1/input1
[   21.566977] input: Avocent Keyboard/Mouse Function as /devices/pci0000:00/0000:00:1a.0/usb1/1-1/1-1.6/1-1.6.1/1-1.6.1:1.2/0003:0624:0249.0003/input/input3
[   21.568011] igb 0000:02:00.3 eno2: renamed from eth1
[   21.569611] ata6: SATA link down (SStatus 0 SControl 300)
[   21.569683] ata4: SATA link down (SStatus 0 SControl 300)
[   21.569709] ata3: SATA link down (SStatus 0 SControl 300)
[   21.573566] ata1: SATA link up 3.0 Gbps (SStatus 123 SControl 300)
[   21.573595] ata2: SATA link up 3.0 Gbps (SStatus 123 SControl 300)
[   21.574252] ata1.00: ATA-9: ST1000NM0033-9ZM173,     GA06, max UDMA/133
[   21.574253] ata1.00: 1953525168 sectors, multi 16: LBA48 NCQ (depth 32), AA
[   21.574746] ata2.00: ATA-9: ST1000NM0033-9ZM173,     GA06, max UDMA/133
[   21.574747] ata2.00: 1953525168 sectors, multi 16: LBA48 NCQ (depth 32), AA
[   21.574935] ata1.00: configured for UDMA/133
[   21.575151] scsi 0:0:0:0: Direct-Access     ATA      ST1000NM0033-9ZM GA06 PQ: 0 ANSI: 5
[   21.575337] sd 0:0:0:0: Attached scsi generic sg0 type 0
[   21.575399] sd 0:0:0:0: [sda] 1953525168 512-byte logical blocks: (1.00 TB/932 GiB)
[   21.575407] sd 0:0:0:0: [sda] Write Protect is off
[   21.575409] sd 0:0:0:0: [sda] Mode Sense: 00 3a 00 00
[   21.575420] sd 0:0:0:0: [sda] Write cache: enabled, read cache: enabled, doesn't support DPO or FUA
[   21.575585] ata2.00: configured for UDMA/133
[   21.575726] scsi 1:0:0:0: Direct-Access     ATA      ST1000NM0033-9ZM GA06 PQ: 0 ANSI: 5
[   21.575896] sd 1:0:0:0: Attached scsi generic sg1 type 0
[   21.575966] sd 1:0:0:0: [sdb] 1953525168 512-byte logical blocks: (1.00 TB/932 GiB)
[   21.575980] sd 1:0:0:0: [sdb] Write Protect is off
[   21.575981] sd 1:0:0:0: [sdb] Mode Sense: 00 3a 00 00
[   21.576001] sd 1:0:0:0: [sdb] Write cache: enabled, read cache: enabled, doesn't support DPO or FUA
[   21.616257] ata5: SATA link down (SStatus 0 SControl 300)
[   21.616328] hid-generic 0003:0624:0249.0003: input,hidraw2: USB HID v1.00 Mouse [Avocent Keyboard/Mouse Function] on usb-0000:00:1a.0-1.6.1/input2
[   21.727583] ixgbe 0000:03:00.0: Multiqueue Enabled: Rx Queue count = 32, Tx Queue count = 32 XDP Queue count = 0
[   22.137249] ixgbe 0000:03:00.0: 32.000 Gb/s available PCIe bandwidth (5 GT/s x8 link)
[   22.166899] ixgbe 0000:03:00.0: MAC: 2, PHY: 14, SFP+: 3, PBA No: G73131-002
[   22.186781] ixgbe 0000:03:00.0: a0:36:9f:28:f9:70
[   22.255452] igb 0000:02:00.0 eno1: renamed from eth0
[   22.261101] [drm] Using P2A bridge for configuration
[   22.267982]  sda: sda1
[   22.276585] [drm] AST 2300 detected
[   22.277593] sd 1:0:0:0: [sdb] Attached SCSI disk
[   22.287031] sd 0:0:0:0: [sda] Attached SCSI disk
[   22.296381] [drm] Analog VGA only
[   22.336374] [drm] dram MCLK=336 Mhz type=1 bus_width=16 size=01000000
[   22.356550] [TTM] Zone  kernel: Available graphics memory: 32955800 KiB
[   22.376760] [TTM] Zone   dma32: Available graphics memory: 2097152 KiB
[   22.396576] [TTM] Initializing pool allocator
[   22.407164] [TTM] Initializing DMA pool allocator
[   22.432167] fbcon: astdrmfb (fb0) is primary device
[   22.463970] Console: switching to colour frame buffer device 128x48
[   22.488017] ast 0000:06:00.0: fb0: astdrmfb frame buffer device
[   22.506399] ixgbe 0000:03:00.0: Intel(R) 10 Gigabit Network Connection
[   22.526256] libphy: ixgbe-mdio: probed
[   22.795239] [drm] Initialized ast 0.1.0 20120228 for 0000:06:00.0 on minor 0
[   23.735530] ixgbe 0000:03:00.1: Multiqueue Enabled: Rx Queue count = 32, Tx Queue count = 32 XDP Queue count = 0
[   23.756639] ixgbe 0000:03:00.1: 32.000 Gb/s available PCIe bandwidth (5 GT/s x8 link)
[   23.777091] ixgbe 0000:03:00.1: MAC: 2, PHY: 1, PBA No: G73131-002
[   23.796787] ixgbe 0000:03:00.1: a0:36:9f:28:f9:72
[   23.819212] ixgbe 0000:03:00.1: Intel(R) 10 Gigabit Network Connection
[   23.836361] libphy: ixgbe-mdio: probed
[   23.847338] ixgbe 0000:03:00.1 enp3s0f1: renamed from eth1
[   24.047535] ixgbe 0000:03:00.0 enp3s0f0: renamed from eth0
[   27.221797] mlx4_core 0000:82:00.0: DMFS high rate steer mode is: disabled performance optimized steering
[   27.237342] mlx4_core 0000:82:00.0: 63.008 Gb/s available PCIe bandwidth (8 GT/s x8 link)
[   27.390878] <mlx4_ib> mlx4_ib_add: mlx4_ib: Mellanox ConnectX InfiniBand driver v4.0-0
[   27.407733] <mlx4_ib> mlx4_ib_add: counter index 0 for port 1 allocated 0
[   27.716099] EXT4-fs (sda1): mounting ext3 file system using the ext4 subsystem
[   27.753925] EXT4-fs (sda1): mounted filesystem with ordered data mode. Opts: (null)
[   29.008495] systemd[1]: systemd 237 running in system mode. (+PAM +AUDIT +SELINUX +IMA +APPARMOR +SMACK +SYSVINIT +UTMP +LIBCRYPTSETUP +GCRYPT +GNUTLS +ACL +XZ +LZ4 +SECCOMP +BLKID +ELFUTILS +KMOD -IDN2 +IDN -PCRE2 default-hierarchy=hybrid)
[   29.088788] systemd[1]: Detected architecture x86-64.
[   29.139262] systemd[1]: No hostname configured.
[   29.146244] systemd[1]: Set hostname to <localhost>.
[   30.368569] systemd[1]: Set up automount Arbitrary Executable File Formats File System Automount Point.
[   30.407470] systemd[1]: Created slice System Slice.
[   30.427333] systemd[1]: Listening on LVM2 metadata daemon socket.
[   30.455326] systemd[1]: Listening on Journal Socket (/dev/log).
[   30.475314] systemd[1]: Listening on Device-mapper event daemon FIFOs.
[   30.495315] systemd[1]: Listening on /dev/initctl Compatibility Named Pipe.
[   30.798966] knem: loading out-of-tree module taints kernel.
[   30.806652] knem: module verification failed: signature and/or required key missing - tainting kernel
[   30.836732] knem 1.1.3.90mlnx1: initialized
[   30.893134] RPC: Registered named UNIX socket transport module.
[   30.906010] RPC: Registered udp transport module.
[   30.916603] RPC: Registered tcp transport module.
[   30.936029] RPC: Registered tcp NFSv4.1 backchannel transport module.
[   30.956350] Loading iSCSI transport class v2.0-870.
[   31.031200] iscsi: registered transport (tcp)
[   31.062531] Compat-mlnx-ofed backport release: 354818c
[   31.066830] Backport based on mlnx_ofed/mlnx-ofa_kernel-4.0.git 354818c
[   31.095993] compat.git: mlnx_ofed/mlnx-ofa_kernel-4.0.git
[   31.096085] EXT4-fs (sda1): re-mounted. Opts: errors=remount-ro
[   31.160176] ib_cm: disagrees about version of symbol ib_unregister_client
[   31.176414] ib_cm: Unknown symbol ib_unregister_client (err -22)
[   31.196229] ib_cm: disagrees about version of symbol ib_init_ah_attr_from_path
[   31.196230] ib_cm: Unknown symbol ib_init_ah_attr_from_path (err -22)
[   31.196238] ib_cm: disagrees about version of symbol ib_port_unregister_module_stat
[   31.196240] ib_cm: Unknown symbol ib_port_unregister_module_stat (err -22)
[   31.286194] ib_cm: disagrees about version of symbol ib_port_register_module_stat
[   31.306427] ib_cm: Unknown symbol ib_port_register_module_stat (err -22)
[   31.367103] ib_cm: disagrees about version of symbol rdma_query_gid
[   31.386430] ib_cm: Unknown symbol rdma_query_gid (err -22)
[   31.406229] ib_cm: disagrees about version of symbol ib_modify_port
[   31.426192] ib_cm: Unknown symbol ib_modify_port (err -22)
[   31.446053] ib_cm: disagrees about version of symbol ib_cancel_mad
[   31.456849] ib_cm: Unknown symbol ib_cancel_mad (err -22)
[   31.476463] ib_cm: disagrees about version of symbol rdma_create_ah
[   31.496244] ib_cm: Unknown symbol rdma_create_ah (err -22)
[   31.516225] ib_cm: disagrees about version of symbol ib_init_ah_attr_from_wc
[   31.536212] ib_cm: Unknown symbol ib_init_ah_attr_from_wc (err -22)
[   31.556190] ib_cm: disagrees about version of symbol ib_find_cached_pkey
[   31.576378] ib_cm: Unknown symbol ib_find_cached_pkey (err -22)
[   31.596064] ib_cm: disagrees about version of symbol ib_register_client
[   31.616261] ib_cm: Unknown symbol ib_register_client (err -22)
[   31.636065] ib_cm: disagrees about version of symbol ib_unregister_mad_agent
[   31.656267] ib_cm: Unknown symbol ib_unregister_mad_agent (err -22)
[   31.676412] ib_cm: disagrees about version of symbol ib_post_send_mad
[   31.696210] ib_cm: Unknown symbol ib_post_send_mad (err -22)
[   31.715994] ib_cm: disagrees about version of symbol ib_create_send_mad
[   31.735995] ib_cm: Unknown symbol ib_create_send_mad (err -22)
[   31.746822] ib_cm: disagrees about version of symbol rdma_destroy_ah_attr
[   31.776011] ib_cm: Unknown symbol rdma_destroy_ah_attr (err -22)
[   31.786807] ib_cm: disagrees about version of symbol ib_set_client_data
[   31.806975] ib_cm: Unknown symbol ib_set_client_data (err -22)
[   31.826641] ib_cm: disagrees about version of symbol ib_get_cached_pkey
[   31.846616] ib_cm: Unknown symbol ib_get_cached_pkey (err -22)
[   31.866486] ib_cm: disagrees about version of symbol rdma_put_gid_attr
[   31.886631] ib_cm: Unknown symbol rdma_put_gid_attr (err -22)
[   31.906429] ib_cm: disagrees about version of symbol rdma_destroy_ah_user
[   31.926422] ib_cm: Unknown symbol rdma_destroy_ah_user (err -22)
[   31.946218] ib_cm: disagrees about version of symbol ib_free_send_mad
[   31.966391] ib_cm: Unknown symbol ib_free_send_mad (err -22)
[   31.985996] ib_cm: disagrees about version of symbol ib_wc_status_msg
[   32.005978] ib_cm: Unknown symbol ib_wc_status_msg (err -22)
[   32.016623] ib_cm: disagrees about version of symbol rdma_move_ah_attr
[   32.036613] ib_cm: Unknown symbol rdma_move_ah_attr (err -22)
[   32.056400] ib_cm: disagrees about version of symbol rdma_find_gid
[   32.076394] ib_cm: Unknown symbol rdma_find_gid (err -22)
[   32.096008] ib_cm: disagrees about version of symbol ib_free_recv_mad
[   32.115989] ib_cm: Unknown symbol ib_free_recv_mad (err -22)
[   32.126645] ib_cm: disagrees about version of symbol ib_register_mad_agent
[   32.155995] ib_cm: Unknown symbol ib_register_mad_agent (err -22)
[   32.166805] ib_cm: disagrees about version of symbol ib_modify_mad
[   32.186797] ib_cm: Unknown symbol ib_modify_mad (err -22)
[   32.206433] ib_cm: disagrees about version of symbol ib_create_ah_from_wc
[   32.226635] ib_cm: Unknown symbol ib_create_ah_from_wc (err -22)
[   32.411610] systemd-journald[659]: Received request to flush runtime journal from PID 1
[   33.193728] lpc_ich 0000:00:1f.0: No MFD cells added
[   33.442139] dcdbas dcdbas: Dell Systems Management Base Driver (version 5.6.0-3.3)
[   33.456809] IPMI message handler: version 39.2
[   33.519436] ipmi device interface
[   33.587852] ipmi_si: IPMI System Interface driver
[   33.587872] ipmi_si dmi-ipmi-si.0: ipmi_platform: probing via SMBIOS
[   33.587875] ipmi_si dmi-ipmi-si.0: IRQ index 0 not found
[   33.587882] ioatdma: Intel(R) QuickData Technology Driver 5.00
[   33.596405] ipmi_platform: ipmi_si: SMBIOS: io 0xca8 regsize 1 spacing 4 irq 0
[   33.596406] ipmi_si: Adding SMBIOS-specified kcs state machine
[   33.596475] ipmi_si IPI0001:00: ipmi_platform: probing via ACPI
[   33.596832] ipmi_si IPI0001:00: IRQ index 0 not found
[   33.606197] igb 0000:02:00.0: DCA enabled
[   33.615982] ipmi_si IPI0001:00: ipmi_platform: [io  0x0ca8] regsize 1 spacing 4 irq 0
[   33.615984] ipmi_si dmi-ipmi-si.0: Removing SMBIOS-specified kcs state machine in favor of ACPI
[   33.615985] ipmi_si: Adding ACPI-specified kcs state machine
[   33.615997] igb 0000:02:00.3: DCA enabled
[   33.616098] ipmi_si: Trying ACPI-specified kcs state machine at i/o address 0xca8, slave address 0x20, irq 0
[   33.695154] mei_me 0000:00:16.0: Device doesn't have valid ME Interface
[   33.753188] RAPL PMU: API unit is 2^-32 Joules, 3 fixed counters, 163840 ms ovfl timer
[   33.753190] RAPL PMU: hw unit of domain pp0-core 2^-16 Joules
[   33.753190] RAPL PMU: hw unit of domain package 2^-16 Joules
[   33.753191] RAPL PMU: hw unit of domain dram 2^-16 Joules
[   33.951463] cryptd: max_cpu_qlen set to 1000
[   33.951519] ipmi_si IPI0001:00: IPMI message handler: Found new BMC (man_id: 0x0002a2, prod_id: 0x008b, dev_id: 0x20)
[   34.029301] ipmi_si IPI0001:00: IPMI kcs interface initialized
[   34.043113] ipmi_ssif: IPMI SSIF Interface driver
[   34.081617] AVX version of gcm_enc/dec engaged.
[   34.081618] AES CTR mode by8 optimization enabled
[   34.535815] EDAC sbridge: Seeking for: PCI ID 8086:0ea0
[   34.535834] EDAC sbridge: Seeking for: PCI ID 8086:0ea0
[   34.535846] EDAC sbridge: Seeking for: PCI ID 8086:0ea0
[   34.535851] EDAC sbridge: Seeking for: PCI ID 8086:0e60
[   34.535860] EDAC sbridge: Seeking for: PCI ID 8086:0ea8
[   34.535865] EDAC sbridge: Seeking for: PCI ID 8086:0ea8
[   34.535871] EDAC sbridge: Seeking for: PCI ID 8086:0ea8
[   34.535873] EDAC sbridge: Seeking for: PCI ID 8086:0e71
[   34.535878] EDAC sbridge: Seeking for: PCI ID 8086:0e71
[   34.535883] EDAC sbridge: Seeking for: PCI ID 8086:0e71
[   34.535885] EDAC sbridge: Seeking for: PCI ID 8086:0eaa
[   34.535890] EDAC sbridge: Seeking for: PCI ID 8086:0eaa
[   34.535896] EDAC sbridge: Seeking for: PCI ID 8086:0eaa
[   34.535898] EDAC sbridge: Seeking for: PCI ID 8086:0eab
[   34.535903] EDAC sbridge: Seeking for: PCI ID 8086:0eab
[   34.535909] EDAC sbridge: Seeking for: PCI ID 8086:0eab
[   34.535910] EDAC sbridge: Seeking for: PCI ID 8086:0eac
[   34.535916] EDAC sbridge: Seeking for: PCI ID 8086:0eac
[   34.535921] EDAC sbridge: Seeking for: PCI ID 8086:0eac
[   34.535923] EDAC sbridge: Seeking for: PCI ID 8086:0ead
[   34.535928] EDAC sbridge: Seeking for: PCI ID 8086:0ead
[   34.535934] EDAC sbridge: Seeking for: PCI ID 8086:0ead
[   34.535936] EDAC sbridge: Seeking for: PCI ID 8086:0e68
[   34.535945] EDAC sbridge: Seeking for: PCI ID 8086:0e79
[   34.535954] EDAC sbridge: Seeking for: PCI ID 8086:0e6a
[   34.535963] EDAC sbridge: Seeking for: PCI ID 8086:0e6b
[   34.535971] EDAC sbridge: Seeking for: PCI ID 8086:0e6c
[   34.535980] EDAC sbridge: Seeking for: PCI ID 8086:0e6d
[   34.535989] EDAC sbridge: Seeking for: PCI ID 8086:0eb8
[   34.535998] EDAC sbridge: Seeking for: PCI ID 8086:0ebc
[   34.536007] EDAC sbridge: Seeking for: PCI ID 8086:0ec8
[   34.536013] EDAC sbridge: Seeking for: PCI ID 8086:0ec8
[   34.536019] EDAC sbridge: Seeking for: PCI ID 8086:0ec8
[   34.536019] EDAC sbridge: Seeking for: PCI ID 8086:0ec9
[   34.536026] EDAC sbridge: Seeking for: PCI ID 8086:0ec9
[   34.536031] EDAC sbridge: Seeking for: PCI ID 8086:0ec9
[   34.536032] EDAC sbridge: Seeking for: PCI ID 8086:0eca
[   34.536038] EDAC sbridge: Seeking for: PCI ID 8086:0eca
[   34.536043] EDAC sbridge: Seeking for: PCI ID 8086:0eca
[   34.536152] EDAC MC0: Giving out device to module sb_edac controller Ivy Bridge SrcID#0_Ha#0: DEV 0000:7f:0e.0 (INTERRUPT)
[   34.536234] EDAC MC1: Giving out device to module sb_edac controller Ivy Bridge SrcID#1_Ha#0: DEV 0000:ff:0e.0 (INTERRUPT)
[   34.536235] EDAC sbridge:  Ver: 1.1.2 
[   34.583216] intel_rapl_common: Found RAPL domain package
[   34.583218] intel_rapl_common: Found RAPL domain core
[   34.583220] intel_rapl_common: Found RAPL domain dram
[   34.583392] intel_rapl_common: Found RAPL domain package
[   34.583394] intel_rapl_common: Found RAPL domain core
[   34.583396] intel_rapl_common: Found RAPL domain dram
[   35.113524] ixgbe 0000:03:00.1: registered PHC device on enp3s0f1
[   35.368100] ixgbe 0000:03:00.0: registered PHC device on enp3s0f0
[   35.539362] ixgbe 0000:03:00.0 enp3s0f0: detected SFP+: 3
[   35.687280] ixgbe 0000:03:00.0 enp3s0f0: NIC Link is Up 10 Gbps, Flow Control: RX/TX
[   35.687385] IPv6: ADDRCONF(NETDEV_CHANGE): enp3s0f0: link becomes ready
[   38.483569] igb 0000:02:00.0 eno1: igb: eno1 NIC Link is Up 1000 Mbps Full Duplex, Flow Control: RX/TX
[   38.483683] IPv6: ADDRCONF(NETDEV_CHANGE): eno1: link becomes ready
[   39.196252] Compat-mlnx-ofed backport release: 354818c
[   39.196253] Backport based on mlnx_ofed/mlnx-ofa_kernel-4.0.git 354818c
[   39.196254] compat.git: mlnx_ofed/mlnx-ofa_kernel-4.0.git
[   39.204805] mlx4_core: Mellanox ConnectX core driver v4.9-2.2.4
[   39.204847] mlx4_core: Initializing 0000:82:00.0
[   40.579197] ixgbe 0000:03:00.0: removed PHC on enp3s0f0
[   40.652731] ixgbe 0000:03:00.1: removed PHC on enp3s0f1
[   43.968614] mlx4_core: device is working in RoCE mode: Roce V1
[   43.968615] mlx4_core: UD QP Gid type is: V1
[   45.310593] mlx4_core 0000:82:00.0: DMFS high rate steer mode is: default performance
[   45.310809] mlx4_core 0000:82:00.0: 63.008 Gb/s available PCIe bandwidth (8 GT/s x8 link)
[   45.469581] <mlx4_ib> mlx4_ib_add: mlx4_ib: Mellanox ConnectX InfiniBand driver v4.9-2.2.4
[   45.470431] <mlx4_ib> mlx4_ib_add: counter index 0 for port 1 allocated 0
[   45.538214] mlx4_en: Mellanox ConnectX HCA Ethernet driver v4.9-2.2.4
[   45.812591] card: mlx4_0, QP: 0x220, inline size: 120
[   45.861805] iscsi: registered transport (iser)
[  100.972609] mlx4_core 0000:82:00.0: command 0x24 failed: fw status = 0x30
[  101.176132] mlx4_core 0000:82:00.0: command 0x24 failed: fw status = 0x30
[  101.380141] mlx4_core 0000:82:00.0: command 0x24 failed: fw status = 0x30
[  101.584188] mlx4_core 0000:82:00.0: command 0x24 failed: fw status = 0x30
[  123.003820] mlx4_core 0000:82:00.0: command 0x24 failed: fw status = 0x30
[  123.207583] mlx4_core 0000:82:00.0: command 0x24 failed: fw status = 0x30
[  123.411561] mlx4_core 0000:82:00.0: command 0x24 failed: fw status = 0x30
[  123.615574] mlx4_core 0000:82:00.0: command 0x24 failed: fw status = 0x30
[  124.196155] initializing IPOD
[  125.663439] FS-Cache: Loaded
[  125.745892] FS-Cache: Netfs 'nfs' registered for caching
[  128.521132] irq 62: Affinity broken due to vector space exhaustion.
[  128.521146] irq 63: Affinity broken due to vector space exhaustion.
[  128.521158] irq 64: Affinity broken due to vector space exhaustion.
[  128.521172] irq 65: Affinity broken due to vector space exhaustion.
[  128.521183] irq 66: Affinity broken due to vector space exhaustion.
[  128.521195] irq 67: Affinity broken due to vector space exhaustion.
[  128.521207] irq 68: Affinity broken due to vector space exhaustion.
[  128.521218] irq 69: Affinity broken due to vector space exhaustion.
[  128.521303] irq 80: Affinity broken due to vector space exhaustion.
[  128.521315] irq 81: Affinity broken due to vector space exhaustion.
[  128.521327] irq 82: Affinity broken due to vector space exhaustion.
[  128.521339] irq 83: Affinity broken due to vector space exhaustion.
[  128.521351] irq 84: Affinity broken due to vector space exhaustion.
[  128.521363] irq 85: Affinity broken due to vector space exhaustion.
[  128.521375] irq 86: Affinity broken due to vector space exhaustion.
[  128.521387] irq 87: Affinity broken due to vector space exhaustion.
[  128.521602] ixgbe 0000:03:00.0: registered PHC device on enp3s0f0
[  128.699373] ixgbe 0000:03:00.0 enp3s0f0: detected SFP+: 3
[  128.943293] ixgbe 0000:03:00.0 enp3s0f0: NIC Link is Up 10 Gbps, Flow Control: RX/TX
[  128.943483] IPv6: ADDRCONF(NETDEV_CHANGE): enp3s0f0: link becomes ready
[  145.139603] mlx4_core 0000:82:00.0: command 0x24 failed: fw status = 0x30
[  145.343353] mlx4_core 0000:82:00.0: command 0x24 failed: fw status = 0x30
[  145.547198] mlx4_core 0000:82:00.0: command 0x24 failed: fw status = 0x30
[  145.750884] mlx4_core 0000:82:00.0: command 0x24 failed: fw status = 0x30
[  167.170662] mlx4_core 0000:82:00.0: command 0x24 failed: fw status = 0x30
[  167.374606] mlx4_core 0000:82:00.0: command 0x24 failed: fw status = 0x30
[  167.578515] mlx4_core 0000:82:00.0: command 0x24 failed: fw status = 0x30
[  167.782485] mlx4_core 0000:82:00.0: command 0x24 failed: fw status = 0x30
[  189.310708] mlx4_core 0000:82:00.0: command 0x24 failed: fw status = 0x30
[  189.513767] mlx4_core 0000:82:00.0: command 0x24 failed: fw status = 0x30
[  189.717771] mlx4_core 0000:82:00.0: command 0x24 failed: fw status = 0x30
[  189.922090] mlx4_core 0000:82:00.0: command 0x24 failed: fw status = 0x30
[  211.341657] mlx4_core 0000:82:00.0: command 0x24 failed: fw status = 0x30
[  211.545398] mlx4_core 0000:82:00.0: command 0x24 failed: fw status = 0x30
[  211.749382] mlx4_core 0000:82:00.0: command 0x24 failed: fw status = 0x30
[  211.953314] mlx4_core 0000:82:00.0: command 0x24 failed: fw status = 0x30
[  233.477238] mlx4_core 0000:82:00.0: command 0x24 failed: fw status = 0x30
[  233.680663] mlx4_core 0000:82:00.0: command 0x24 failed: fw status = 0x30
[  233.884581] mlx4_core 0000:82:00.0: command 0x24 failed: fw status = 0x30
[  234.088636] mlx4_core 0000:82:00.0: command 0x24 failed: fw status = 0x30
[  255.507894] mlx4_core 0000:82:00.0: command 0x24 failed: fw status = 0x30
[  255.711611] mlx4_core 0000:82:00.0: command 0x24 failed: fw status = 0x30
[  255.915560] mlx4_core 0000:82:00.0: command 0x24 failed: fw status = 0x30
[  256.119672] mlx4_core 0000:82:00.0: command 0x24 failed: fw status = 0x30
[  277.643578] mlx4_core 0000:82:00.0: command 0x24 failed: fw status = 0x30
[  277.847200] mlx4_core 0000:82:00.0: command 0x24 failed: fw status = 0x30
[  278.050936] mlx4_core 0000:82:00.0: command 0x24 failed: fw status = 0x30
[  278.254900] mlx4_core 0000:82:00.0: command 0x24 failed: fw status = 0x30
[  299.674542] mlx4_core 0000:82:00.0: command 0x24 failed: fw status = 0x30
[  299.878326] mlx4_core 0000:82:00.0: command 0x24 failed: fw status = 0x30
[  300.082322] mlx4_core 0000:82:00.0: command 0x24 failed: fw status = 0x30
[  300.286254] mlx4_core 0000:82:00.0: command 0x24 failed: fw status = 0x30
[  321.814269] mlx4_core 0000:82:00.0: command 0x24 failed: fw status = 0x30
[  322.017781] mlx4_core 0000:82:00.0: command 0x24 failed: fw status = 0x30
[  322.222051] mlx4_core 0000:82:00.0: command 0x24 failed: fw status = 0x30
[  322.425903] mlx4_core 0000:82:00.0: command 0x24 failed: fw status = 0x30
[  343.845713] mlx4_core 0000:82:00.0: command 0x24 failed: fw status = 0x30
[  344.049246] mlx4_core 0000:82:00.0: command 0x24 failed: fw status = 0x30
[  344.253329] mlx4_core 0000:82:00.0: command 0x24 failed: fw status = 0x30
[  344.457235] mlx4_core 0000:82:00.0: command 0x24 failed: fw status = 0x30
[  365.980870] mlx4_core 0000:82:00.0: command 0x24 failed: fw status = 0x30
[  366.184619] mlx4_core 0000:82:00.0: command 0x24 failed: fw status = 0x30
[  366.388542] mlx4_core 0000:82:00.0: command 0x24 failed: fw status = 0x30
[  366.592578] mlx4_core 0000:82:00.0: command 0x24 failed: fw status = 0x30
[  388.012322] mlx4_core 0000:82:00.0: command 0x24 failed: fw status = 0x30
[  388.215976] mlx4_core 0000:82:00.0: command 0x24 failed: fw status = 0x30
[  388.420094] mlx4_core 0000:82:00.0: command 0x24 failed: fw status = 0x30
[  388.623835] mlx4_core 0000:82:00.0: command 0x24 failed: fw status = 0x30
[  410.151652] mlx4_core 0000:82:00.0: command 0x24 failed: fw status = 0x30
[  410.355276] mlx4_core 0000:82:00.0: command 0x24 failed: fw status = 0x30
[  410.559274] mlx4_core 0000:82:00.0: command 0x24 failed: fw status = 0x30
[  410.763281] mlx4_core 0000:82:00.0: command 0x24 failed: fw status = 0x30
[  432.182850] mlx4_core 0000:82:00.0: command 0x24 failed: fw status = 0x30
[  432.386639] mlx4_core 0000:82:00.0: command 0x24 failed: fw status = 0x30
[  432.590498] mlx4_core 0000:82:00.0: command 0x24 failed: fw status = 0x30
[  432.794659] mlx4_core 0000:82:00.0: command 0x24 failed: fw status = 0x30
[  454.314417] mlx4_core 0000:82:00.0: command 0x24 failed: fw status = 0x30
[  454.517975] mlx4_core 0000:82:00.0: command 0x24 failed: fw status = 0x30
[  454.722015] mlx4_core 0000:82:00.0: command 0x24 failed: fw status = 0x30
[  454.926086] mlx4_core 0000:82:00.0: command 0x24 failed: fw status = 0x30
[  476.345447] mlx4_core 0000:82:00.0: command 0x24 failed: fw status = 0x30
[  476.549433] mlx4_core 0000:82:00.0: command 0x24 failed: fw status = 0x30
[  476.753159] mlx4_core 0000:82:00.0: command 0x24 failed: fw status = 0x30
[  476.957387] mlx4_core 0000:82:00.0: command 0x24 failed: fw status = 0x30
[  498.481138] mlx4_core 0000:82:00.0: command 0x24 failed: fw status = 0x30
[  498.684544] mlx4_core 0000:82:00.0: command 0x24 failed: fw status = 0x30
[  498.888780] mlx4_core 0000:82:00.0: command 0x24 failed: fw status = 0x30
[  499.092466] mlx4_core 0000:82:00.0: command 0x24 failed: fw status = 0x30
[  520.512205] mlx4_core 0000:82:00.0: command 0x24 failed: fw status = 0x30
[  520.716298] mlx4_core 0000:82:00.0: command 0x24 failed: fw status = 0x30
[  520.919834] mlx4_core 0000:82:00.0: command 0x24 failed: fw status = 0x30
[  521.123926] mlx4_core 0000:82:00.0: command 0x24 failed: fw status = 0x30
[  542.647844] mlx4_core 0000:82:00.0: command 0x24 failed: fw status = 0x30
[  542.851196] mlx4_core 0000:82:00.0: command 0x24 failed: fw status = 0x30
[  543.055582] mlx4_core 0000:82:00.0: command 0x24 failed: fw status = 0x30
[  543.259606] mlx4_core 0000:82:00.0: command 0x24 failed: fw status = 0x30
[  564.679171] mlx4_core 0000:82:00.0: command 0x24 failed: fw status = 0x30
[  564.882936] mlx4_core 0000:82:00.0: command 0x24 failed: fw status = 0x30
[  565.086888] mlx4_core 0000:82:00.0: command 0x24 failed: fw status = 0x30
[  565.290882] mlx4_core 0000:82:00.0: command 0x24 failed: fw status = 0x30
[  586.814679] mlx4_core 0000:82:00.0: command 0x24 failed: fw status = 0x30
[  587.017877] mlx4_core 0000:82:00.0: command 0x24 failed: fw status = 0x30
[  587.221988] mlx4_core 0000:82:00.0: command 0x24 failed: fw status = 0x30
[  587.425822] mlx4_core 0000:82:00.0: command 0x24 failed: fw status = 0x30
[  608.845810] mlx4_core 0000:82:00.0: command 0x24 failed: fw status = 0x30
[  609.049747] mlx4_core 0000:82:00.0: command 0x24 failed: fw status = 0x30
[  609.253673] mlx4_core 0000:82:00.0: command 0x24 failed: fw status = 0x30
[  609.457658] mlx4_core 0000:82:00.0: command 0x24 failed: fw status = 0x30
[  630.985406] mlx4_core 0000:82:00.0: command 0x24 failed: fw status = 0x30
[  631.189015] mlx4_core 0000:82:00.0: command 0x24 failed: fw status = 0x30
[  631.392625] mlx4_core 0000:82:00.0: command 0x24 failed: fw status = 0x30
[  631.596840] mlx4_core 0000:82:00.0: command 0x24 failed: fw status = 0x30
[  653.016285] mlx4_core 0000:82:00.0: command 0x24 failed: fw status = 0x30
[  653.220096] mlx4_core 0000:82:00.0: command 0x24 failed: fw status = 0x30
[  653.424410] mlx4_core 0000:82:00.0: command 0x24 failed: fw status = 0x30
[  653.628300] mlx4_core 0000:82:00.0: command 0x24 failed: fw status = 0x30
[  675.155913] mlx4_core 0000:82:00.0: command 0x24 failed: fw status = 0x30
[  675.359666] mlx4_core 0000:82:00.0: command 0x24 failed: fw status = 0x30
[  675.563328] mlx4_core 0000:82:00.0: command 0x24 failed: fw status = 0x30
[  675.767716] mlx4_core 0000:82:00.0: command 0x24 failed: fw status = 0x30
[  697.187036] mlx4_core 0000:82:00.0: command 0x24 failed: fw status = 0x30
[  697.390936] mlx4_core 0000:82:00.0: command 0x24 failed: fw status = 0x30
[  697.595067] mlx4_core 0000:82:00.0: command 0x24 failed: fw status = 0x30
[  697.798836] mlx4_core 0000:82:00.0: command 0x24 failed: fw status = 0x30
[  720.126695] mlx4_core 0000:82:00.0: command 0x24 failed: fw status = 0x30
[  720.330362] mlx4_core 0000:82:00.0: command 0x24 failed: fw status = 0x30
[  720.534029] mlx4_core 0000:82:00.0: command 0x24 failed: fw status = 0x30
[  720.738208] mlx4_core 0000:82:00.0: command 0x24 failed: fw status = 0x30
[  741.113519] Adding 50331644k swap on /users/sonjoyp/swapfile.  Priority:-2 extents:598 across:97094720k FS
[  741.341913] mlx4_core 0000:82:00.0: command 0x24 failed: fw status = 0x30
[  741.545723] mlx4_core 0000:82:00.0: command 0x24 failed: fw status = 0x30
[  741.749761] mlx4_core 0000:82:00.0: command 0x24 failed: fw status = 0x30
[  741.953755] mlx4_core 0000:82:00.0: command 0x24 failed: fw status = 0x30
[  763.469677] mlx4_core 0000:82:00.0: command 0x24 failed: fw status = 0x30
[  763.672938] mlx4_core 0000:82:00.0: command 0x24 failed: fw status = 0x30
[  763.877121] mlx4_core 0000:82:00.0: command 0x24 failed: fw status = 0x30
[  764.080880] mlx4_core 0000:82:00.0: command 0x24 failed: fw status = 0x30
[  784.684700] mlx4_core 0000:82:00.0: command 0x24 failed: fw status = 0x30
[  784.888483] mlx4_core 0000:82:00.0: command 0x24 failed: fw status = 0x30
[  785.092168] mlx4_core 0000:82:00.0: command 0x24 failed: fw status = 0x30
[  785.296494] mlx4_core 0000:82:00.0: command 0x24 failed: fw status = 0x30
[  806.808070] mlx4_core 0000:82:00.0: command 0x24 failed: fw status = 0x30
[  807.011796] mlx4_core 0000:82:00.0: command 0x24 failed: fw status = 0x30
[  807.215799] mlx4_core 0000:82:00.0: command 0x24 failed: fw status = 0x30
[  807.419732] mlx4_core 0000:82:00.0: command 0x24 failed: fw status = 0x30
[  828.023187] mlx4_core 0000:82:00.0: command 0x24 failed: fw status = 0x30
[  828.227157] mlx4_core 0000:82:00.0: command 0x24 failed: fw status = 0x30
[  828.431234] mlx4_core 0000:82:00.0: command 0x24 failed: fw status = 0x30
[  828.635041] mlx4_core 0000:82:00.0: command 0x24 failed: fw status = 0x30
[  850.150945] mlx4_core 0000:82:00.0: command 0x24 failed: fw status = 0x30
[  850.354593] mlx4_core 0000:82:00.0: command 0x24 failed: fw status = 0x30
[  850.558266] mlx4_core 0000:82:00.0: command 0x24 failed: fw status = 0x30
[  850.762592] mlx4_core 0000:82:00.0: command 0x24 failed: fw status = 0x30
[  871.365993] mlx4_core 0000:82:00.0: command 0x24 failed: fw status = 0x30
