[    0.014912] SRAT: PXM 1 -> APIC 0x29 -> Node 1
[    0.014913] SRAT: PXM 1 -> APIC 0x2a -> Node 1
[    0.014913] SRAT: PXM 1 -> APIC 0x2b -> Node 1
[    0.014914] SRAT: PXM 1 -> APIC 0x2c -> Node 1
[    0.014915] SRAT: PXM 1 -> APIC 0x2d -> Node 1
[    0.014916] SRAT: PXM 1 -> APIC 0x2e -> Node 1
[    0.014917] SRAT: PXM 1 -> APIC 0x2f -> Node 1
[    0.014920] ACPI: SRAT: Node 0 PXM 0 [mem 0x00000000-0x7fffffff]
[    0.014921] ACPI: SRAT: Node 0 PXM 0 [mem 0x100000000-0x87fffffff]
[    0.014922] ACPI: SRAT: Node 1 PXM 1 [mem 0x880000000-0x107fffffff]
[    0.014928] NUMA: Initialized distance table, cnt=2
[    0.014931] NUMA: Node 0 [mem 0x00000000-0x7fffffff] + [mem 0x100000000-0x87fffffff] -> [mem 0x00000000-0x87fffffff]
[    0.014941] NODE_DATA(0) allocated [mem 0x87ffd5000-0x87fffffff]
[    0.014974] NODE_DATA(1) allocated [mem 0x107ffd4000-0x107fffefff]
[    0.015276] Zone ranges:
[    0.015277]   DMA      [mem 0x0000000000001000-0x0000000000ffffff]
[    0.015278]   DMA32    [mem 0x0000000001000000-0x00000000ffffffff]
[    0.015279]   Normal   [mem 0x0000000100000000-0x000000107fffffff]
[    0.015280]   Device   empty
[    0.015281] Movable zone start for each node
[    0.015285] Early memory node ranges
[    0.015286]   node   0: [mem 0x0000000000001000-0x000000000009dfff]
[    0.015287]   node   0: [mem 0x0000000000100000-0x00000000783d5fff]
[    0.015288]   node   0: [mem 0x00000000797d6000-0x000000007e2fefff]
[    0.015289]   node   0: [mem 0x000000007efff000-0x000000007effffff]
[    0.015290]   node   0: [mem 0x0000000100000000-0x000000087fffffff]
[    0.015293]   node   1: [mem 0x0000000880000000-0x000000107fffffff]
[    0.015503] Zeroed struct page in unavailable ranges: 12643 pages
[    0.015504] Initmem setup node 0 [mem 0x0000000000001000-0x000000087fffffff]
[    0.015506] On node 0 totalpages: 8375965
[    0.015507]   DMA zone: 64 pages used for memmap
[    0.015507]   DMA zone: 44 pages reserved
[    0.015508]   DMA zone: 3997 pages, LIFO batch:0
[    0.015612]   DMA32 zone: 7932 pages used for memmap
[    0.015613]   DMA32 zone: 507648 pages, LIFO batch:63
[    0.025809]   Normal zone: 122880 pages used for memmap
[    0.025811]   Normal zone: 7864320 pages, LIFO batch:63
[    0.142181] Initmem setup node 1 [mem 0x0000000880000000-0x000000107fffffff]
[    0.142185] On node 1 totalpages: 8388608
[    0.142186]   Normal zone: 131072 pages used for memmap
[    0.142187]   Normal zone: 8388608 pages, LIFO batch:63
[    0.286572] ACPI: PM-Timer IO Port: 0x408
[    0.286576] ACPI: Local APIC address 0xfee00000
[    0.286588] ACPI: X2APIC_NMI (uid[0xffffffff] high edge lint[0x1])
[    0.286591] ACPI: LAPIC_NMI (acpi_id[0xff] high edge lint[0x1])
[    0.286602] IOAPIC[0]: apic_id 8, version 32, address 0xfec00000, GSI 0-23
[    0.286606] IOAPIC[1]: apic_id 9, version 32, address 0xfec01000, GSI 24-47
[    0.286611] IOAPIC[2]: apic_id 10, version 32, address 0xfec40000, GSI 48-71
[    0.286614] ACPI: INT_SRC_OVR (bus 0 bus_irq 0 global_irq 2 dfl dfl)
[    0.286615] ACPI: INT_SRC_OVR (bus 0 bus_irq 9 global_irq 9 high level)
[    0.286617] ACPI: IRQ0 used by override.
[    0.286618] ACPI: IRQ9 used by override.
[    0.286622] Using ACPI (MADT) for SMP configuration information
[    0.286624] ACPI: HPET id: 0x8086a701 base: 0xfed00000
[    0.286628] ACPI: SPCR: SPCR table version 1
[    0.286630] ACPI: SPCR: console: uart,io,0x2f8,115200
[    0.286633] smpboot: Allowing 32 CPUs, 0 hotplug CPUs
[    0.286653] PM: Registered nosave memory: [mem 0x00000000-0x00000fff]
[    0.286655] PM: Registered nosave memory: [mem 0x0009e000-0x0009ffff]
[    0.286656] PM: Registered nosave memory: [mem 0x000a0000-0x000dffff]
[    0.286657] PM: Registered nosave memory: [mem 0x000e0000-0x000fffff]
[    0.286659] PM: Registered nosave memory: [mem 0x783d6000-0x797d5fff]
[    0.286661] PM: Registered nosave memory: [mem 0x7e2ff000-0x7eafefff]
[    0.286662] PM: Registered nosave memory: [mem 0x7eaff000-0x7eefefff]
[    0.286663] PM: Registered nosave memory: [mem 0x7eeff000-0x7effefff]
[    0.286665] PM: Registered nosave memory: [mem 0x7f000000-0x8fffffff]
[    0.286666] PM: Registered nosave memory: [mem 0x90000000-0xfeafffff]
[    0.286666] PM: Registered nosave memory: [mem 0xfeb00000-0xfeb03fff]
[    0.286667] PM: Registered nosave memory: [mem 0xfeb04000-0xfebfffff]
[    0.286668] PM: Registered nosave memory: [mem 0xfec00000-0xfec00fff]
[    0.286669] PM: Registered nosave memory: [mem 0xfec01000-0xfed17fff]
[    0.286670] PM: Registered nosave memory: [mem 0xfed18000-0xfed18fff]
[    0.286671] PM: Registered nosave memory: [mem 0xfed19000-0xfed1bfff]
[    0.286671] PM: Registered nosave memory: [mem 0xfed1c000-0xfed8ffff]
[    0.286672] PM: Registered nosave memory: [mem 0xfed90000-0xfedfffff]
[    0.286673] PM: Registered nosave memory: [mem 0xfee00000-0xfee00fff]
[    0.286674] PM: Registered nosave memory: [mem 0xfee01000-0xffbfffff]
[    0.286675] PM: Registered nosave memory: [mem 0xffc00000-0xffffffff]
[    0.286677] [mem 0x90000000-0xfeafffff] available for PCI devices
[    0.286678] Booting paravirtualized kernel on bare hardware
[    0.286682] clocksource: refined-jiffies: mask: 0xffffffff max_cycles: 0xffffffff, max_idle_ns: 7645519600211568 ns
[    0.286688] setup_percpu: NR_CPUS:8192 nr_cpumask_bits:32 nr_cpu_ids:32 nr_node_ids:2
[    0.289026] percpu: Embedded 54 pages/cpu s184320 r8192 d28672 u262144
[    0.289034] pcpu-alloc: s184320 r8192 d28672 u262144 alloc=1*2097152
[    0.289035] pcpu-alloc: [0] 00 01 02 03 04 05 06 07 [0] 16 17 18 19 20 21 22 23 
[    0.289039] pcpu-alloc: [1] 08 09 10 11 12 13 14 15 [1] 24 25 26 27 28 29 30 31 
[    0.289078] Built 2 zonelists, mobility grouping on.  Total pages: 16502581
[    0.289079] Policy zone: Normal
[    0.289081] Kernel command line: BOOT_IMAGE=/boot/vmlinuz-5.4.0 root=UUID=5fac4c69-51f6-47af-9773-a0d722426942 ro console=ttyS1,115200
[    0.289472] mem auto-init: stack:off, heap alloc:on, heap free:off
[    0.301961] Calgary: detecting Calgary via BIOS EBDA area
[    0.301974] Calgary: Unable to locate Rio Grande table in EBDA - bailing!
[    0.508952] Memory: 65841252K/67058292K available (14339K kernel code, 2380K rwdata, 4756K rodata, 2680K init, 5044K bss, 1217040K reserved, 0K cma-reserved)
[    0.509318] SLUB: HWalign=64, Order=0-3, MinObjects=0, CPUs=32, Nodes=2
[    0.509340] Kernel/User page tables isolation: enabled
[    0.509365] ftrace: allocating 43540 entries in 171 pages
[    0.525618] rcu: Hierarchical RCU implementation.
[    0.525619] rcu: 	RCU restricting CPUs from NR_CPUS=8192 to nr_cpu_ids=32.
[    0.525621] 	Tasks RCU enabled.
[    0.525621] rcu: RCU calculated value of scheduler-enlistment delay is 25 jiffies.
[    0.525623] rcu: Adjusting geometry for rcu_fanout_leaf=16, nr_cpu_ids=32
[    0.528811] NR_IRQS: 524544, nr_irqs: 1496, preallocated irqs: 16
[    0.529084] random: crng done (trusting CPU's manufacturer)
[    0.535988] Console: colour VGA+ 80x25
[    4.012072] printk: console [ttyS1] enabled
[    4.031349] mempolicy: Enabling automatic NUMA balancing. Configure with numa_balancing= or the kernel.numa_balancing sysctl
[    4.061907] ACPI: Core revision 20190816
[    4.072897] clocksource: hpet: mask: 0xffffffff max_cycles: 0xffffffff, max_idle_ns: 133484882848 ns
[    4.102056] APIC: Switch to symmetric I/O mode setup
[    4.121693] DMAR: Host address width 46
[    4.132033] DMAR: DRHD base: 0x000000fbffe000 flags: 0x0
[    4.151703] DMAR: dmar0: reg_base_addr fbffe000 ver 1:0 cap d2078c106f0466 ecap f020de
[    4.181266] DMAR: DRHD base: 0x000000ebffc000 flags: 0x1
[    4.191902] DMAR: dmar1: reg_base_addr ebffc000 ver 1:0 cap d2078c106f0466 ecap f020de
[    4.221449] DMAR: RMRR base: 0x0000007ea8b000 end: 0x0000007ea93fff
[    4.241256] DMAR-IR: IOAPIC id 10 under DRHD base  0xfbffe000 IOMMU 0
[    4.261287] DMAR-IR: IOAPIC id 8 under DRHD base  0xebffc000 IOMMU 1
[    4.281270] DMAR-IR: IOAPIC id 9 under DRHD base  0xebffc000 IOMMU 1
[    4.292111] DMAR-IR: HPET id 0 under DRHD base 0xebffc000
[    4.311720] DMAR-IR: Queued invalidation will be enabled to support x2apic and Intr-remapping.
[    4.342337] DMAR-IR: Enabled IRQ remapping in x2apic mode
[    4.361463] x2apic enabled
[    4.371282] Switched APIC routing to cluster x2apic.
[    4.382503] ..TIMER: vector=0x30 apic1=0 pin1=2 apic2=-1 pin2=-1
[    4.418071] clocksource: tsc-early: mask: 0xffffffffffffffff max_cycles: 0x2579d086e2c, max_idle_ns: 440795254676 ns
[    4.441461] Calibrating delay loop (skipped), value calculated using timer frequency.. 5199.77 BogoMIPS (lpj=10399544)
[    4.445460] pid_max: default: 32768 minimum: 301
[    4.453516] LSM: Security Framework initializing
[    4.457474] Yama: becoming mindful.
[    4.461624] AppArmor: AppArmor initialized
[    4.482831] Dentry cache hash table entries: 8388608 (order: 14, 67108864 bytes, vmalloc)
[    4.493849] Inode-cache hash table entries: 4194304 (order: 13, 33554432 bytes, vmalloc)
[    4.497710] Mount-cache hash table entries: 131072 (order: 8, 1048576 bytes, vmalloc)
[    4.501669] Mountpoint-cache hash table entries: 131072 (order: 8, 1048576 bytes, vmalloc)
[    4.505497] *** VALIDATE tmpfs ***
[    4.509676] *** VALIDATE proc ***
[    4.513567] *** VALIDATE cgroup1 ***
[    4.517462] *** VALIDATE cgroup2 ***
[    4.521544] mce: CPU0: Thermal monitoring enabled (TM1)
[    4.525504] process: using mwait in idle threads
[    4.529462] Last level iTLB entries: 4KB 512, 2MB 8, 4MB 8
[    4.533460] Last level dTLB entries: 4KB 512, 2MB 0, 4MB 0, 1GB 4
[    4.537463] Spectre V1 : Mitigation: usercopy/swapgs barriers and __user pointer sanitization
[    4.541460] Spectre V2 : Mitigation: Full generic retpoline
[    4.545460] Spectre V2 : Spectre v2 / SpectreRSB mitigation: Filling RSB on context switch
[    4.549460] Spectre V2 : Enabling Restricted Speculation for firmware calls
[    4.553461] Spectre V2 : mitigation: Enabling conditional Indirect Branch Prediction Barrier
[    4.557460] Spectre V2 : User space: Mitigation: STIBP via seccomp and prctl
[    4.561460] Speculative Store Bypass: Mitigation: Speculative Store Bypass disabled via prctl and seccomp
[    4.565462] MDS: Mitigation: Clear CPU buffers
[    4.569645] Freeing SMP alternatives memory: 40K
[    4.577637] TSC deadline timer enabled
[    4.577644] smpboot: CPU0: Intel(R) Xeon(R) CPU E5-2650 v2 @ 2.60GHz (family: 0x6, model: 0x3e, stepping: 0x4)
[    4.581686] Performance Events: PEBS fmt1+, IvyBridge events, 16-deep LBR, full-width counters, Intel PMU driver.
[    4.585462] ... version:                3
[    4.589460] ... bit width:              48
[    4.593460] ... generic registers:      4
[    4.597460] ... value mask:             0000ffffffffffff
[    4.601460] ... max period:             00007fffffffffff
[    4.605460] ... fixed-purpose events:   3
[    4.609460] ... event mask:             000000070000000f
[    4.613524] rcu: Hierarchical SRCU implementation.
[    4.620439] NMI watchdog: Enabled. Permanently consumes one hw-PMU counter.
[    4.621957] smp: Bringing up secondary CPUs ...
[    4.625614] x86: Booting SMP configuration:
[    4.629463] .... node  #0, CPUs:        #1  #2  #3  #4  #5  #6  #7
[    4.665461] .... node  #1, CPUs:    #8
[    3.832416] smpboot: CPU 8 Converting physical 0 to logical die 1
[    4.785654]   #9 #10 #11 #12 #13 #14 #15
[    4.829462] .... node  #0, CPUs:   #16
[    4.832755] MDS CPU bug present and SMT on, data leak possible. See https://www.kernel.org/doc/html/latest/admin-guide/hw-vuln/mds.html for more details.
[    4.837649]  #17 #18 #19 #20 #21 #22 #23
[    4.857462] .... node  #1, CPUs:   #24 #25 #26 #27 #28 #29 #30 #31
[    4.889688] smp: Brought up 2 nodes, 32 CPUs
[    4.897461] smpboot: Max logical packages: 2
[    4.901461] smpboot: Total of 32 processors activated (166423.12 BogoMIPS)
[    4.912567] devtmpfs: initialized
[    4.921583] x86/mm: Memory block size: 2048MB
[    4.933588] PM: Registering ACPI NVS region [mem 0x7eaff000-0x7eefefff] (4194304 bytes)
[    4.961845] clocksource: jiffies: mask: 0xffffffff max_cycles: 0xffffffff, max_idle_ns: 7645041785100000 ns
[    4.989711] futex hash table entries: 8192 (order: 7, 524288 bytes, vmalloc)
[    5.009991] pinctrl core: initialized pinctrl subsystem
[    5.029679] PM: RTC time: 19:43:24, date: 2023-02-17
[    5.041913] NET: Registered protocol family 16
[    5.061667] audit: initializing netlink subsys (disabled)
[    5.081506] audit: type=2000 audit(1676662999.724:1): state=initialized audit_enabled=0 res=1
[    5.081747] EISA bus registered
[    5.113496] cpuidle: using governor ladder
[    5.129521] cpuidle: using governor menu
[    5.141523] Simple Boot Flag at 0x44 set to 0x1
[    5.153492] ACPI FADT declares the system doesn't support PCIe ASPM, so disable it
[    5.181463] ACPI: bus type PCI registered
[    5.189463] acpiphp: ACPI Hot Plug PCI Controller Driver version: 0.5
[    5.213664] PCI: MMCONFIG for domain 0000 [bus 00-ff] at [mem 0x80000000-0x8fffffff] (base 0x80000000)
[    5.241505] PCI: MMCONFIG at [mem 0x80000000-0x8fffffff] reserved in E820
[    5.269497] PCI: Using configuration type 1 for base access
[    5.281537] core: PMU erratum BJ122, BV98, HSD29 worked around, HT is on
[    5.317610] HugeTLB registered 1.00 GiB page size, pre-allocated 0 pages
[    5.329468] HugeTLB registered 2.00 MiB page size, pre-allocated 0 pages
[    5.357881] ACPI: Added _OSI(Module Device)
[    5.361474] ACPI: Added _OSI(Processor Device)
[    5.381465] ACPI: Added _OSI(3.0 _SCP Extensions)
[    5.389462] ACPI: Added _OSI(Processor Aggregator Device)
[    5.409463] ACPI: Added _OSI(Linux-Dell-Video)
[    5.429463] ACPI: Added _OSI(Linux-Lenovo-NV-HDMI-Audio)
[    5.441463] ACPI: Added _OSI(Linux-HPI-Hybrid-Graphics)
[    5.875290] ACPI: 2 ACPI AML tables successfully acquired and loaded
[    5.938966] ACPI: Dynamic OEM Table Load:
[    5.998376] ACPI: Interpreter enabled
[    5.999933] ACPI: (supports S0 S4 S5)
[    6.009464] ACPI: Using IOAPIC for interrupt routing
[    6.029614] PCI: Using host bridge windows from ACPI; if necessary, use "pci=nocrs" and report a bug
[    6.062973] ACPI: Enabled 10 GPEs in block 00 to 3F
[    6.123274] ACPI: PCI Root Bridge [PCI0] (domain 0000 [bus 00-7e])
[    6.129475] acpi PNP0A08:00: _OSC: OS supports [ExtendedConfig ASPM ClockPM Segments MSI HPX-Type3]
[    6.170826] acpi PNP0A08:00: _OSC: OS now controls [PCIeHotplug SHPCHotplug PME AER PCIeCapability LTR]
[    6.201467] acpi PNP0A08:00: FADT indicates ASPM is unsupported, using BIOS configuration
[    6.223204] PCI host bridge to bus 0000:00
[    6.237470] pci_bus 0000:00: root bus resource [io  0x0000-0x0cf7 window]
[    6.261464] pci_bus 0000:00: root bus resource [io  0x1000-0xdfff window]
[    6.281466] pci_bus 0000:00: root bus resource [mem 0x000a0000-0x000bffff window]
[    6.301464] pci_bus 0000:00: root bus resource [mem 0x90000000-0xebffefff window]
[    6.329465] pci_bus 0000:00: root bus resource [bus 00-7e]
[    6.341487] pci 0000:00:00.0: [8086:0e00] type 00 class 0x060000
[    6.361581] pci 0000:00:00.0: PME# supported from D0 D3hot D3cold
[    6.381684] pci 0000:00:01.0: [8086:0e02] type 01 class 0x060400
[    6.401600] pci 0000:00:01.0: PME# supported from D0 D3hot D3cold
[    6.421741] pci 0000:00:02.0: [8086:0e04] type 01 class 0x060400
[    6.441598] pci 0000:00:02.0: PME# supported from D0 D3hot D3cold
[    6.461719] pci 0000:00:04.0: [8086:0e20] type 00 class 0x088000
[    6.481491] pci 0000:00:04.0: reg 0x10: [mem 0x91400000-0x91403fff 64bit]
[    6.501748] pci 0000:00:04.1: [8086:0e21] type 00 class 0x088000
[    6.521489] pci 0000:00:04.1: reg 0x10: [mem 0x91404000-0x91407fff 64bit]
[    6.549737] pci 0000:00:04.2: [8086:0e22] type 00 class 0x088000
[    6.569489] pci 0000:00:04.2: reg 0x10: [mem 0x91408000-0x9140bfff 64bit]
[    6.589733] pci 0000:00:04.3: [8086:0e23] type 00 class 0x088000
[    6.609489] pci 0000:00:04.3: reg 0x10: [mem 0x9140c000-0x9140ffff 64bit]
[    6.629736] pci 0000:00:04.4: [8086:0e24] type 00 class 0x088000
[    6.649489] pci 0000:00:04.4: reg 0x10: [mem 0x91410000-0x91413fff 64bit]
[    6.669749] pci 0000:00:04.5: [8086:0e25] type 00 class 0x088000
[    6.689491] pci 0000:00:04.5: reg 0x10: [mem 0x91414000-0x91417fff 64bit]
[    6.709733] pci 0000:00:04.6: [8086:0e26] type 00 class 0x088000
[    6.729489] pci 0000:00:04.6: reg 0x10: [mem 0x91418000-0x9141bfff 64bit]
[    6.749735] pci 0000:00:04.7: [8086:0e27] type 00 class 0x088000
[    6.769488] pci 0000:00:04.7: reg 0x10: [mem 0x9141c000-0x9141ffff 64bit]
[    6.789729] pci 0000:00:05.0: [8086:0e28] type 00 class 0x088000
[    6.809760] pci 0000:00:05.1: [8086:0e29] type 00 class 0x088000
[    6.829757] pci 0000:00:05.2: [8086:0e2a] type 00 class 0x088000
[    6.849726] pci 0000:00:05.4: [8086:0e2c] type 00 class 0x080020
[    6.869483] pci 0000:00:05.4: reg 0x10: [mem 0x91427000-0x91427fff]
[    6.889746] pci 0000:00:11.0: [8086:1d3e] type 01 class 0x060400
[    6.909614] pci 0000:00:11.0: PME# supported from D0 D3hot D3cold
[    6.929732] pci 0000:00:16.0: [8086:1d3a] type 00 class 0x078000
[    6.949493] pci 0000:00:16.0: reg 0x10: [mem 0x91420000-0x9142000f 64bit]
[    6.969555] pci 0000:00:16.0: PME# supported from D0 D3hot D3cold
[    6.989678] pci 0000:00:16.1: [8086:1d3b] type 00 class 0x078000
[    7.009492] pci 0000:00:16.1: reg 0x10: [mem 0x91421000-0x9142100f 64bit]
[    7.029551] pci 0000:00:16.1: PME# supported from D0 D3hot D3cold
[    7.049696] pci 0000:00:1a.0: [8086:1d2d] type 00 class 0x0c0320
[    7.070820] pci 0000:00:1a.0: reg 0x10: [mem 0x91426000-0x914263ff]
[    7.093400] pci 0000:00:1a.0: PME# supported from D0 D3hot D3cold
[    7.109694] pci 0000:00:1c.0: [8086:1d10] type 01 class 0x060400
[    7.129594] pci 0000:00:1c.0: PME# supported from D0 D3hot D3cold
[    7.149718] pci 0000:00:1d.0: [8086:1d26] type 00 class 0x0c0320
[    7.170785] pci 0000:00:1d.0: reg 0x10: [mem 0x91425000-0x914253ff]
[    7.193304] pci 0000:00:1d.0: PME# supported from D0 D3hot D3cold
[    7.209683] pci 0000:00:1e.0: [8086:244e] type 01 class 0x060401
[    7.229769] pci 0000:00:1f.0: [8086:1d41] type 00 class 0x060100
[    7.249815] pci 0000:00:1f.2: [8086:1d02] type 00 class 0x010601
[    7.269489] pci 0000:00:1f.2: reg 0x10: [io  0x4048-0x404f]
[    7.277472] pci 0000:00:1f.2: reg 0x14: [io  0x4054-0x4057]
[    7.297472] pci 0000:00:1f.2: reg 0x18: [io  0x4040-0x4047]
[    7.317472] pci 0000:00:1f.2: reg 0x1c: [io  0x4050-0x4053]
[    7.337472] pci 0000:00:1f.2: reg 0x20: [io  0x4020-0x403f]
[    7.357472] pci 0000:00:1f.2: reg 0x24: [mem 0x91424000-0x914247ff]
[    7.377526] pci 0000:00:1f.2: PME# supported from D3hot
[    7.397690] pci 0000:00:1f.3: [8086:1d22] type 00 class 0x0c0500
[    7.409488] pci 0000:00:1f.3: reg 0x10: [mem 0x91422000-0x914220ff 64bit]
[    7.437489] pci 0000:00:1f.3: reg 0x20: [io  0x4000-0x401f]
[    7.449787] pci 0000:02:00.0: [8086:1521] type 00 class 0x020000
[    7.469489] pci 0000:02:00.0: reg 0x10: [mem 0x91320000-0x9133ffff]
[    7.497480] pci 0000:02:00.0: reg 0x18: [io  0x3020-0x303f]
[    7.509474] pci 0000:02:00.0: reg 0x1c: [mem 0x91344000-0x91347fff]
[    7.529568] pci 0000:02:00.0: PME# supported from D0 D3hot D3cold
[    7.549494] pci 0000:02:00.0: reg 0x184: [mem 0x00000000-0x00003fff]
[    7.569465] pci 0000:02:00.0: VF(n) BAR0 space: [mem 0x00000000-0x0001ffff] (contains BAR0 for 8 VFs)
[    7.597481] pci 0000:02:00.0: reg 0x190: [mem 0x00000000-0x00003fff]
[    7.629464] pci 0000:02:00.0: VF(n) BAR3 space: [mem 0x00000000-0x0001ffff] (contains BAR3 for 8 VFs)
[    7.657604] pci 0000:02:00.3: [8086:1521] type 00 class 0x020000
[    7.677488] pci 0000:02:00.3: reg 0x10: [mem 0x91300000-0x9131ffff]
[    7.697479] pci 0000:02:00.3: reg 0x18: [io  0x3000-0x301f]
[    7.709471] pci 0000:02:00.3: reg 0x1c: [mem 0x91340000-0x91343fff]
[    7.729565] pci 0000:02:00.3: PME# supported from D0 D3hot D3cold
[    7.749487] pci 0000:02:00.3: reg 0x184: [mem 0x00000000-0x00003fff]
[    7.777464] pci 0000:02:00.3: VF(n) BAR0 space: [mem 0x00000000-0x0001ffff] (contains BAR0 for 8 VFs)
[    7.805484] pci 0000:02:00.3: reg 0x190: [mem 0x00000000-0x00003fff]
[    7.825464] pci 0000:02:00.3: VF(n) BAR3 space: [mem 0x00000000-0x0001ffff] (contains BAR3 for 8 VFs)
[    7.857596] pci 0000:00:01.0: PCI bridge to [bus 02]
[    7.869467] pci 0000:00:01.0:   bridge window [io  0x3000-0x3fff]
[    7.889466] pci 0000:00:01.0:   bridge window [mem 0x91300000-0x913fffff]
[    7.909568] pci 0000:03:00.0: [8086:154d] type 00 class 0x020000
[    7.929487] pci 0000:03:00.0: reg 0x10: [mem 0x91100000-0x9117ffff 64bit]
[    7.957480] pci 0000:03:00.0: reg 0x18: [io  0x2020-0x203f]
[    7.969484] pci 0000:03:00.0: reg 0x20: [mem 0x91200000-0x91203fff 64bit]
[    7.997472] pci 0000:03:00.0: reg 0x30: [mem 0xfff80000-0xffffffff pref]
[    8.017530] pci 0000:03:00.0: PME# supported from D0 D3hot
[    8.029493] pci 0000:03:00.0: reg 0x184: [mem 0x00000000-0x00003fff 64bit pref]
[    8.057465] pci 0000:03:00.0: VF(n) BAR0 space: [mem 0x00000000-0x000fffff 64bit pref] (contains BAR0 for 64 VFs)
[    8.089477] pci 0000:03:00.0: reg 0x190: [mem 0x00000000-0x00003fff 64bit pref]
[    8.117465] pci 0000:03:00.0: VF(n) BAR3 space: [mem 0x00000000-0x000fffff 64bit pref] (contains BAR3 for 64 VFs)
[    8.145666] pci 0000:03:00.1: [8086:154d] type 00 class 0x020000
[    8.165487] pci 0000:03:00.1: reg 0x10: [mem 0x91180000-0x911fffff 64bit]
[    8.189471] pci 0000:03:00.1: reg 0x18: [io  0x2000-0x201f]
[    8.205481] pci 0000:03:00.1: reg 0x20: [mem 0x91204000-0x91207fff 64bit]
[    8.229473] pci 0000:03:00.1: reg 0x30: [mem 0xfff80000-0xffffffff pref]
[    8.249530] pci 0000:03:00.1: PME# supported from D0 D3hot
[    8.265488] pci 0000:03:00.1: reg 0x184: [mem 0x00000000-0x00003fff 64bit pref]
[    8.289465] pci 0000:03:00.1: VF(n) BAR0 space: [mem 0x00000000-0x000fffff 64bit pref] (contains BAR0 for 64 VFs)
[    8.325477] pci 0000:03:00.1: reg 0x190: [mem 0x00000000-0x00003fff 64bit pref]
[    8.345465] pci 0000:03:00.1: VF(n) BAR3 space: [mem 0x00000000-0x000fffff 64bit pref] (contains BAR3 for 64 VFs)
[    8.377655] pci 0000:00:02.0: PCI bridge to [bus 03]
[    8.397467] pci 0000:00:02.0:   bridge window [io  0x2000-0x2fff]
[    8.417466] pci 0000:00:02.0:   bridge window [mem 0x91100000-0x912fffff]
[    8.437569] pci 0000:00:11.0: PCI bridge to [bus 04]
[    8.457588] pci 0000:05:00.0: [1a03:1150] type 01 class 0x060400
[    8.477676] pci 0000:05:00.0: supports D1 D2
[    8.485463] pci 0000:05:00.0: PME# supported from D0 D1 D2 D3hot D3cold
[    8.505606] pci 0000:00:1c.0: PCI bridge to [bus 05-06]
[    8.525467] pci 0000:00:1c.0:   bridge window [io  0x1000-0x1fff]
[    8.545466] pci 0000:00:1c.0:   bridge window [mem 0x90000000-0x910fffff]
[    8.565537] pci_bus 0000:06: extended config space not accessible
[    8.585512] pci 0000:06:00.0: [1a03:2000] type 00 class 0x030000
[    8.605502] pci 0000:06:00.0: reg 0x10: [mem 0x90000000-0x90ffffff]
[    8.625483] pci 0000:06:00.0: reg 0x14: [mem 0x91000000-0x9101ffff]
[    8.645483] pci 0000:06:00.0: reg 0x18: [io  0x1000-0x107f]
[    8.665612] pci 0000:06:00.0: supports D1 D2
[    8.677463] pci 0000:06:00.0: PME# supported from D0 D1 D2 D3hot D3cold
[    8.697628] pci 0000:05:00.0: PCI bridge to [bus 06]
[    8.717476] pci 0000:05:00.0:   bridge window [io  0x1000-0x1fff]
[    8.737468] pci 0000:05:00.0:   bridge window [mem 0x90000000-0x910fffff]
[    8.757508] pci_bus 0000:07: extended config space not accessible
[    8.777566] pci 0000:00:1e.0: PCI bridge to [bus 07] (subtractive decode)
[    8.797475] pci 0000:00:1e.0:   bridge window [io  0x0000-0x0cf7 window] (subtractive decode)
[    8.825464] pci 0000:00:1e.0:   bridge window [io  0x1000-0xdfff window] (subtractive decode)
[    8.857474] pci 0000:00:1e.0:   bridge window [mem 0x000a0000-0x000bffff window] (subtractive decode)
[    8.885464] pci 0000:00:1e.0:   bridge window [mem 0x90000000-0xebffefff window] (subtractive decode)
[    8.917504] pci_bus 0000:00: on NUMA node 0
[    8.919403] ACPI: PCI Root Bridge [UNC0] (domain 0000 [bus 7f])
[    8.925472] acpi PNP0A03:00: _OSC: OS supports [ExtendedConfig ASPM ClockPM Segments MSI HPX-Type3]
[    8.957980] acpi PNP0A03:00: _OSC: OS now controls [PCIeHotplug SHPCHotplug PME AER PCIeCapability LTR]
[    9.025469] acpi PNP0A03:00: FADT indicates ASPM is unsupported, using BIOS configuration
[    9.057710] PCI host bridge to bus 0000:7f
[    9.065466] pci_bus 0000:7f: root bus resource [bus 7f]
[    9.085486] pci 0000:7f:08.0: [8086:0e80] type 00 class 0x088000
[    9.105584] pci 0000:7f:09.0: [8086:0e90] type 00 class 0x088000
[    9.125592] pci 0000:7f:0a.0: [8086:0ec0] type 00 class 0x088000
[    9.145562] pci 0000:7f:0a.1: [8086:0ec1] type 00 class 0x088000
[    9.165564] pci 0000:7f:0a.2: [8086:0ec2] type 00 class 0x088000
[    9.185571] pci 0000:7f:0a.3: [8086:0ec3] type 00 class 0x088000
[    9.205572] pci 0000:7f:0b.0: [8086:0e1e] type 00 class 0x088000
[    9.225558] pci 0000:7f:0b.3: [8086:0e1f] type 00 class 0x088000
[    9.245560] pci 0000:7f:0c.0: [8086:0ee0] type 00 class 0x088000
[    9.265558] pci 0000:7f:0c.1: [8086:0ee2] type 00 class 0x088000
[    9.285574] pci 0000:7f:0c.2: [8086:0ee4] type 00 class 0x088000
[    9.305564] pci 0000:7f:0c.3: [8086:0ee6] type 00 class 0x088000
[    9.317561] pci 0000:7f:0d.0: [8086:0ee1] type 00 class 0x088000
[    9.337558] pci 0000:7f:0d.1: [8086:0ee3] type 00 class 0x088000
[    9.357565] pci 0000:7f:0d.2: [8086:0ee5] type 00 class 0x088000
[    9.377559] pci 0000:7f:0d.3: [8086:0ee7] type 00 class 0x088000
[    9.397565] pci 0000:7f:0e.0: [8086:0ea0] type 00 class 0x088000
[    9.417567] pci 0000:7f:0e.1: [8086:0e30] type 00 class 0x110100
[    9.437593] pci 0000:7f:0f.0: [8086:0ea8] type 00 class 0x088000
[    9.457592] pci 0000:7f:0f.1: [8086:0e71] type 00 class 0x088000
[    9.477590] pci 0000:7f:0f.2: [8086:0eaa] type 00 class 0x088000
[    9.497587] pci 0000:7f:0f.3: [8086:0eab] type 00 class 0x088000
[    9.517587] pci 0000:7f:0f.4: [8086:0eac] type 00 class 0x088000
[    9.537590] pci 0000:7f:0f.5: [8086:0ead] type 00 class 0x088000
[    9.557590] pci 0000:7f:10.0: [8086:0eb0] type 00 class 0x088000
[    9.577592] pci 0000:7f:10.1: [8086:0eb1] type 00 class 0x088000
[    9.585613] pci 0000:7f:10.2: [8086:0eb2] type 00 class 0x088000
[    9.605588] pci 0000:7f:10.3: [8086:0eb3] type 00 class 0x088000
[    9.625586] pci 0000:7f:10.4: [8086:0eb4] type 00 class 0x088000
[    9.645589] pci 0000:7f:10.5: [8086:0eb5] type 00 class 0x088000
[    9.665587] pci 0000:7f:10.6: [8086:0eb6] type 00 class 0x088000
[    9.685587] pci 0000:7f:10.7: [8086:0eb7] type 00 class 0x088000
[    9.705592] pci 0000:7f:13.0: [8086:0e1d] type 00 class 0x088000
[    9.725562] pci 0000:7f:13.1: [8086:0e34] type 00 class 0x110100
[    9.745582] pci 0000:7f:13.4: [8086:0e81] type 00 class 0x088000
[    9.765562] pci 0000:7f:13.5: [8086:0e36] type 00 class 0x110100
[    9.785568] pci 0000:7f:16.0: [8086:0ec8] type 00 class 0x088000
[    9.805604] pci 0000:7f:16.1: [8086:0ec9] type 00 class 0x088000
[    9.825563] pci 0000:7f:16.2: [8086:0eca] type 00 class 0x088000
[    9.838195] ACPI: PCI Root Bridge [PCI1] (domain 0000 [bus 80-fe])
[    9.857473] acpi PNP0A08:01: _OSC: OS supports [ExtendedConfig ASPM ClockPM Segments MSI HPX-Type3]
[    9.885958] acpi PNP0A08:01: _OSC: OS now controls [PCIeHotplug SHPCHotplug PME AER PCIeCapability LTR]
[    9.925472] acpi PNP0A08:01: FADT indicates ASPM is unsupported, using BIOS configuration
[    9.946127] PCI host bridge to bus 0000:80
[    9.957469] pci_bus 0000:80: root bus resource [io  0x0000-0x0cf7 window]
[    9.985465] pci_bus 0000:80: root bus resource [io  0xe000-0xffff window]
[   10.005464] pci_bus 0000:80: root bus resource [mem 0x000a0000-0x000bffff window]
[   10.025467] pci_bus 0000:80: root bus resource [mem 0xec000000-0xfbffffff window]
[   10.053465] pci_bus 0000:80: root bus resource [bus 80-fe]
[   10.065489] pci 0000:80:02.0: [8086:0e04] type 01 class 0x060400
[   10.085608] pci 0000:80:02.0: PME# supported from D0 D3hot D3cold
[   10.105669] pci 0000:80:02.2: [8086:0e06] type 01 class 0x060400
[   10.125628] pci 0000:80:02.2: PME# supported from D0 D3hot D3cold
[   10.145672] pci 0000:80:04.0: [8086:0e20] type 00 class 0x088000
[   10.165495] pci 0000:80:04.0: reg 0x10: [mem 0xec900000-0xec903fff 64bit]
[   10.185691] pci 0000:80:04.1: [8086:0e21] type 00 class 0x088000
[   10.205490] pci 0000:80:04.1: reg 0x10: [mem 0xec904000-0xec907fff 64bit]
[   10.225679] pci 0000:80:04.2: [8086:0e22] type 00 class 0x088000
[   10.245491] pci 0000:80:04.2: reg 0x10: [mem 0xec908000-0xec90bfff 64bit]
[   10.273675] pci 0000:80:04.3: [8086:0e23] type 00 class 0x088000
[   10.293492] pci 0000:80:04.3: reg 0x10: [mem 0xec90c000-0xec90ffff 64bit]
[   10.313693] pci 0000:80:04.4: [8086:0e24] type 00 class 0x088000
[   10.333490] pci 0000:80:04.4: reg 0x10: [mem 0xec910000-0xec913fff 64bit]
[   10.353674] pci 0000:80:04.5: [8086:0e25] type 00 class 0x088000
[   10.373490] pci 0000:80:04.5: reg 0x10: [mem 0xec914000-0xec917fff 64bit]
[   10.397675] pci 0000:80:04.6: [8086:0e26] type 00 class 0x088000
[   10.413490] pci 0000:80:04.6: reg 0x10: [mem 0xec918000-0xec91bfff 64bit]
[   10.433680] pci 0000:80:04.7: [8086:0e27] type 00 class 0x088000
[   10.453490] pci 0000:80:04.7: reg 0x10: [mem 0xec91c000-0xec91ffff 64bit]
[   10.477673] pci 0000:80:05.0: [8086:0e28] type 00 class 0x088000
[   10.493701] pci 0000:80:05.1: [8086:0e29] type 00 class 0x088000
[   10.513699] pci 0000:80:05.2: [8086:0e2a] type 00 class 0x088000
[   10.533672] pci 0000:80:05.4: [8086:0e2c] type 00 class 0x080020
[   10.553485] pci 0000:80:05.4: reg 0x10: [mem 0xec920000-0xec920fff]
[   10.573792] pci 0000:80:02.0: PCI bridge to [bus 81]
[   10.593744] pci 0000:82:00.0: [15b3:1003] type 00 class 0x028000
[   10.613914] pci 0000:82:00.0: reg 0x10: [mem 0xec800000-0xec8fffff 64bit]
[   10.633672] pci 0000:82:00.0: reg 0x18: [mem 0xec000000-0xec7fffff 64bit pref]
[   10.653849] pci 0000:82:00.0: reg 0x30: [mem 0xfff00000-0xffffffff pref]
[   10.675284] pci 0000:82:00.0: reg 0x134: [mem 0x00000000-0x007fffff 64bit pref]
[   10.705468] pci 0000:82:00.0: VF(n) BAR2 space: [mem 0x00000000-0x07ffffff 64bit pref] (contains BAR2 for 16 VFs)
[   10.735275] pci 0000:80:02.2: PCI bridge to [bus 82]
[   10.753470] pci 0000:80:02.2:   bridge window [mem 0xec800000-0xec8fffff]
[   10.773469] pci 0000:80:02.2:   bridge window [mem 0xec000000-0xec7fffff 64bit pref]
[   10.793485] pci_bus 0000:80: on NUMA node 1
[   10.793836] ACPI: PCI Root Bridge [UNC1] (domain 0000 [bus ff])
[   10.813472] acpi PNP0A03:01: _OSC: OS supports [ExtendedConfig ASPM ClockPM Segments MSI HPX-Type3]
[   10.845964] acpi PNP0A03:01: _OSC: OS now controls [PCIeHotplug SHPCHotplug PME AER PCIeCapability LTR]
[   10.873465] acpi PNP0A03:01: FADT indicates ASPM is unsupported, using BIOS configuration
[   10.905684] PCI host bridge to bus 0000:ff
[   10.913467] pci_bus 0000:ff: root bus resource [bus ff]
[   10.933487] pci 0000:ff:08.0: [8086:0e80] type 00 class 0x088000
[   10.953581] pci 0000:ff:09.0: [8086:0e90] type 00 class 0x088000
[   10.973577] pci 0000:ff:0a.0: [8086:0ec0] type 00 class 0x088000
[   10.993558] pci 0000:ff:0a.1: [8086:0ec1] type 00 class 0x088000
[   11.005556] pci 0000:ff:0a.2: [8086:0ec2] type 00 class 0x088000
[   11.025560] pci 0000:ff:0a.3: [8086:0ec3] type 00 class 0x088000
[   11.045566] pci 0000:ff:0b.0: [8086:0e1e] type 00 class 0x088000
[   11.065569] pci 0000:ff:0b.3: [8086:0e1f] type 00 class 0x088000
[   11.085558] pci 0000:ff:0c.0: [8086:0ee0] type 00 class 0x088000
[   11.105558] pci 0000:ff:0c.1: [8086:0ee2] type 00 class 0x088000
[   11.125578] pci 0000:ff:0c.2: [8086:0ee4] type 00 class 0x088000
[   11.145558] pci 0000:ff:0c.3: [8086:0ee6] type 00 class 0x088000
[   11.165559] pci 0000:ff:0d.0: [8086:0ee1] type 00 class 0x088000
[   11.185556] pci 0000:ff:0d.1: [8086:0ee3] type 00 class 0x088000
[   11.205556] pci 0000:ff:0d.2: [8086:0ee5] type 00 class 0x088000
[   11.225590] pci 0000:ff:0d.3: [8086:0ee7] type 00 class 0x088000
[   11.245564] pci 0000:ff:0e.0: [8086:0ea0] type 00 class 0x088000
[   11.265566] pci 0000:ff:0e.1: [8086:0e30] type 00 class 0x110100
[   11.285574] pci 0000:ff:0f.0: [8086:0ea8] type 00 class 0x088000
[   11.305593] pci 0000:ff:0f.1: [8086:0e71] type 00 class 0x088000
[   11.313592] pci 0000:ff:0f.2: [8086:0eaa] type 00 class 0x088000
[   11.333586] pci 0000:ff:0f.3: [8086:0eab] type 00 class 0x088000
[   11.353589] pci 0000:ff:0f.4: [8086:0eac] type 00 class 0x088000
[   11.373604] pci 0000:ff:0f.5: [8086:0ead] type 00 class 0x088000
[   11.393589] pci 0000:ff:10.0: [8086:0eb0] type 00 class 0x088000
[   11.413595] pci 0000:ff:10.1: [8086:0eb1] type 00 class 0x088000
[   11.433587] pci 0000:ff:10.2: [8086:0eb2] type 00 class 0x088000
[   11.453588] pci 0000:ff:10.3: [8086:0eb3] type 00 class 0x088000
[   11.473588] pci 0000:ff:10.4: [8086:0eb4] type 00 class 0x088000
[   11.493595] pci 0000:ff:10.5: [8086:0eb5] type 00 class 0x088000
[   11.513588] pci 0000:ff:10.6: [8086:0eb6] type 00 class 0x088000
[   11.533605] pci 0000:ff:10.7: [8086:0eb7] type 00 class 0x088000
[   11.553586] pci 0000:ff:13.0: [8086:0e1d] type 00 class 0x088000
[   11.573558] pci 0000:ff:13.1: [8086:0e34] type 00 class 0x110100
[   11.593561] pci 0000:ff:13.4: [8086:0e81] type 00 class 0x088000
[   11.613558] pci 0000:ff:13.5: [8086:0e36] type 00 class 0x110100
[   11.633567] pci 0000:ff:16.0: [8086:0ec8] type 00 class 0x088000
[   11.645559] pci 0000:ff:16.1: [8086:0ec9] type 00 class 0x088000
[   11.665557] pci 0000:ff:16.2: [8086:0eca] type 00 class 0x088000
[   11.706692] ACPI: PCI Interrupt Link [LNKA] (IRQs 1 3 *4 5 6 10 11 12 14 15)
[   11.725632] ACPI: PCI Interrupt Link [LNKB] (IRQs 1 3 4 *5 6 10 11 12 14 15)
[   11.745627] ACPI: PCI Interrupt Link [LNKC] (IRQs 1 3 4 5 *6 10 11 12 14 15)
[   11.765625] ACPI: PCI Interrupt Link [LNKD] (IRQs 1 3 4 5 6 10 11 12 14 15) *9
[   11.785628] ACPI: PCI Interrupt Link [LNKE] (IRQs 1 3 4 5 6 10 11 12 14 15) *0, disabled.
[   11.813626] ACPI: PCI Interrupt Link [LNKF] (IRQs 1 3 4 5 6 10 *11 12 14 15)
[   11.833623] ACPI: PCI Interrupt Link [LNKG] (IRQs 1 3 4 5 6 10 11 12 14 15) *0, disabled.
[   11.861625] ACPI: PCI Interrupt Link [LNKH] (IRQs 1 3 4 5 6 *10 11 12 14 15)
[   11.886006] iommu: Default domain type: Translated 
[   11.901511] pci 0000:06:00.0: vgaarb: setting as boot VGA device
[   11.905459] pci 0000:06:00.0: vgaarb: VGA device added: decodes=io+mem,owns=io+mem,locks=none
[   11.945501] pci 0000:06:00.0: vgaarb: bridge control possible
[   11.965464] vgaarb: loaded
[   11.973940] SCSI subsystem initialized
[   11.993568] libata version 3.00 loaded.
[   11.993568] ACPI: bus type USB registered
[   12.001494] usbcore: registered new interface driver usbfs
[   12.013481] usbcore: registered new interface driver hub
[   12.073646] usbcore: registered new device driver usb
[   12.093523] pps_core: LinuxPPS API ver. 1 registered
[   12.113464] pps_core: Software ver. 5.3.6 - Copyright 2005-2007 Rodolfo Giometti <giometti@linux.it>
[   12.141483] PTP clock support registered
[   12.153597] EDAC MC: Ver: 3.0.0
[   12.165528] PCI: Using ACPI for IRQ routing
[   12.180290] PCI: pci_cache_line_size set to 64 bytes
[   12.180599] e820: reserve RAM buffer [mem 0x0009e000-0x0009ffff]
[   12.180601] e820: reserve RAM buffer [mem 0x783d6000-0x7bffffff]
[   12.180603] e820: reserve RAM buffer [mem 0x7e2ff000-0x7fffffff]
[   12.180605] e820: reserve RAM buffer [mem 0x7f000000-0x7fffffff]
[   12.181461] NetLabel: Initializing
[   12.185463] NetLabel:  domain hash size = 128
[   12.201465] NetLabel:  protocols = UNLABELED CIPSOv4 CALIPSO
[   12.221493] NetLabel:  unlabeled traffic allowed by default
[   12.235686] hpet0: at MMIO 0xfed00000, IRQs 2, 8, 0, 0, 0, 0, 0, 0
[   12.253467] hpet0: 8 comparators, 64-bit 14.318180 MHz counter
[   12.277461] clocksource: Switched to clocksource tsc-early
[   12.324022] *** VALIDATE bpf ***
[   12.325627] VFS: Disk quotas dquot_6.6.0
[   12.335615] VFS: Dquot-cache hash table entries: 512 (order 0, 4096 bytes)
[   12.364609] *** VALIDATE ramfs ***
[   12.374589] *** VALIDATE hugetlbfs ***
[   12.385191] AppArmor: AppArmor Filesystem Enabled
[   12.395394] pnp: PnP ACPI init
[   12.406027] system 00:00: [mem 0xfed1c000-0xfed1ffff] has been reserved
[   12.434582] system 00:00: [mem 0xebfff000-0xebffffff] has been reserved
[   12.454753] system 00:00: [mem 0xfed20000-0xfed3ffff] has been reserved
[   12.474946] system 00:00: [mem 0xebffc000-0xebffdfff] could not be reserved
[   12.495186] system 00:00: [mem 0xff000000-0xffffffff] could not be reserved
[   12.515188] system 00:00: [mem 0xfee00000-0xfeefffff] could not be reserved
[   12.535549] system 00:00: Plug and Play ACPI device, IDs PNP0c02 (active)
[   12.535824] pnp 00:01: disabling [io  0x164e-0x164f] because it overlaps 0000:00:1c.0 BAR 13 [io  0x1000-0x1fff]
[   12.574587] pnp 00:01: disabling [io  0x164e-0x164f disabled] because it overlaps 0000:05:00.0 BAR 13 [io  0x1000-0x1fff]
[   12.605476] system 00:01: [io  0x0680-0x069f] has been reserved
[   12.625159] system 00:01: [io  0x0400-0x0453] has been reserved
[   12.644972] system 00:01: [io  0x0458-0x047f] has been reserved
[   12.664980] system 00:01: [io  0x0500-0x057f] has been reserved
[   12.684786] system 00:01: Plug and Play ACPI device, IDs PNP0c02 (active)
[   12.684847] pnp 00:02: Plug and Play ACPI device, IDs PNP0b00 (active)
[   12.685086] system 00:03: [io  0x0454-0x0457] has been reserved
[   12.704752] system 00:03: Plug and Play ACPI device, IDs INT3f0d PNP0c02 (active)
[   12.705263] pnp 00:04: Plug and Play ACPI device, IDs PNP0501 (disabled)
[   12.705821] system 00:05: [mem 0xfbffe000-0xfbffffff] could not be reserved
[   12.724967] system 00:05: Plug and Play ACPI device, IDs PNP0c02 (active)
[   12.726096] pnp: PnP ACPI: found 6 devices
[   12.738545] thermal_sys: Registered thermal governor 'fair_share'
[   12.738546] thermal_sys: Registered thermal governor 'bang_bang'
[   12.755219] thermal_sys: Registered thermal governor 'step_wise'
[   12.775014] thermal_sys: Registered thermal governor 'user_space'
[   12.794790] thermal_sys: Registered thermal governor 'power_allocator'
[   12.819254] clocksource: acpi_pm: mask: 0xffffff max_cycles: 0xffffff, max_idle_ns: 2085701024 ns
[   12.864664] pci 0000:03:00.0: can't claim BAR 6 [mem 0xfff80000-0xffffffff pref]: no compatible bridge window
[   12.894955] pci 0000:03:00.1: can't claim BAR 6 [mem 0xfff80000-0xffffffff pref]: no compatible bridge window
[   12.924972] pci 0000:82:00.0: can't claim BAR 6 [mem 0xfff00000-0xffffffff pref]: no compatible bridge window
[   12.955410] pci_bus 0000:00: max bus depth: 2 pci_try_num: 3
[   12.974971] pci 0000:00:02.0: BAR 15: assigned [mem 0x91500000-0x918fffff 64bit pref]
[   12.995546] pci 0000:02:00.0: BAR 7: assigned [mem 0x91348000-0x91367fff]
[   13.024570] pci 0000:02:00.0: BAR 10: assigned [mem 0x91368000-0x91387fff]
[   13.044764] pci 0000:02:00.3: BAR 7: assigned [mem 0x91388000-0x913a7fff]
[   13.065264] pci 0000:02:00.3: BAR 10: assigned [mem 0x913a8000-0x913c7fff]
[   13.085357] pci 0000:00:01.0: PCI bridge to [bus 02]
[   13.104776] pci 0000:00:01.0:   bridge window [io  0x3000-0x3fff]
[   13.124794] pci 0000:00:01.0:   bridge window [mem 0x91300000-0x913fffff]
[   13.145175] pci 0000:03:00.0: BAR 6: assigned [mem 0x91280000-0x912fffff pref]
[   13.165553] pci 0000:03:00.1: BAR 6: assigned [mem 0x91500000-0x9157ffff pref]
[   13.194763] pci 0000:03:00.0: BAR 7: assigned [mem 0x91580000-0x9167ffff 64bit pref]
[   13.215549] pci 0000:03:00.0: BAR 10: assigned [mem 0x91680000-0x9177ffff 64bit pref]
[   13.245140] pci 0000:03:00.1: BAR 7: assigned [mem 0x91780000-0x9187ffff 64bit pref]
[   13.265588] pci 0000:03:00.1: BAR 10: no space for [mem size 0x00100000 64bit pref]
[   13.294771] pci 0000:03:00.1: BAR 10: failed to assign [mem size 0x00100000 64bit pref]
[   13.315376] pci 0000:00:02.0: PCI bridge to [bus 03]
[   13.334787] pci 0000:00:02.0:   bridge window [io  0x2000-0x2fff]
[   13.354971] pci 0000:00:02.0:   bridge window [mem 0x91100000-0x912fffff]
[   13.375192] pci 0000:00:02.0:   bridge window [mem 0x91500000-0x918fffff 64bit pref]
[   13.404587] pci 0000:00:11.0: PCI bridge to [bus 04]
[   13.415206] pci 0000:05:00.0: PCI bridge to [bus 06]
[   13.434784] pci 0000:05:00.0:   bridge window [io  0x1000-0x1fff]
[   13.454604] pci 0000:05:00.0:   bridge window [mem 0x90000000-0x910fffff]
[   13.474997] pci 0000:00:1c.0: PCI bridge to [bus 05-06]
[   13.494593] pci 0000:00:1c.0:   bridge window [io  0x1000-0x1fff]
[   13.514611] pci 0000:00:1c.0:   bridge window [mem 0x90000000-0x910fffff]
[   13.534775] pci 0000:00:1e.0: PCI bridge to [bus 07]
[   13.545703] pci_bus 0000:00: No. 2 try to assign unassigned res
[   13.565368] release child resource [mem 0x91500000-0x9157ffff pref]
[   13.565370] release child resource [mem 0x91580000-0x9167ffff 64bit pref]
[   13.565371] release child resource [mem 0x91680000-0x9177ffff 64bit pref]
[   13.565373] release child resource [mem 0x91780000-0x9187ffff 64bit pref]
[   13.565376] pci 0000:00:02.0: resource 15 [mem 0x91500000-0x918fffff 64bit pref] released
[   13.594951] pci 0000:00:02.0: PCI bridge to [bus 03]
[   13.605572] pci 0000:00:02.0: BAR 15: assigned [mem 0x91500000-0x918fffff 64bit pref]
[   13.634985] pci 0000:00:01.0: PCI bridge to [bus 02]
[   13.654582] pci 0000:00:01.0:   bridge window [io  0x3000-0x3fff]
[   13.674610] pci 0000:00:01.0:   bridge window [mem 0x91300000-0x913fffff]
[   13.694959] pci 0000:03:00.1: BAR 6: assigned [mem 0x91500000-0x9157ffff pref]
[   13.715206] pci 0000:03:00.0: BAR 7: assigned [mem 0x91580000-0x9167ffff 64bit pref]
[   13.744592] pci 0000:03:00.0: BAR 10: assigned [mem 0x91680000-0x9177ffff 64bit pref]
[   13.765400] pci 0000:03:00.1: BAR 7: assigned [mem 0x91780000-0x9187ffff 64bit pref]
[   13.794627] pci 0000:03:00.1: BAR 10: no space for [mem size 0x00100000 64bit pref]
[   13.815226] pci 0000:03:00.1: BAR 10: failed to assign [mem size 0x00100000 64bit pref]
[   13.844630] pci 0000:00:02.0: PCI bridge to [bus 03]
[   13.855200] pci 0000:00:02.0:   bridge window [io  0x2000-0x2fff]
[   13.875059] pci 0000:00:02.0:   bridge window [mem 0x91100000-0x912fffff]
[   13.895619] pci 0000:00:02.0:   bridge window [mem 0x91500000-0x918fffff 64bit pref]
[   13.924803] pci 0000:00:11.0: PCI bridge to [bus 04]
[   13.935673] pci 0000:05:00.0: PCI bridge to [bus 06]
[   13.955025] pci 0000:05:00.0:   bridge window [io  0x1000-0x1fff]
[   13.975188] pci 0000:05:00.0:   bridge window [mem 0x90000000-0x910fffff]
[   13.995396] pci 0000:00:1c.0: PCI bridge to [bus 05-06]
[   14.014779] pci 0000:00:1c.0:   bridge window [io  0x1000-0x1fff]
[   14.034801] pci 0000:00:1c.0:   bridge window [mem 0x90000000-0x910fffff]
[   14.054984] pci 0000:00:1e.0: PCI bridge to [bus 07]
[   14.065925] pci_bus 0000:00: No. 3 try to assign unassigned res
[   14.085483] release child resource [mem 0x91500000-0x9157ffff pref]
[   14.085484] release child resource [mem 0x91580000-0x9167ffff 64bit pref]
[   14.085486] release child resource [mem 0x91680000-0x9177ffff 64bit pref]
[   14.085487] release child resource [mem 0x91780000-0x9187ffff 64bit pref]
[   14.085489] pci 0000:00:02.0: resource 15 [mem 0x91500000-0x918fffff 64bit pref] released
[   14.114983] pci 0000:00:02.0: PCI bridge to [bus 03]
[   14.125607] pci 0000:00:02.0: bridge window [mem 0x00100000-0x004fffff 64bit pref] to [bus 03] add_size 400000 add_align 100000
[   14.165380] pci 0000:00:02.0: BAR 15: assigned [mem 0x91500000-0x91cfffff 64bit pref]
[   14.195017] pci 0000:00:01.0: PCI bridge to [bus 02]
[   14.205579] pci 0000:00:01.0:   bridge window [io  0x3000-0x3fff]
[   14.225391] pci 0000:00:01.0:   bridge window [mem 0x91300000-0x913fffff]
[   14.254644] pci 0000:03:00.1: BAR 6: assigned [mem 0x91500000-0x9157ffff pref]
[   14.274987] pci 0000:03:00.0: BAR 7: assigned [mem 0x91580000-0x9167ffff 64bit pref]
[   14.295552] pci 0000:03:00.0: BAR 10: assigned [mem 0x91680000-0x9177ffff 64bit pref]
[   14.324997] pci 0000:03:00.1: BAR 7: assigned [mem 0x91780000-0x9187ffff 64bit pref]
[   14.354630] pci 0000:03:00.1: BAR 10: assigned [mem 0x91880000-0x9197ffff 64bit pref]
[   14.374992] pci 0000:00:02.0: PCI bridge to [bus 03]
[   14.394620] pci 0000:00:02.0:   bridge window [io  0x2000-0x2fff]
[   14.414803] pci 0000:00:02.0:   bridge window [mem 0x91100000-0x912fffff]
[   14.434801] pci 0000:00:02.0:   bridge window [mem 0x91500000-0x91cfffff 64bit pref]
[   14.455565] pci 0000:00:11.0: PCI bridge to [bus 04]
[   14.475018] pci 0000:05:00.0: PCI bridge to [bus 06]
[   14.494616] pci 0000:05:00.0:   bridge window [io  0x1000-0x1fff]
[   14.514620] pci 0000:05:00.0:   bridge window [mem 0x90000000-0x910fffff]
[   14.534807] pci 0000:00:1c.0: PCI bridge to [bus 05-06]
[   14.545564] pci 0000:00:1c.0:   bridge window [io  0x1000-0x1fff]
[   14.565595] pci 0000:00:1c.0:   bridge window [mem 0x90000000-0x910fffff]
[   14.594608] pci 0000:00:1e.0: PCI bridge to [bus 07]
[   14.605396] pci_bus 0000:00: resource 4 [io  0x0000-0x0cf7 window]
[   14.625576] pci_bus 0000:00: resource 5 [io  0x1000-0xdfff window]
[   14.645566] pci_bus 0000:00: resource 6 [mem 0x000a0000-0x000bffff window]
[   14.674637] pci_bus 0000:00: resource 7 [mem 0x90000000-0xebffefff window]
[   14.694794] pci_bus 0000:02: resource 0 [io  0x3000-0x3fff]
[   14.714658] pci_bus 0000:02: resource 1 [mem 0x91300000-0x913fffff]
[   14.725783] pci_bus 0000:03: resource 0 [io  0x2000-0x2fff]
[   14.745412] pci_bus 0000:03: resource 1 [mem 0x91100000-0x912fffff]
[   14.765397] pci_bus 0000:03: resource 2 [mem 0x91500000-0x91cfffff 64bit pref]
[   14.785806] pci_bus 0000:05: resource 0 [io  0x1000-0x1fff]
[   14.805556] pci_bus 0000:05: resource 1 [mem 0x90000000-0x910fffff]
[   14.825584] pci_bus 0000:06: resource 0 [io  0x1000-0x1fff]
[   14.845276] pci_bus 0000:06: resource 1 [mem 0x90000000-0x910fffff]
[   14.865205] pci_bus 0000:07: resource 4 [io  0x0000-0x0cf7 window]
[   14.885213] pci_bus 0000:07: resource 5 [io  0x1000-0xdfff window]
[   14.905057] pci_bus 0000:07: resource 6 [mem 0x000a0000-0x000bffff window]
[   14.925267] pci_bus 0000:07: resource 7 [mem 0x90000000-0xebffefff window]
[   14.945701] pci_bus 0000:80: max bus depth: 1 pci_try_num: 2
[   14.965388] pci 0000:80:02.0: PCI bridge to [bus 81]
[   14.984851] pci 0000:82:00.0: BAR 9: no space for [mem size 0x08000000 64bit pref]
[   15.005445] pci 0000:82:00.0: BAR 9: failed to assign [mem size 0x08000000 64bit pref]
[   15.034800] pci 0000:82:00.0: BAR 6: no space for [mem size 0x00100000 pref]
[   15.055239] pci 0000:82:00.0: BAR 6: failed to assign [mem size 0x00100000 pref]
[   15.115577] pci 0000:80:02.2: PCI bridge to [bus 82]
[   15.135012] pci 0000:80:02.2:   bridge window [mem 0xec800000-0xec8fffff]
[   15.155286] pci 0000:80:02.2:   bridge window [mem 0xec000000-0xec7fffff 64bit pref]
[   15.184883] pci_bus 0000:80: No. 2 try to assign unassigned res
[   15.195657] release child resource [mem 0xec000000-0xec7fffff 64bit pref]
[   15.195660] pci 0000:80:02.2: resource 15 [mem 0xec000000-0xec7fffff 64bit pref] released
[   15.225246] pci 0000:80:02.2: PCI bridge to [bus 82]
[   15.244844] pci 0000:80:02.2: bridge window [mem 0x00800000-0x00ffffff 64bit pref] to [bus 82] add_size 8000000 add_align 800000
[   15.275755] pci 0000:80:02.2: BAR 15: assigned [mem 0xed000000-0xf57fffff 64bit pref]
[   15.305026] pci 0000:80:02.0: PCI bridge to [bus 81]
[   15.324651] pci 0000:82:00.0: BAR 2: assigned [mem 0xed000000-0xed7fffff 64bit pref]
[   15.345365] pci 0000:82:00.0: BAR 9: assigned [mem 0xed800000-0xf57fffff 64bit pref]
[   15.365811] pci 0000:80:02.2: PCI bridge to [bus 82]
[   15.385221] pci 0000:80:02.2:   bridge window [mem 0xec800000-0xec8fffff]
[   15.405607] pci 0000:80:02.2:   bridge window [mem 0xed000000-0xf57fffff 64bit pref]
[   15.435017] pci_bus 0000:80: resource 4 [io  0x0000-0x0cf7 window]
[   15.455029] pci_bus 0000:80: resource 5 [io  0xe000-0xffff window]
[   15.475003] pci_bus 0000:80: resource 6 [mem 0x000a0000-0x000bffff window]
[   15.495238] pci_bus 0000:80: resource 7 [mem 0xec000000-0xfbffffff window]
[   15.515428] pci_bus 0000:82: resource 1 [mem 0xec800000-0xec8fffff]
[   15.535573] pci_bus 0000:82: resource 2 [mem 0xed000000-0xf57fffff 64bit pref]
[   15.565003] NET: Registered protocol family 2
[   15.576290] tcp_listen_portaddr_hash hash table entries: 32768 (order: 7, 524288 bytes, vmalloc)
[   15.607260] TCP established hash table entries: 524288 (order: 10, 4194304 bytes, vmalloc)
[   15.636788] TCP bind hash table entries: 65536 (order: 8, 1048576 bytes, vmalloc)
[   15.655610] TCP: Hash tables configured (established 524288 bind 65536)
[   15.685278] UDP hash table entries: 32768 (order: 8, 1048576 bytes, vmalloc)
[   15.705742] UDP-Lite hash table entries: 32768 (order: 8, 1048576 bytes, vmalloc)
[   15.725864] NET: Registered protocol family 1
[   15.744852] NET: Registered protocol family 44
[   15.773690] pci 0000:00:1a.0: quirk_usb_early_handoff+0x0/0x6c0 took 17917 usecs
[   15.805667] pci 0000:00:1d.0: quirk_usb_early_handoff+0x0/0x6c0 took 19741 usecs
[   15.825089] pci 0000:06:00.0: Video device with shadowed ROM at [mem 0x000c0000-0x000dffff]
[   15.854664] pci 0000:06:00.0: pci_fixup_video+0x0/0x110 took 28886 usecs
[   15.875156] PCI: CLS 64 bytes, default 64
[   15.885397] Trying to unpack rootfs image as initramfs...
[   17.788627] Freeing initrd memory: 62192K
[   17.817498] PCI-DMA: Using software bounce buffering for IO (SWIOTLB)
[   17.834691] software IO TLB: mapped [mem 0x7a2ff000-0x7e2ff000] (64MB)
[   17.856924] check: Scanning for low memory corruption every 60 seconds
[   17.878978] Initialise system trusted keyrings
[   17.885305] Key type blacklist registered
[   17.895788] workingset: timestamp_bits=36 max_order=24 bucket_order=0
[   17.918815] zbud: loaded
[   17.926657] squashfs: version 4.0 (2009/01/31) Phillip Lougher
[   17.945946] fuse: init (API version 7.31)
[   17.964779] *** VALIDATE fuse ***
[   17.974743] *** VALIDATE fuse ***
[   17.985099] Platform Keyring initialized
[   18.005280] Key type asymmetric registered
[   18.015071] Asymmetric key parser 'x509' registered
[   18.025682] Block layer SCSI generic (bsg) driver version 0.4 loaded (major 244)
[   18.055286] io scheduler mq-deadline registered
[   18.066780] pcieport 0000:00:01.0: PME: Signaling with IRQ 25
[   18.085443] pcieport 0000:00:01.0: AER: enabled with IRQ 25
[   18.145441] pcieport 0000:00:02.0: PME: Signaling with IRQ 27
[   18.165054] pcieport 0000:00:02.0: AER: enabled with IRQ 27
[   18.184973] pcieport 0000:00:11.0: PME: Signaling with IRQ 28
[   18.195542] pcieport 0000:00:11.0: AER: enabled with IRQ 28
[   18.215545] pcieport 0000:00:1c.0: PME: Signaling with IRQ 29
[   18.235664] pcieport 0000:80:02.0: PME: Signaling with IRQ 31
[   18.255465] pcieport 0000:80:02.0: AER: enabled with IRQ 31
[   18.275202] pcieport 0000:80:02.2: PME: Signaling with IRQ 32
[   18.295050] pcieport 0000:80:02.2: AER: enabled with IRQ 32
[   18.305888] shpchp: Standard Hot Plug PCI Controller Driver version: 0.4
[   18.335082] intel_idle: MWAIT substates: 0x1120
[   18.335084] intel_idle: v0.4.1 model 0x3E
[   18.336957] intel_idle: lapic_timer_reliable_states 0xffffffff
[   18.337143] input: Power Button as /devices/LNXSYSTM:00/LNXPWRBN:00/input/input0
[   18.355430] ACPI: Power Button [PWRF]
[   18.474155] Serial: 8250/16550 driver, 32 ports, IRQ sharing enabled
[   18.485425] serial 00:04: [io  0x02f8-0x02ff]
[   18.485625] serial 00:04: [irq 3]
[   18.485628] serial 00:04: [dma 18446744073709551615 disabled]
[   18.486558] serial 00:04: activated
[   18.516050] 00:04: ttyS1 at I/O 0x2f8 (irq = 3, base_baud = 115200) is a 16550A
[   18.538585] Linux agpgart interface v0.103
[   18.558786] loop: module loaded
[   18.560580] libphy: Fixed MDIO Bus: probed
[   18.574935] tun: Universal TUN/TAP device driver, 1.6
[   18.585810] PPP generic driver version 2.4.2
[   18.605069] VFIO - User Level meta-driver version: 0.3
[   18.616044] ehci_hcd: USB 2.0 'Enhanced' Host Controller (EHCI) Driver
[   18.635722] ehci-pci: EHCI PCI platform driver
[   18.655167] ehci-pci 0000:00:1a.0: EHCI Host Controller
[   18.665534] ehci-pci 0000:00:1a.0: new USB bus registered, assigned bus number 1
[   18.694929] ehci-pci 0000:00:1a.0: debug port 2
[   18.709256] ehci-pci 0000:00:1a.0: cache line size of 64 is not supported
[   18.725384] ehci-pci 0000:00:1a.0: irq 16, io mem 0x91426000
[   18.757529] ehci-pci 0000:00:1a.0: USB 2.0 started, EHCI 1.00
[   18.765394] usb usb1: New USB device found, idVendor=1d6b, idProduct=0002, bcdDevice= 5.04
[   18.795114] usb usb1: New USB device strings: Mfr=3, Product=2, SerialNumber=1
[   18.815306] usb usb1: Product: EHCI Host Controller
[   18.834730] usb usb1: Manufacturer: Linux 5.4.0 ehci_hcd
[   18.845507] usb usb1: SerialNumber: 0000:00:1a.0
[   18.864879] hub 1-0:1.0: USB hub found
[   18.875131] hub 1-0:1.0: 2 ports detected
[   18.881479] tsc: Refined TSC clocksource calibration: 2599.999 MHz
[   18.885417] ehci-pci 0000:00:1d.0: EHCI Host Controller
[   18.905355] clocksource: tsc: mask: 0xffffffffffffffff max_cycles: 0x257a3b2ad7e, max_idle_ns: 440795282337 ns
[   18.924943] ehci-pci 0000:00:1d.0: new USB bus registered, assigned bus number 2
[   18.975525] clocksource: Switched to clocksource tsc
[   18.975535] ehci-pci 0000:00:1d.0: debug port 2
[   19.009489] ehci-pci 0000:00:1d.0: cache line size of 64 is not supported
[   19.025534] ehci-pci 0000:00:1d.0: irq 23, io mem 0x91425000
[   19.061525] ehci-pci 0000:00:1d.0: USB 2.0 started, EHCI 1.00
[   19.065390] usb usb2: New USB device found, idVendor=1d6b, idProduct=0002, bcdDevice= 5.04
[   19.095175] usb usb2: New USB device strings: Mfr=3, Product=2, SerialNumber=1
[   19.115656] usb usb2: Product: EHCI Host Controller
[   19.134956] usb usb2: Manufacturer: Linux 5.4.0 ehci_hcd
[   19.145661] usb usb2: SerialNumber: 0000:00:1d.0
[   19.165321] hub 2-0:1.0: USB hub found
[   19.175335] hub 2-0:1.0: 2 ports detected
[   19.185528] ehci-platform: EHCI generic platform driver
[   19.205189] ohci_hcd: USB 1.1 'Open' Host Controller (OHCI) Driver
[   19.225144] ohci-pci: OHCI PCI platform driver
[   19.225505] usb 1-1: new high-speed USB device number 2 using ehci-pci
[   19.235960] ohci-platform: OHCI generic platform driver
[   19.275497] uhci_hcd: USB Universal Host Controller Interface driver
[   19.295833] i8042: PNP: No PS/2 controller found.
[   19.315280] mousedev: PS/2 mouse device common for all mice
[   19.334964] rtc_cmos 00:02: RTC can wake from S4
[   19.345961] rtc_cmos 00:02: registered as rtc0
[   19.364752] rtc_cmos 00:02: alarms up to one month, y3k, 242 bytes nvram, hpet irqs
[   19.385161] i2c /dev entries driver
[   19.395431] device-mapper: uevent: version 1.0.3
[   19.406008] device-mapper: ioctl: 4.41.0-ioctl (2019-09-16) initialised: dm-devel@redhat.com
[   19.417803] usb 1-1: New USB device found, idVendor=8087, idProduct=0024, bcdDevice= 0.00
[   19.435583] platform eisa.0: Probing EISA bus 0
[   19.465098] usb 1-1: New USB device strings: Mfr=0, Product=0, SerialNumber=0
[   19.465459] hub 1-1:1.0: USB hub found
[   19.475673] platform eisa.0: EISA: Cannot allocate resource for mainboard
[   19.495940] hub 1-1:1.0: 6 ports detected
[   19.514909] platform eisa.0: Cannot allocate resource for EISA slot 1
[   19.517500] usb 2-1: new high-speed USB device number 2 using ehci-pci
[   19.585844] platform eisa.0: Cannot allocate resource for EISA slot 2
[   19.614743] platform eisa.0: Cannot allocate resource for EISA slot 3
[   19.634749] platform eisa.0: Cannot allocate resource for EISA slot 4
[   19.654899] platform eisa.0: Cannot allocate resource for EISA slot 5
[   19.674906] platform eisa.0: Cannot allocate resource for EISA slot 6
[   19.685803] usb 2-1: New USB device found, idVendor=8087, idProduct=0024, bcdDevice= 0.00
[   19.694907] platform eisa.0: Cannot allocate resource for EISA slot 7
[   19.715845] usb 2-1: New USB device strings: Mfr=0, Product=0, SerialNumber=0
[   19.716210] hub 2-1:1.0: USB hub found
[   19.735674] platform eisa.0: Cannot allocate resource for EISA slot 8
[   19.735678] platform eisa.0: EISA: Detected 0 cards
[   19.766838] hub 2-1:1.0: 8 ports detected
[   19.775137] intel_pstate: Intel P-state driver initializing
[   19.848243] ledtrig-cpu: registered to indicate activity on CPUs
[   19.857479] usb 1-1.6: new high-speed USB device number 3 using ehci-pci
[   19.864851] drop_monitor: Initializing network drop monitor service
[   19.904926] NET: Registered protocol family 10
[   19.920857] Segment Routing with IPv6
[   19.925325] NET: Registered protocol family 17
[   19.944890] Key type dns_resolver registered
[   19.958318] RAS: Correctable Errors collector initialized.
[   19.974961] microcode: sig=0x306e4, pf=0x1, revision=0x42e
[   19.994414] usb 1-1.6: New USB device found, idVendor=0624, idProduct=0248, bcdDevice= 0.00
[   20.015380] usb 1-1.6: New USB device strings: Mfr=1, Product=2, SerialNumber=3
[   20.016087] microcode: Microcode Update Driver: v2.2.
[   20.016090] IPI shorthand broadcast: enabled
[   20.044733] usb 1-1.6: Product: Gadget USB HUB
[   20.055402] sched_clock: Marking stable (16226964036, 3828416109)->(20752295821, -696915676)
[   20.074728] usb 1-1.6: Manufacturer: no manufacturer
[   20.125343] usb 1-1.6: SerialNumber: 0123456789
[   20.135575] registered taskstats version 1
[   20.135807] hub 1-1.6:1.0: USB hub found
[   20.154951] Loading compiled-in X.509 certificates
[   20.165663] hub 1-1.6:1.0: 5 ports detected
[   20.186534] Loaded X.509 cert 'Build time autogenerated kernel key: d2d62837a2f5890aea67edbd8762006f39039d3e'
[   20.225152] zswap: loaded using pool lzo/zbud
[   20.235630] Key type ._fscrypt registered
[   20.245526] Key type .fscrypt registered
[   20.269973] Key type big_key registered
[   20.277699] Key type encrypted registered
[   20.285323] AppArmor: AppArmor sha1 policy hashing enabled
[   20.308586] ima: No TPM chip found, activating TPM-bypass!
[   20.324958] ima: Allocated hash algorithm: sha1
[   20.335325] ima: No architecture policies found
[   20.354742] evm: Initialising EVM extended attributes:
[   20.365327] evm: security.selinux
[   20.375479] evm: security.SMACK64
[   20.385302] evm: security.SMACK64EXEC
[   20.395489] evm: security.SMACK64TRANSMUTE
[   20.414710] evm: security.SMACK64MMAP
[   20.424898] evm: security.apparmor
[   20.435101] evm: security.ima
[   20.448267] evm: security.capability
[   20.455333] evm: HMAC attrs: 0x1
[   20.465850] PM:   Magic number: 11:951:748
[   20.475552] acpi LNXCPU:73: hash matches
[   20.494879] rtc_cmos 00:02: setting system clock to 2023-02-17T19:43:39 UTC (1676663019)
[   20.505479] usb 1-1.6.1: new high-speed USB device number 4 using ehci-pci
[   20.536917] Freeing unused decrypted memory: 2040K
[   20.555780] Freeing unused kernel image memory: 2680K
[   20.577535] Write protecting the kernel read-only data: 22528k
[   20.586360] Freeing unused kernel image memory: 2008K
[   20.605640] Freeing unused kernel image memory: 1388K
[   20.632660] x86/mm: Checked W+X mappings: passed, no W+X pages found.
[   20.644721] x86/mm: Checking user space page tables
[   20.658413] usb 1-1.6.1: New USB device found, idVendor=0624, idProduct=0249, bcdDevice= 0.00
[   20.663082] x86/mm: Checked W+X mappings: passed, no W+X pages found.
[   20.685151] usb 1-1.6.1: New USB device strings: Mfr=4, Product=5, SerialNumber=6
[   20.704938] Run /init as init process
[   20.725505] usb 1-1.6.1: Product: Keyboard/Mouse Function
[   20.725506] usb 1-1.6.1: Manufacturer: Avocent
[   20.725507] usb 1-1.6.1: SerialNumber: 20121018
[   20.883840] dca service started, version 1.12.1
[   20.888757] hidraw: raw HID events driver (C) Jiri Kosina
[   20.905113] igb: Intel(R) Gigabit Ethernet Network Driver - version 5.6.0-k
[   20.925097] igb: Copyright (c) 2007-2014 Intel Corporation.
[   20.945252] ahci 0000:00:1f.2: version 3.0
[   20.946887] usbcore: registered new interface driver usbhid
[   20.946907] ixgbe: Intel(R) 10 Gigabit PCI Express Network Driver - version 5.1.0-k
[   20.955482] usbhid: USB HID core driver
[   20.955544] ahci 0000:00:1f.2: AHCI 0001.0300 32 slots 6 ports 6 Gbps 0x3f impl SATA mode
[   20.955546] ahci 0000:00:1f.2: flags: 64bit ncq sntf led clo pio slum part ems apst 
[   20.984914] ixgbe: Copyright (c) 1999-2016 Intel Corporation.
[   21.065765] mlx4_core: Mellanox ConnectX core driver v4.0-0
[   21.065993] igb 0000:02:00.0: added PHC on eth0
[   21.085145] mlx4_core: Initializing 0000:82:00.0
[   21.095333] igb 0000:02:00.0: Intel(R) Gigabit Ethernet Network Connection
[   21.134904] igb 0000:02:00.0: eth0: (PCIe:5.0Gb/s:Width x4) f0:4d:a2:73:fc:95
[   21.194990] igb 0000:02:00.0: eth0: PBA No: 105000-000
[   21.214703] igb 0000:02:00.0: Using MSI-X interrupts. 8 rx queue(s), 8 tx queue(s)
[   21.235390] input: Avocent Keyboard/Mouse Function as /devices/pci0000:00/0000:00:1a.0/usb1/1-1/1-1.6/1-1.6.1/1-1.6.1:1.0/0003:0624:0249.0001/input/input1
[   21.235723] scsi host0: ahci
[   21.285927] scsi host1: ahci
[   21.295531] scsi host2: ahci
[   21.305450] scsi host3: ahci
[   21.324511] scsi host4: ahci
[   21.325638] scsi host5: ahci
[   21.333553] hid-generic 0003:0624:0249.0001: input,hidraw0: USB HID v1.00 Keyboard [Avocent Keyboard/Mouse Function] on usb-0000:00:1a.0-1.6.1/input0
[   21.335565] ata1: SATA max UDMA/133 abar m2048@0x91424000 port 0x91424100 irq 43
[   21.385006] input: Avocent Keyboard/Mouse Function as /devices/pci0000:00/0000:00:1a.0/usb1/1-1/1-1.6/1-1.6.1/1-1.6.1:1.1/0003:0624:0249.0002/input/input2
[   21.405306] ata2: SATA max UDMA/133 abar m2048@0x91424000 port 0x91424180 irq 43
[   21.445384] hid-generic 0003:0624:0249.0002: input,hidraw1: USB HID v1.00 Mouse [Avocent Keyboard/Mouse Function] on usb-0000:00:1a.0-1.6.1/input1
[   21.474703] ata3: SATA max UDMA/133 abar m2048@0x91424000 port 0x91424200 irq 43
[   21.474705] ata4: SATA max UDMA/133 abar m2048@0x91424000 port 0x91424280 irq 43
[   21.474706] ata5: SATA max UDMA/133 abar m2048@0x91424000 port 0x91424300 irq 43
[   21.514789] input: Avocent Keyboard/Mouse Function as /devices/pci0000:00/0000:00:1a.0/usb1/1-1/1-1.6/1-1.6.1/1-1.6.1:1.2/0003:0624:0249.0003/input/input3
[   21.535108] ata6: SATA max UDMA/133 abar m2048@0x91424000 port 0x91424380 irq 43
[   21.562240] ixgbe 0000:03:00.0: Multiqueue Enabled: Rx Queue count = 32, Tx Queue count = 32 XDP Queue count = 0
[   21.584972] hid-generic 0003:0624:0249.0003: input,hidraw2: USB HID v1.00 Mouse [Avocent Keyboard/Mouse Function] on usb-0000:00:1a.0-1.6.1/input2
[   21.625583] ixgbe 0000:03:00.0: 32.000 Gb/s available PCIe bandwidth (5 GT/s x8 link)
[   21.745608] ixgbe 0000:03:00.0: MAC: 2, PHY: 14, SFP+: 3, PBA No: G73131-002
[   21.774678] ixgbe 0000:03:00.0: a0:36:9f:28:f9:70
[   21.787118] igb 0000:02:00.3: added PHC on eth2
[   21.795291] igb 0000:02:00.3: Intel(R) Gigabit Ethernet Network Connection
[   21.815520] igb 0000:02:00.3: eth2: (PCIe:5.0Gb/s:Width x4) f0:4d:a2:73:fc:96
[   21.844754] igb 0000:02:00.3: eth2: PBA No: 105000-000
[   21.848083] ata2: SATA link up 3.0 Gbps (SStatus 123 SControl 300)
[   21.855283] igb 0000:02:00.3: Using MSI-X interrupts. 8 rx queue(s), 8 tx queue(s)
[   21.855333] [drm] Using P2A bridge for configuration
[   21.875301] ata1: SATA link up 3.0 Gbps (SStatus 123 SControl 300)
[   21.904859] [drm] AST 2300 detected
[   21.915464] ata6: SATA link down (SStatus 0 SControl 300)
[   21.935334] [drm] Analog VGA only
[   21.945509] ata5: SATA link down (SStatus 0 SControl 300)
[   21.965096] [drm] dram MCLK=336 Mhz type=1 bus_width=16 size=01000000
[   21.975112] ata4: SATA link down (SStatus 0 SControl 300)
[   21.994909] ixgbe 0000:03:00.0: Intel(R) 10 Gigabit Network Connection
[   22.014984] ata3: SATA link down (SStatus 0 SControl 300)
[   22.034737] libphy: ixgbe-mdio: probed
[   22.074636] ata2.00: ATA-9: ST1000NM0033-9ZM173,     GA06, max UDMA/133
[   22.090188] [TTM] Zone  kernel: Available graphics memory: 32955800 KiB
[   22.104679] ata2.00: 1953525168 sectors, multi 16: LBA48 NCQ (depth 32), AA
[   22.124892] [TTM] Zone   dma32: Available graphics memory: 2097152 KiB
[   22.124892] [TTM] Initializing pool allocator
[   22.136549] [TTM] Initializing DMA pool allocator
[   22.145454] ata1.00: ATA-9: ST1000NM0033-9ZM173,     GA06, max UDMA/133
[   22.215123] ata1.00: 1953525168 sectors, multi 16: LBA48 NCQ (depth 32), AA
[   22.215219] fbcon: astdrmfb (fb0) is primary device
[   22.215477] ata2.00: configured for UDMA/133
[   22.215863] ata1.00: configured for UDMA/133
[   22.216043] scsi 0:0:0:0: Direct-Access     ATA      ST1000NM0033-9ZM GA06 PQ: 0 ANSI: 5
[   22.216209] sd 0:0:0:0: Attached scsi generic sg0 type 0
[   22.216246] igb 0000:02:00.3 eno2: renamed from eth2
[   22.216299] sd 0:0:0:0: [sda] 1953525168 512-byte logical blocks: (1.00 TB/932 GiB)
[   22.216312] sd 0:0:0:0: [sda] Write Protect is off
[   22.216313] sd 0:0:0:0: [sda] Mode Sense: 00 3a 00 00
[   22.216332] sd 0:0:0:0: [sda] Write cache: enabled, read cache: enabled, doesn't support DPO or FUA
[   22.216380] scsi 1:0:0:0: Direct-Access     ATA      ST1000NM0033-9ZM GA06 PQ: 0 ANSI: 5
[   22.216526] sd 1:0:0:0: Attached scsi generic sg1 type 0
[   22.216632] sd 1:0:0:0: [sdb] 1953525168 512-byte logical blocks: (1.00 TB/932 GiB)
[   22.216650] sd 1:0:0:0: [sdb] Write Protect is off
[   22.216651] sd 1:0:0:0: [sdb] Mode Sense: 00 3a 00 00
[   22.216671] sd 1:0:0:0: [sdb] Write cache: enabled, read cache: enabled, doesn't support DPO or FUA
[   22.247503] Console: switching to colour frame buffer device 128x48
[   22.385723] igb 0000:02:00.0 eno1: renamed from eth0
[   22.395516] ast 0000:06:00.0: fb0: astdrmfb frame buffer device
[   22.403249] sd 1:0:0:0: [sdb] Attached SCSI disk
[   22.412937]  sda: sda1
[   22.413435] sd 0:0:0:0: [sda] Attached SCSI disk
[   22.641502] [drm] Initialized ast 0.1.0 20120228 for 0000:06:00.0 on minor 0
[   23.309963] ixgbe 0000:03:00.1: Multiqueue Enabled: Rx Queue count = 32, Tx Queue count = 32 XDP Queue count = 0
[   23.335182] ixgbe 0000:03:00.1: 32.000 Gb/s available PCIe bandwidth (5 GT/s x8 link)
[   23.355624] ixgbe 0000:03:00.1: MAC: 2, PHY: 1, PBA No: G73131-002
[   23.375077] ixgbe 0000:03:00.1: a0:36:9f:28:f9:72
[   23.388554] ixgbe 0000:03:00.1: Intel(R) 10 Gigabit Network Connection
[   23.414722] libphy: ixgbe-mdio: probed
[   23.425654] ixgbe 0000:03:00.1 enp3s0f1: renamed from eth0
[   23.645587] ixgbe 0000:03:00.0 enp3s0f0: renamed from eth1
[   27.438927] mlx4_core 0000:82:00.0: DMFS high rate steer mode is: disabled performance optimized steering
[   27.455856] mlx4_core 0000:82:00.0: 63.008 Gb/s available PCIe bandwidth (8 GT/s x8 link)
[   27.610301] <mlx4_ib> mlx4_ib_add: mlx4_ib: Mellanox ConnectX InfiniBand driver v4.0-0
[   27.626188] <mlx4_ib> mlx4_ib_add: counter index 0 for port 1 allocated 0
[   27.985508] EXT4-fs (sda1): mounting ext3 file system using the ext4 subsystem
[   28.023537] EXT4-fs (sda1): mounted filesystem with ordered data mode. Opts: (null)
[   29.247117] systemd[1]: systemd 237 running in system mode. (+PAM +AUDIT +SELINUX +IMA +APPARMOR +SMACK +SYSVINIT +UTMP +LIBCRYPTSETUP +GCRYPT +GNUTLS +ACL +XZ +LZ4 +SECCOMP +BLKID +ELFUTILS +KMOD -IDN2 +IDN -PCRE2 default-hierarchy=hybrid)
[   29.327070] systemd[1]: Detected architecture x86-64.
[   29.381563] systemd[1]: No hostname configured.
[   29.384916] systemd[1]: Set hostname to <localhost>.
[   30.571394] systemd[1]: Started Forward Password Requests to Wall Directory Watch.
[   30.585217] systemd[1]: Set up automount Arbitrary Executable File Formats File System Automount Point.
[   30.625682] systemd[1]: Created slice System Slice.
[   30.645621] systemd[1]: Listening on fsck to fsckd communication Socket.
[   30.673607] systemd[1]: Listening on RPCbind Server Activation Socket.
[   30.693617] systemd[1]: Listening on Syslog Socket.
[   30.870906] RPC: Registered named UNIX socket transport module.
[   30.875122] RPC: Registered udp transport module.
[   30.894711] RPC: Registered tcp transport module.
[   30.894711] RPC: Registered tcp NFSv4.1 backchannel transport module.
[   30.932990] knem: loading out-of-tree module taints kernel.
[   30.944996] knem: module verification failed: signature and/or required key missing - tainting kernel
[   30.975058] knem 1.1.4.90mlnx1: initialized
[   31.033164] Loading iSCSI transport class v2.0-870.
[   31.200831] iscsi: registered transport (tcp)
[   31.217013] EXT4-fs (sda1): re-mounted. Opts: errors=remount-ro
[   31.266420] Compat-mlnx-ofed backport release: 6a3b71e
[   31.274934] Backport based on mlnx_ofed/mlnx-ofa_kernel-4.0.git 6a3b71e
[   31.295122] compat.git: mlnx_ofed/mlnx-ofa_kernel-4.0.git
[   31.321007] ib_cm: disagrees about version of symbol ib_unregister_client
[   31.335127] ib_cm: Unknown symbol ib_unregister_client (err -22)
[   31.355021] ib_cm: disagrees about version of symbol ib_init_ah_attr_from_path
[   31.375142] ib_cm: Unknown symbol ib_init_ah_attr_from_path (err -22)
[   31.375150] ib_cm: disagrees about version of symbol ib_port_unregister_module_stat
[   31.375150] ib_cm: Unknown symbol ib_port_unregister_module_stat (err -22)
[   31.375154] ib_cm: disagrees about version of symbol ib_port_register_module_stat
[   31.375154] ib_cm: Unknown symbol ib_port_register_module_stat (err -22)
[   31.375163] ib_cm: disagrees about version of symbol rdma_query_gid
[   31.375164] ib_cm: Unknown symbol rdma_query_gid (err -22)
[   31.375168] ib_cm: disagrees about version of symbol ib_modify_port
[   31.375168] ib_cm: Unknown symbol ib_modify_port (err -22)
[   31.375178] ib_cm: disagrees about version of symbol ib_cancel_mad
[   31.375178] ib_cm: Unknown symbol ib_cancel_mad (err -22)
[   31.375182] ib_cm: disagrees about version of symbol rdma_create_ah
[   31.375183] ib_cm: Unknown symbol rdma_create_ah (err -22)
[   31.375186] ib_cm: disagrees about version of symbol ib_init_ah_attr_from_wc
[   31.375187] ib_cm: Unknown symbol ib_init_ah_attr_from_wc (err -22)
[   31.375204] ib_cm: disagrees about version of symbol ib_find_cached_pkey
[   31.375205] ib_cm: Unknown symbol ib_find_cached_pkey (err -22)
[   31.375215] ib_cm: disagrees about version of symbol ib_register_client
[   31.375215] ib_cm: Unknown symbol ib_register_client (err -22)
[   31.375219] ib_cm: disagrees about version of symbol ib_unregister_mad_agent
[   31.375220] ib_cm: Unknown symbol ib_unregister_mad_agent (err -22)
[   31.375223] ib_cm: disagrees about version of symbol ib_post_send_mad
[   31.375223] ib_cm: Unknown symbol ib_post_send_mad (err -22)
[   31.375227] ib_cm: disagrees about version of symbol ib_create_send_mad
[   31.375227] ib_cm: Unknown symbol ib_create_send_mad (err -22)
[   31.375233] ib_cm: disagrees about version of symbol rdma_destroy_ah_attr
[   31.375234] ib_cm: Unknown symbol rdma_destroy_ah_attr (err -22)
[   31.375237] ib_cm: disagrees about version of symbol ib_set_client_data
[   31.375238] ib_cm: Unknown symbol ib_set_client_data (err -22)
[   31.375243] ib_cm: disagrees about version of symbol ib_get_cached_pkey
[   31.375244] ib_cm: Unknown symbol ib_get_cached_pkey (err -22)
[   31.375248] ib_cm: disagrees about version of symbol rdma_put_gid_attr
[   31.375248] ib_cm: Unknown symbol rdma_put_gid_attr (err -22)
[   31.375264] ib_cm: disagrees about version of symbol rdma_destroy_ah_user
[   32.035337] ib_cm: Unknown symbol rdma_destroy_ah_user (err -22)
[   32.055299] ib_cm: disagrees about version of symbol ib_free_send_mad
[   32.075287] ib_cm: Unknown symbol ib_free_send_mad (err -22)
[   32.094934] ib_cm: disagrees about version of symbol ib_wc_status_msg
[   32.114904] ib_cm: Unknown symbol ib_wc_status_msg (err -22)
[   32.134555] ib_cm: disagrees about version of symbol rdma_move_ah_attr
[   32.154492] ib_cm: Unknown symbol rdma_move_ah_attr (err -22)
[   32.165123] ib_cm: disagrees about version of symbol rdma_find_gid
[   32.185148] ib_cm: Unknown symbol rdma_find_gid (err -22)
[   32.204905] ib_cm: disagrees about version of symbol ib_free_recv_mad
[   32.224682] ib_cm: Unknown symbol ib_free_recv_mad (err -22)
[   32.244489] ib_cm: disagrees about version of symbol ib_register_mad_agent
[   32.264514] ib_cm: Unknown symbol ib_register_mad_agent (err -22)
[   32.275325] ib_cm: disagrees about version of symbol ib_modify_mad
[   32.295190] ib_cm: Unknown symbol ib_modify_mad (err -22)
[   32.314959] ib_cm: disagrees about version of symbol ib_create_ah_from_wc
[   32.335111] ib_cm: Unknown symbol ib_create_ah_from_wc (err -22)
[   32.522849] systemd-journald[652]: Received request to flush runtime journal from PID 1
[   33.506121] RAPL PMU: API unit is 2^-32 Joules, 3 fixed counters, 163840 ms ovfl timer
[   33.506122] RAPL PMU: hw unit of domain pp0-core 2^-16 Joules
[   33.506123] RAPL PMU: hw unit of domain package 2^-16 Joules
[   33.506124] RAPL PMU: hw unit of domain dram 2^-16 Joules
[   33.537088] lpc_ich 0000:00:1f.0: No MFD cells added
[   33.586772] dcdbas dcdbas: Dell Systems Management Base Driver (version 5.6.0-3.3)
[   33.674433] IPMI message handler: version 39.2
[   33.674467] mei_me 0000:00:16.0: Device doesn't have valid ME Interface
[   33.702501] ipmi device interface
[   33.769283] ioatdma: Intel(R) QuickData Technology Driver 5.00
[   33.776803] ipmi_si: IPMI System Interface driver
[   33.776823] ipmi_si dmi-ipmi-si.0: ipmi_platform: probing via SMBIOS
[   33.776825] ipmi_si dmi-ipmi-si.0: IRQ index 0 not found
[   33.778682] igb 0000:02:00.0: DCA enabled
[   33.785119] ipmi_platform: ipmi_si: SMBIOS: io 0xca8 regsize 1 spacing 4 irq 0
[   33.785120] ipmi_si: Adding SMBIOS-specified kcs state machine
[   33.785140] igb 0000:02:00.3: DCA enabled
[   33.785197] ipmi_si IPI0001:00: ipmi_platform: probing via ACPI
[   33.785481] ipmi_si IPI0001:00: IRQ index 0 not found
[   33.804508] ipmi_si IPI0001:00: ipmi_platform: [io  0x0ca8] regsize 1 spacing 4 irq 0
[   33.804518] ipmi_si dmi-ipmi-si.0: Removing SMBIOS-specified kcs state machine in favor of ACPI
[   33.804520] ipmi_si: Adding ACPI-specified kcs state machine
[   33.804740] cryptd: max_cpu_qlen set to 1000
[   33.804844] ipmi_si: Trying ACPI-specified kcs state machine at i/o address 0xca8, slave address 0x20, irq 0
[   33.914263] AVX version of gcm_enc/dec engaged.
[   33.914265] AES CTR mode by8 optimization enabled
[   34.159421] ipmi_si IPI0001:00: IPMI message handler: Found new BMC (man_id: 0x0002a2, prod_id: 0x008b, dev_id: 0x20)
[   34.241181] ipmi_si IPI0001:00: IPMI kcs interface initialized
[   34.254398] ipmi_ssif: IPMI SSIF Interface driver
[   34.505766] EDAC sbridge: Seeking for: PCI ID 8086:0ea0
[   34.505783] EDAC sbridge: Seeking for: PCI ID 8086:0ea0
[   34.505795] EDAC sbridge: Seeking for: PCI ID 8086:0ea0
[   34.505801] EDAC sbridge: Seeking for: PCI ID 8086:0e60
[   34.505810] EDAC sbridge: Seeking for: PCI ID 8086:0ea8
[   34.505815] EDAC sbridge: Seeking for: PCI ID 8086:0ea8
[   34.505820] EDAC sbridge: Seeking for: PCI ID 8086:0ea8
[   34.505822] EDAC sbridge: Seeking for: PCI ID 8086:0e71
[   34.505827] EDAC sbridge: Seeking for: PCI ID 8086:0e71
[   34.505832] EDAC sbridge: Seeking for: PCI ID 8086:0e71
[   34.505834] EDAC sbridge: Seeking for: PCI ID 8086:0eaa
[   34.505839] EDAC sbridge: Seeking for: PCI ID 8086:0eaa
[   34.505844] EDAC sbridge: Seeking for: PCI ID 8086:0eaa
[   34.505846] EDAC sbridge: Seeking for: PCI ID 8086:0eab
[   34.505851] EDAC sbridge: Seeking for: PCI ID 8086:0eab
[   34.505856] EDAC sbridge: Seeking for: PCI ID 8086:0eab
[   34.505858] EDAC sbridge: Seeking for: PCI ID 8086:0eac
[   34.505863] EDAC sbridge: Seeking for: PCI ID 8086:0eac
[   34.505868] EDAC sbridge: Seeking for: PCI ID 8086:0eac
[   34.505870] EDAC sbridge: Seeking for: PCI ID 8086:0ead
[   34.505875] EDAC sbridge: Seeking for: PCI ID 8086:0ead
[   34.505880] EDAC sbridge: Seeking for: PCI ID 8086:0ead
[   34.505882] EDAC sbridge: Seeking for: PCI ID 8086:0e68
[   34.505891] EDAC sbridge: Seeking for: PCI ID 8086:0e79
[   34.505899] EDAC sbridge: Seeking for: PCI ID 8086:0e6a
[   34.505908] EDAC sbridge: Seeking for: PCI ID 8086:0e6b
[   34.505917] EDAC sbridge: Seeking for: PCI ID 8086:0e6c
[   34.505925] EDAC sbridge: Seeking for: PCI ID 8086:0e6d
[   34.505934] EDAC sbridge: Seeking for: PCI ID 8086:0eb8
[   34.505943] EDAC sbridge: Seeking for: PCI ID 8086:0ebc
[   34.505951] EDAC sbridge: Seeking for: PCI ID 8086:0ec8
[   34.505958] EDAC sbridge: Seeking for: PCI ID 8086:0ec8
[   34.505963] EDAC sbridge: Seeking for: PCI ID 8086:0ec8
[   34.505963] EDAC sbridge: Seeking for: PCI ID 8086:0ec9
[   34.505969] EDAC sbridge: Seeking for: PCI ID 8086:0ec9
[   34.505975] EDAC sbridge: Seeking for: PCI ID 8086:0ec9
[   34.505975] EDAC sbridge: Seeking for: PCI ID 8086:0eca
[   34.505981] EDAC sbridge: Seeking for: PCI ID 8086:0eca
[   34.505987] EDAC sbridge: Seeking for: PCI ID 8086:0eca
[   34.506068] EDAC MC0: Giving out device to module sb_edac controller Ivy Bridge SrcID#0_Ha#0: DEV 0000:7f:0e.0 (INTERRUPT)
[   34.506138] EDAC MC1: Giving out device to module sb_edac controller Ivy Bridge SrcID#1_Ha#0: DEV 0000:ff:0e.0 (INTERRUPT)
[   34.506138] EDAC sbridge:  Ver: 1.1.2 
[   34.544598] intel_rapl_common: Found RAPL domain package
[   34.544599] intel_rapl_common: Found RAPL domain core
[   34.544601] intel_rapl_common: Found RAPL domain dram
[   34.544790] intel_rapl_common: Found RAPL domain package
[   34.544792] intel_rapl_common: Found RAPL domain core
[   34.544795] intel_rapl_common: Found RAPL domain dram
[   35.439793] ixgbe 0000:03:00.1: registered PHC device on enp3s0f1
[   35.746392] ixgbe 0000:03:00.0: registered PHC device on enp3s0f0
[   35.918030] ixgbe 0000:03:00.0 enp3s0f0: detected SFP+: 3
[   36.065585] ixgbe 0000:03:00.0 enp3s0f0: NIC Link is Up 10 Gbps, Flow Control: RX/TX
[   36.065734] IPv6: ADDRCONF(NETDEV_CHANGE): enp3s0f0: link becomes ready
[   39.397893] igb 0000:02:00.0 eno1: igb: eno1 NIC Link is Up 1000 Mbps Full Duplex, Flow Control: RX/TX
[   39.398035] IPv6: ADDRCONF(NETDEV_CHANGE): eno1: link becomes ready
[   39.536409] Compat-mlnx-ofed backport release: 6a3b71e
[   39.536411] Backport based on mlnx_ofed/mlnx-ofa_kernel-4.0.git 6a3b71e
[   39.536411] compat.git: mlnx_ofed/mlnx-ofa_kernel-4.0.git
[   39.541394] mlx4_core: Mellanox ConnectX core driver v4.9-6.0.6
[   39.541437] mlx4_core: Initializing 0000:82:00.0
[   41.007353] ixgbe 0000:03:00.0: removed PHC on enp3s0f0
[   41.078923] ixgbe 0000:03:00.1: removed PHC on enp3s0f1
[   44.339443] mlx4_core: device is working in RoCE mode: Roce V1
[   44.339444] mlx4_core: UD QP Gid type is: V1
[   45.679676] mlx4_core 0000:82:00.0: DMFS high rate steer mode is: default performance
[   45.679966] mlx4_core 0000:82:00.0: 63.008 Gb/s available PCIe bandwidth (8 GT/s x8 link)
[   45.824570] <mlx4_ib> mlx4_ib_add: mlx4_ib: Mellanox ConnectX InfiniBand driver v4.9-6.0.6
[   45.825218] <mlx4_ib> mlx4_ib_add: counter index 0 for port 1 allocated 0
[   45.899363] mlx4_en: Mellanox ConnectX HCA Ethernet driver v4.9-6.0.6
[   46.212454] card: mlx4_0, QP: 0x220, inline size: 120
[   46.300501] iscsi: registered transport (iser)
[  110.005757] mlx4_core 0000:82:00.0: command 0x24 failed: fw status = 0x30
[  110.209398] mlx4_core 0000:82:00.0: command 0x24 failed: fw status = 0x30
[  110.413397] mlx4_core 0000:82:00.0: command 0x24 failed: fw status = 0x30
[  110.617332] mlx4_core 0000:82:00.0: command 0x24 failed: fw status = 0x30
[  123.401186] initializing IPOD
[  124.959902] FS-Cache: Loaded
[  125.042718] FS-Cache: Netfs 'nfs' registered for caching
[  127.933349] irq 62: Affinity broken due to vector space exhaustion.
[  127.933363] irq 63: Affinity broken due to vector space exhaustion.
[  127.933375] irq 64: Affinity broken due to vector space exhaustion.
[  127.933388] irq 65: Affinity broken due to vector space exhaustion.
[  127.933401] irq 66: Affinity broken due to vector space exhaustion.
[  127.933413] irq 67: Affinity broken due to vector space exhaustion.
[  127.933426] irq 68: Affinity broken due to vector space exhaustion.
[  127.933439] irq 69: Affinity broken due to vector space exhaustion.
[  127.933569] irq 80: Affinity broken due to vector space exhaustion.
[  127.933582] irq 81: Affinity broken due to vector space exhaustion.
[  127.933594] irq 82: Affinity broken due to vector space exhaustion.
[  127.933607] irq 83: Affinity broken due to vector space exhaustion.
[  127.933621] irq 84: Affinity broken due to vector space exhaustion.
[  127.933636] irq 85: Affinity broken due to vector space exhaustion.
[  127.933651] irq 86: Affinity broken due to vector space exhaustion.
[  127.933665] irq 87: Affinity broken due to vector space exhaustion.
[  127.933870] ixgbe 0000:03:00.0: registered PHC device on enp3s0f0
[  128.105973] ixgbe 0000:03:00.0 enp3s0f0: detected SFP+: 3
[  128.253575] ixgbe 0000:03:00.0 enp3s0f0: NIC Link is Up 10 Gbps, Flow Control: RX/TX
[  128.253741] IPv6: ADDRCONF(NETDEV_CHANGE): enp3s0f0: link becomes ready
[  130.405641] mlx4_core 0000:82:00.0: command 0x24 failed: fw status = 0x30
[  130.608823] mlx4_core 0000:82:00.0: command 0x24 failed: fw status = 0x30
[  130.812887] mlx4_core 0000:82:00.0: command 0x24 failed: fw status = 0x30
[  131.016789] mlx4_core 0000:82:00.0: command 0x24 failed: fw status = 0x30
[  152.528706] mlx4_core 0000:82:00.0: command 0x24 failed: fw status = 0x30
[  152.732498] mlx4_core 0000:82:00.0: command 0x24 failed: fw status = 0x30
[  152.936527] mlx4_core 0000:82:00.0: command 0x24 failed: fw status = 0x30
[  153.140500] mlx4_core 0000:82:00.0: command 0x24 failed: fw status = 0x30
[  172.928408] mlx4_core 0000:82:00.0: command 0x24 failed: fw status = 0x30
[  173.132013] mlx4_core 0000:82:00.0: command 0x24 failed: fw status = 0x30
[  173.335684] mlx4_core 0000:82:00.0: command 0x24 failed: fw status = 0x30
[  173.539953] mlx4_core 0000:82:00.0: command 0x24 failed: fw status = 0x30
[  195.051489] mlx4_core 0000:82:00.0: command 0x24 failed: fw status = 0x30
[  195.255450] mlx4_core 0000:82:00.0: command 0x24 failed: fw status = 0x30
[  195.459307] mlx4_core 0000:82:00.0: command 0x24 failed: fw status = 0x30
[  195.662983] mlx4_core 0000:82:00.0: command 0x24 failed: fw status = 0x30
[  215.450882] mlx4_core 0000:82:00.0: command 0x24 failed: fw status = 0x30
[  215.654652] mlx4_core 0000:82:00.0: command 0x24 failed: fw status = 0x30
[  215.858611] mlx4_core 0000:82:00.0: command 0x24 failed: fw status = 0x30
[  216.062639] mlx4_core 0000:82:00.0: command 0x24 failed: fw status = 0x30
[  237.578291] mlx4_core 0000:82:00.0: command 0x24 failed: fw status = 0x30
[  237.781917] mlx4_core 0000:82:00.0: command 0x24 failed: fw status = 0x30
[  237.985827] mlx4_core 0000:82:00.0: command 0x24 failed: fw status = 0x30
[  238.189846] mlx4_core 0000:82:00.0: command 0x24 failed: fw status = 0x30
[  257.978025] mlx4_core 0000:82:00.0: command 0x24 failed: fw status = 0x30
[  258.181531] mlx4_core 0000:82:00.0: command 0x24 failed: fw status = 0x30
[  258.385508] mlx4_core 0000:82:00.0: command 0x24 failed: fw status = 0x30
[  258.589438] mlx4_core 0000:82:00.0: command 0x24 failed: fw status = 0x30
[  280.105098] mlx4_core 0000:82:00.0: command 0x24 failed: fw status = 0x30
[  280.308880] mlx4_core 0000:82:00.0: command 0x24 failed: fw status = 0x30
[  280.512807] mlx4_core 0000:82:00.0: command 0x24 failed: fw status = 0x30
[  280.716708] mlx4_core 0000:82:00.0: command 0x24 failed: fw status = 0x30
[  300.504735] mlx4_core 0000:82:00.0: command 0x24 failed: fw status = 0x30
[  300.708059] mlx4_core 0000:82:00.0: command 0x24 failed: fw status = 0x30
[  300.912325] mlx4_core 0000:82:00.0: command 0x24 failed: fw status = 0x30
[  301.116051] mlx4_core 0000:82:00.0: command 0x24 failed: fw status = 0x30
[  322.635929] mlx4_core 0000:82:00.0: command 0x24 failed: fw status = 0x30
[  322.839668] mlx4_core 0000:82:00.0: command 0x24 failed: fw status = 0x30
[  323.043588] mlx4_core 0000:82:00.0: command 0x24 failed: fw status = 0x30
[  323.247583] mlx4_core 0000:82:00.0: command 0x24 failed: fw status = 0x30
[  343.035519] mlx4_core 0000:82:00.0: command 0x24 failed: fw status = 0x30
[  343.238747] mlx4_core 0000:82:00.0: command 0x24 failed: fw status = 0x30
[  343.442718] mlx4_core 0000:82:00.0: command 0x24 failed: fw status = 0x30
[  343.646865] mlx4_core 0000:82:00.0: command 0x24 failed: fw status = 0x30
[  365.966695] mlx4_core 0000:82:00.0: command 0x24 failed: fw status = 0x30
[  366.170580] mlx4_core 0000:82:00.0: command 0x24 failed: fw status = 0x30
[  366.374544] mlx4_core 0000:82:00.0: command 0x24 failed: fw status = 0x30
[  366.578448] mlx4_core 0000:82:00.0: command 0x24 failed: fw status = 0x30
[  386.366019] mlx4_core 0000:82:00.0: command 0x24 failed: fw status = 0x30
[  386.569752] mlx4_core 0000:82:00.0: command 0x24 failed: fw status = 0x30
[  386.773705] mlx4_core 0000:82:00.0: command 0x24 failed: fw status = 0x30
[  386.977704] mlx4_core 0000:82:00.0: command 0x24 failed: fw status = 0x30
[  407.677543] mlx4_core 0000:82:00.0: command 0x24 failed: fw status = 0x30
[  407.880948] mlx4_core 0000:82:00.0: command 0x24 failed: fw status = 0x30
[  408.084939] mlx4_core 0000:82:00.0: command 0x24 failed: fw status = 0x30
[  408.289093] mlx4_core 0000:82:00.0: command 0x24 failed: fw status = 0x30
[  428.076929] mlx4_core 0000:82:00.0: command 0x24 failed: fw status = 0x30
[  428.280675] mlx4_core 0000:82:00.0: command 0x24 failed: fw status = 0x30
[  428.484742] mlx4_core 0000:82:00.0: command 0x24 failed: fw status = 0x30
[  428.688601] mlx4_core 0000:82:00.0: command 0x24 failed: fw status = 0x30
[  449.396208] mlx4_core 0000:82:00.0: command 0x24 failed: fw status = 0x30
[  449.599894] mlx4_core 0000:82:00.0: command 0x24 failed: fw status = 0x30
[  449.804002] mlx4_core 0000:82:00.0: command 0x24 failed: fw status = 0x30
[  450.007867] mlx4_core 0000:82:00.0: command 0x24 failed: fw status = 0x30
[  469.795856] mlx4_core 0000:82:00.0: command 0x24 failed: fw status = 0x30
[  469.999462] mlx4_core 0000:82:00.0: command 0x24 failed: fw status = 0x30
[  470.203522] mlx4_core 0000:82:00.0: command 0x24 failed: fw status = 0x30
[  470.407634] mlx4_core 0000:82:00.0: command 0x24 failed: fw status = 0x30
[  491.110937] mlx4_core 0000:82:00.0: command 0x24 failed: fw status = 0x30
[  491.314776] mlx4_core 0000:82:00.0: command 0x24 failed: fw status = 0x30
[  491.518708] mlx4_core 0000:82:00.0: command 0x24 failed: fw status = 0x30
[  491.722725] mlx4_core 0000:82:00.0: command 0x24 failed: fw status = 0x30
[  511.510756] mlx4_core 0000:82:00.0: command 0x24 failed: fw status = 0x30
[  511.714355] mlx4_core 0000:82:00.0: command 0x24 failed: fw status = 0x30
[  511.918245] mlx4_core 0000:82:00.0: command 0x24 failed: fw status = 0x30
[  512.121991] mlx4_core 0000:82:00.0: command 0x24 failed: fw status = 0x30
[  532.825825] mlx4_core 0000:82:00.0: command 0x24 failed: fw status = 0x30
[  533.029637] mlx4_core 0000:82:00.0: command 0x24 failed: fw status = 0x30
[  533.233575] mlx4_core 0000:82:00.0: command 0x24 failed: fw status = 0x30
[  533.437607] mlx4_core 0000:82:00.0: command 0x24 failed: fw status = 0x30
[  553.225221] mlx4_core 0000:82:00.0: command 0x24 failed: fw status = 0x30
[  553.428903] mlx4_core 0000:82:00.0: command 0x24 failed: fw status = 0x30
[  553.632871] mlx4_core 0000:82:00.0: command 0x24 failed: fw status = 0x30
[  553.836848] mlx4_core 0000:82:00.0: command 0x24 failed: fw status = 0x30
[  574.540693] mlx4_core 0000:82:00.0: command 0x24 failed: fw status = 0x30
[  574.744533] mlx4_core 0000:82:00.0: command 0x24 failed: fw status = 0x30
[  574.948473] mlx4_core 0000:82:00.0: command 0x24 failed: fw status = 0x30
[  575.152179] mlx4_core 0000:82:00.0: command 0x24 failed: fw status = 0x30
[  594.940096] mlx4_core 0000:82:00.0: command 0x24 failed: fw status = 0x30
[  595.143787] mlx4_core 0000:82:00.0: command 0x24 failed: fw status = 0x30
[  595.347718] mlx4_core 0000:82:00.0: command 0x24 failed: fw status = 0x30
[  595.551759] mlx4_core 0000:82:00.0: command 0x24 failed: fw status = 0x30
[  617.063627] mlx4_core 0000:82:00.0: command 0x24 failed: fw status = 0x30
[  617.266968] mlx4_core 0000:82:00.0: command 0x24 failed: fw status = 0x30
[  617.471109] mlx4_core 0000:82:00.0: command 0x24 failed: fw status = 0x30
[  617.675033] mlx4_core 0000:82:00.0: command 0x24 failed: fw status = 0x30
[  637.463026] mlx4_core 0000:82:00.0: command 0x24 failed: fw status = 0x30
[  637.666699] mlx4_core 0000:82:00.0: command 0x24 failed: fw status = 0x30
[  637.870692] mlx4_core 0000:82:00.0: command 0x24 failed: fw status = 0x30
[  638.074810] mlx4_core 0000:82:00.0: command 0x24 failed: fw status = 0x30
[  659.590095] mlx4_core 0000:82:00.0: command 0x24 failed: fw status = 0x30
[  659.793913] mlx4_core 0000:82:00.0: command 0x24 failed: fw status = 0x30
[  659.997882] mlx4_core 0000:82:00.0: command 0x24 failed: fw status = 0x30
[  660.202066] mlx4_core 0000:82:00.0: command 0x24 failed: fw status = 0x30
[  679.989807] mlx4_core 0000:82:00.0: command 0x24 failed: fw status = 0x30
[  680.193504] mlx4_core 0000:82:00.0: command 0x24 failed: fw status = 0x30
[  680.397477] mlx4_core 0000:82:00.0: command 0x24 failed: fw status = 0x30
[  680.601525] mlx4_core 0000:82:00.0: command 0x24 failed: fw status = 0x30
[  702.116951] mlx4_core 0000:82:00.0: command 0x24 failed: fw status = 0x30
[  702.320922] mlx4_core 0000:82:00.0: command 0x24 failed: fw status = 0x30
[  702.524819] mlx4_core 0000:82:00.0: command 0x24 failed: fw status = 0x30
[  702.728825] mlx4_core 0000:82:00.0: command 0x24 failed: fw status = 0x30
[  722.516783] mlx4_core 0000:82:00.0: command 0x24 failed: fw status = 0x30
[  722.720284] mlx4_core 0000:82:00.0: command 0x24 failed: fw status = 0x30
[  722.923917] mlx4_core 0000:82:00.0: command 0x24 failed: fw status = 0x30
[  723.128439] mlx4_core 0000:82:00.0: command 0x24 failed: fw status = 0x30
[  744.643851] mlx4_core 0000:82:00.0: command 0x24 failed: fw status = 0x30
[  744.847657] mlx4_core 0000:82:00.0: command 0x24 failed: fw status = 0x30
[  745.051654] mlx4_core 0000:82:00.0: command 0x24 failed: fw status = 0x30
[  745.255594] mlx4_core 0000:82:00.0: command 0x24 failed: fw status = 0x30
[  765.043861] mlx4_core 0000:82:00.0: command 0x24 failed: fw status = 0x30
[  765.247035] mlx4_core 0000:82:00.0: command 0x24 failed: fw status = 0x30
[  765.451023] mlx4_core 0000:82:00.0: command 0x24 failed: fw status = 0x30
[  765.654991] mlx4_core 0000:82:00.0: command 0x24 failed: fw status = 0x30
[  787.170703] mlx4_core 0000:82:00.0: command 0x24 failed: fw status = 0x30
[  787.374162] mlx4_core 0000:82:00.0: command 0x24 failed: fw status = 0x30
[  787.578207] mlx4_core 0000:82:00.0: command 0x24 failed: fw status = 0x30
[  787.782136] mlx4_core 0000:82:00.0: command 0x24 failed: fw status = 0x30
[  807.570383] mlx4_core 0000:82:00.0: command 0x24 failed: fw status = 0x30
[  807.773827] mlx4_core 0000:82:00.0: command 0x24 failed: fw status = 0x30
[  807.977880] mlx4_core 0000:82:00.0: command 0x24 failed: fw status = 0x30
[  808.181788] mlx4_core 0000:82:00.0: command 0x24 failed: fw status = 0x30
[  829.697192] mlx4_core 0000:82:00.0: command 0x24 failed: fw status = 0x30
[  829.901245] mlx4_core 0000:82:00.0: command 0x24 failed: fw status = 0x30
[  830.105084] mlx4_core 0000:82:00.0: command 0x24 failed: fw status = 0x30
[  830.309272] mlx4_core 0000:82:00.0: command 0x24 failed: fw status = 0x30
[  850.097013] mlx4_core 0000:82:00.0: command 0x24 failed: fw status = 0x30
[  850.300687] mlx4_core 0000:82:00.0: command 0x24 failed: fw status = 0x30
[  850.504636] mlx4_core 0000:82:00.0: command 0x24 failed: fw status = 0x30
[  850.708627] mlx4_core 0000:82:00.0: command 0x24 failed: fw status = 0x30
[  872.220159] mlx4_core 0000:82:00.0: command 0x24 failed: fw status = 0x30
[  872.424067] mlx4_core 0000:82:00.0: command 0x24 failed: fw status = 0x30
[  872.627935] mlx4_core 0000:82:00.0: command 0x24 failed: fw status = 0x30
[  872.831955] mlx4_core 0000:82:00.0: command 0x24 failed: fw status = 0x30
[  892.619834] mlx4_core 0000:82:00.0: command 0x24 failed: fw status = 0x30
[  892.823207] mlx4_core 0000:82:00.0: command 0x24 failed: fw status = 0x30
[  893.027455] mlx4_core 0000:82:00.0: command 0x24 failed: fw status = 0x30
[  893.231245] mlx4_core 0000:82:00.0: command 0x24 failed: fw status = 0x30
[  914.742965] mlx4_core 0000:82:00.0: command 0x24 failed: fw status = 0x30
[  914.946923] mlx4_core 0000:82:00.0: command 0x24 failed: fw status = 0x30
[  915.150845] mlx4_core 0000:82:00.0: command 0x24 failed: fw status = 0x30
[  915.354768] mlx4_core 0000:82:00.0: command 0x24 failed: fw status = 0x30
[  935.142744] mlx4_core 0000:82:00.0: command 0x24 failed: fw status = 0x30
[  935.345945] mlx4_core 0000:82:00.0: command 0x24 failed: fw status = 0x30
[  935.550256] mlx4_core 0000:82:00.0: command 0x24 failed: fw status = 0x30
[  935.754051] mlx4_core 0000:82:00.0: command 0x24 failed: fw status = 0x30
[  957.269895] mlx4_core 0000:82:00.0: command 0x24 failed: fw status = 0x30
[  957.473806] mlx4_core 0000:82:00.0: command 0x24 failed: fw status = 0x30
[  957.677673] mlx4_core 0000:82:00.0: command 0x24 failed: fw status = 0x30
[  957.881704] mlx4_core 0000:82:00.0: command 0x24 failed: fw status = 0x30
[  977.669336] mlx4_core 0000:82:00.0: command 0x24 failed: fw status = 0x30
[  977.872738] mlx4_core 0000:82:00.0: command 0x24 failed: fw status = 0x30
[  978.077137] mlx4_core 0000:82:00.0: command 0x24 failed: fw status = 0x30
[  978.280966] mlx4_core 0000:82:00.0: command 0x24 failed: fw status = 0x30
[  999.796711] mlx4_core 0000:82:00.0: command 0x24 failed: fw status = 0x30
[ 1000.000272] mlx4_core 0000:82:00.0: command 0x24 failed: fw status = 0x30
[ 1000.204367] mlx4_core 0000:82:00.0: command 0x24 failed: fw status = 0x30
[ 1000.408124] mlx4_core 0000:82:00.0: command 0x24 failed: fw status = 0x30
[ 1020.196275] mlx4_core 0000:82:00.0: command 0x24 failed: fw status = 0x30
[ 1020.400010] mlx4_core 0000:82:00.0: command 0x24 failed: fw status = 0x30
[ 1020.603876] mlx4_core 0000:82:00.0: command 0x24 failed: fw status = 0x30
[ 1020.807833] mlx4_core 0000:82:00.0: command 0x24 failed: fw status = 0x30
[ 1042.323319] mlx4_core 0000:82:00.0: command 0x24 failed: fw status = 0x30
[ 1042.527107] mlx4_core 0000:82:00.0: command 0x24 failed: fw status = 0x30
[ 1042.731080] mlx4_core 0000:82:00.0: command 0x24 failed: fw status = 0x30
[ 1042.935071] mlx4_core 0000:82:00.0: command 0x24 failed: fw status = 0x30
[ 1062.723123] mlx4_core 0000:82:00.0: command 0x24 failed: fw status = 0x30
[ 1062.926677] mlx4_core 0000:82:00.0: command 0x24 failed: fw status = 0x30
[ 1063.130696] mlx4_core 0000:82:00.0: command 0x24 failed: fw status = 0x30
[ 1063.334702] mlx4_core 0000:82:00.0: command 0x24 failed: fw status = 0x30
[ 1084.850143] mlx4_core 0000:82:00.0: command 0x24 failed: fw status = 0x30
[ 1085.054188] mlx4_core 0000:82:00.0: command 0x24 failed: fw status = 0x30
[ 1085.257990] mlx4_core 0000:82:00.0: command 0x24 failed: fw status = 0x30
[ 1085.462104] mlx4_core 0000:82:00.0: command 0x24 failed: fw status = 0x30
[ 1105.250025] mlx4_core 0000:82:00.0: command 0x24 failed: fw status = 0x30
[ 1105.453274] mlx4_core 0000:82:00.0: command 0x24 failed: fw status = 0x30
[ 1105.657252] mlx4_core 0000:82:00.0: command 0x24 failed: fw status = 0x30
[ 1105.861231] mlx4_core 0000:82:00.0: command 0x24 failed: fw status = 0x30
[ 1127.372991] mlx4_core 0000:82:00.0: command 0x24 failed: fw status = 0x30
[ 1127.576840] mlx4_core 0000:82:00.0: command 0x24 failed: fw status = 0x30
[ 1127.780880] mlx4_core 0000:82:00.0: command 0x24 failed: fw status = 0x30
[ 1127.984844] mlx4_core 0000:82:00.0: command 0x24 failed: fw status = 0x30
[ 1147.772751] mlx4_core 0000:82:00.0: command 0x24 failed: fw status = 0x30
[ 1147.976145] mlx4_core 0000:82:00.0: command 0x24 failed: fw status = 0x30
[ 1148.179849] mlx4_core 0000:82:00.0: command 0x24 failed: fw status = 0x30
[ 1148.384312] mlx4_core 0000:82:00.0: command 0x24 failed: fw status = 0x30
[ 1169.895947] mlx4_core 0000:82:00.0: command 0x24 failed: fw status = 0x30
[ 1170.099440] mlx4_core 0000:82:00.0: command 0x24 failed: fw status = 0x30
[ 1170.303369] mlx4_core 0000:82:00.0: command 0x24 failed: fw status = 0x30
[ 1170.507429] mlx4_core 0000:82:00.0: command 0x24 failed: fw status = 0x30
[ 1190.295531] mlx4_core 0000:82:00.0: command 0x24 failed: fw status = 0x30
[ 1190.499006] mlx4_core 0000:82:00.0: command 0x24 failed: fw status = 0x30
[ 1190.703027] mlx4_core 0000:82:00.0: command 0x24 failed: fw status = 0x30
[ 1190.906941] mlx4_core 0000:82:00.0: command 0x24 failed: fw status = 0x30
[ 1212.422749] mlx4_core 0000:82:00.0: command 0x24 failed: fw status = 0x30
[ 1212.626237] mlx4_core 0000:82:00.0: command 0x24 failed: fw status = 0x30
[ 1212.830366] mlx4_core 0000:82:00.0: command 0x24 failed: fw status = 0x30
[ 1213.034218] mlx4_core 0000:82:00.0: command 0x24 failed: fw status = 0x30
[ 1232.822117] mlx4_core 0000:82:00.0: command 0x24 failed: fw status = 0x30
[ 1233.025898] mlx4_core 0000:82:00.0: command 0x24 failed: fw status = 0x30
[ 1233.229924] mlx4_core 0000:82:00.0: command 0x24 failed: fw status = 0x30
[ 1233.433831] mlx4_core 0000:82:00.0: command 0x24 failed: fw status = 0x30
[ 1254.949249] mlx4_core 0000:82:00.0: command 0x24 failed: fw status = 0x30
[ 1255.153114] mlx4_core 0000:82:00.0: command 0x24 failed: fw status = 0x30
[ 1255.357115] mlx4_core 0000:82:00.0: command 0x24 failed: fw status = 0x30
[ 1255.561122] mlx4_core 0000:82:00.0: command 0x24 failed: fw status = 0x30
[ 1275.349076] mlx4_core 0000:82:00.0: command 0x24 failed: fw status = 0x30
[ 1275.552449] mlx4_core 0000:82:00.0: command 0x24 failed: fw status = 0x30
[ 1275.756675] mlx4_core 0000:82:00.0: command 0x24 failed: fw status = 0x30
[ 1275.960457] mlx4_core 0000:82:00.0: command 0x24 failed: fw status = 0x30
[ 1297.476165] mlx4_core 0000:82:00.0: command 0x24 failed: fw status = 0x30
[ 1297.680130] mlx4_core 0000:82:00.0: command 0x24 failed: fw status = 0x30
[ 1297.884012] mlx4_core 0000:82:00.0: command 0x24 failed: fw status = 0x30
[ 1298.088029] mlx4_core 0000:82:00.0: command 0x24 failed: fw status = 0x30
[ 1317.875934] mlx4_core 0000:82:00.0: command 0x24 failed: fw status = 0x30
[ 1318.079504] mlx4_core 0000:82:00.0: command 0x24 failed: fw status = 0x30
[ 1318.283474] mlx4_core 0000:82:00.0: command 0x24 failed: fw status = 0x30
[ 1318.487390] mlx4_core 0000:82:00.0: command 0x24 failed: fw status = 0x30
[ 1340.807082] mlx4_core 0000:82:00.0: command 0x24 failed: fw status = 0x30
[ 1341.010855] mlx4_core 0000:82:00.0: command 0x24 failed: fw status = 0x30
[ 1341.214880] mlx4_core 0000:82:00.0: command 0x24 failed: fw status = 0x30
[ 1341.418707] mlx4_core 0000:82:00.0: command 0x24 failed: fw status = 0x30
[ 1361.206410] mlx4_core 0000:82:00.0: command 0x24 failed: fw status = 0x30
[ 1361.410327] mlx4_core 0000:82:00.0: command 0x24 failed: fw status = 0x30
[ 1361.614293] mlx4_core 0000:82:00.0: command 0x24 failed: fw status = 0x30
[ 1361.817889] mlx4_core 0000:82:00.0: command 0x24 failed: fw status = 0x30
[ 1382.525923] mlx4_core 0000:82:00.0: command 0x24 failed: fw status = 0x30
[ 1382.729688] mlx4_core 0000:82:00.0: command 0x24 failed: fw status = 0x30
[ 1382.933553] mlx4_core 0000:82:00.0: command 0x24 failed: fw status = 0x30
[ 1383.137379] mlx4_core 0000:82:00.0: command 0x24 failed: fw status = 0x30
[ 1402.925523] mlx4_core 0000:82:00.0: command 0x24 failed: fw status = 0x30
[ 1403.129068] mlx4_core 0000:82:00.0: command 0x24 failed: fw status = 0x30
